[2021-05-18T07:55:32.869+0000][7][gc] Using G1
[2021-05-18T07:55:33.523+0000][7][gc,init] Version: 16+36 (release)
[2021-05-18T07:55:33.523+0000][7][gc,init] CPUs: 5 total, 5 available
[2021-05-18T07:55:33.523+0000][7][gc,init] Memory: 7973M
[2021-05-18T07:55:33.523+0000][7][gc,init] Large Page Support: Disabled
[2021-05-18T07:55:33.523+0000][7][gc,init] NUMA Support: Disabled
[2021-05-18T07:55:33.523+0000][7][gc,init] Compressed Oops: Enabled (Zero based)
[2021-05-18T07:55:33.523+0000][7][gc,init] Heap Region Size: 4M
[2021-05-18T07:55:33.523+0000][7][gc,init] Heap Min Capacity: 3988M
[2021-05-18T07:55:33.523+0000][7][gc,init] Heap Initial Capacity: 3988M
[2021-05-18T07:55:33.523+0000][7][gc,init] Heap Max Capacity: 3988M
[2021-05-18T07:55:33.523+0000][7][gc,init] Pre-touch: Enabled
[2021-05-18T07:55:33.523+0000][7][gc,init] Parallel Workers: 5
[2021-05-18T07:55:33.523+0000][7][gc,init] Concurrent Workers: 1
[2021-05-18T07:55:33.523+0000][7][gc,init] Concurrent Refinement Workers: 5
[2021-05-18T07:55:33.523+0000][7][gc,init] Periodic GC: Disabled
[2021-05-18T07:55:33.523+0000][7][gc,metaspace] CDS archive(s) mapped at: [0x0000000800000000-0x0000000800bea000-0x0000000800bea000), size 12492800, SharedBaseAddress: 0x0000000800000000, ArchiveRelocationMode: 0.
[2021-05-18T07:55:33.523+0000][7][gc,metaspace] Compressed class space mapped at: 0x0000000800c00000-0x0000000840c00000, reserved size: 1073741824
[2021-05-18T07:55:33.524+0000][7][gc,metaspace] Narrow klass base: 0x0000000800000000, Narrow klass shift: 3, Narrow klass range: 0x100000000
[2021-05-18T07:55:34.723+0000][7][safepoint   ] Safepoint "ICBufferFull", Time since last: 1187175500 ns, Reaching safepoint: 237800 ns, At safepoint: 43900 ns, Total: 281700 ns
[2021-05-18T07:55:35.779+0000][7][safepoint   ] Safepoint "Cleanup", Time since last: 1054387100 ns, Reaching safepoint: 820700 ns, At safepoint: 9700 ns, Total: 830400 ns
[2021-05-18T07:55:37.153+0000][7][safepoint   ] Safepoint "Cleanup", Time since last: 1374491500 ns, Reaching safepoint: 176700 ns, At safepoint: 60800 ns, Total: 237500 ns
[2021-05-18T07:55:39.004+0000][7][safepoint   ] Safepoint "Cleanup", Time since last: 1850124500 ns, Reaching safepoint: 219500 ns, At safepoint: 7400 ns, Total: 226900 ns
[2021-05-18T07:55:40.135+0000][7][safepoint   ] Safepoint "Cleanup", Time since last: 1130693900 ns, Reaching safepoint: 388900 ns, At safepoint: 38200 ns, Total: 427100 ns
[2021-05-18T07:55:41.143+0000][7][safepoint   ] Safepoint "Cleanup", Time since last: 1007876000 ns, Reaching safepoint: 161700 ns, At safepoint: 7000 ns, Total: 168700 ns
[2021-05-18T07:55:42.147+0000][7][safepoint   ] Safepoint "Cleanup", Time since last: 1003497300 ns, Reaching safepoint: 93700 ns, At safepoint: 6700 ns, Total: 100400 ns
[2021-05-18T07:55:42.521+0000][7][safepoint   ] Safepoint "ICBufferFull", Time since last: 374637100 ns, Reaching safepoint: 116700 ns, At safepoint: 7100 ns, Total: 123800 ns
[2021-05-18T07:55:42.594+0000][7][safepoint   ] Safepoint "ICBufferFull", Time since last: 72370200 ns, Reaching safepoint: 110600 ns, At safepoint: 7400 ns, Total: 118000 ns
[2021-05-18T07:55:42.601+0000][7][safepoint   ] Safepoint "ICBufferFull", Time since last: 6971000 ns, Reaching safepoint: 122100 ns, At safepoint: 8000 ns, Total: 130100 ns
[2021-05-18T07:55:42.613+0000][7][safepoint   ] Safepoint "ICBufferFull", Time since last: 12055400 ns, Reaching safepoint: 127500 ns, At safepoint: 50200 ns, Total: 177700 ns
[2021-05-18T07:55:42.645+0000][7][safepoint   ] Safepoint "ICBufferFull", Time since last: 31850700 ns, Reaching safepoint: 94500 ns, At safepoint: 7100 ns, Total: 101600 ns
[2021-05-18T07:55:42.649+0000][7][safepoint   ] Safepoint "ICBufferFull", Time since last: 3774400 ns, Reaching safepoint: 94200 ns, At safepoint: 5300 ns, Total: 99500 ns
[2021-05-18T07:55:42.680+0000][7][safepoint   ] Safepoint "ICBufferFull", Time since last: 30623000 ns, Reaching safepoint: 160600 ns, At safepoint: 6900 ns, Total: 167500 ns
[2021-05-18T07:55:42.698+0000][7][safepoint   ] Safepoint "ICBufferFull", Time since last: 15382000 ns, Reaching safepoint: 2843100 ns, At safepoint: 11100 ns, Total: 2854200 ns
[2021-05-18T07:55:42.710+0000][7][safepoint   ] Safepoint "ICBufferFull", Time since last: 11731100 ns, Reaching safepoint: 158400 ns, At safepoint: 8600 ns, Total: 167000 ns
[2021-05-18T07:55:42.727+0000][7][safepoint   ] Safepoint "ICBufferFull", Time since last: 17057100 ns, Reaching safepoint: 156300 ns, At safepoint: 6700 ns, Total: 163000 ns
[2021-05-18T07:55:42.743+0000][7][safepoint   ] Safepoint "ICBufferFull", Time since last: 15604300 ns, Reaching safepoint: 106400 ns, At safepoint: 8300 ns, Total: 114700 ns
[2021-05-18T07:55:42.760+0000][7][safepoint   ] Safepoint "ICBufferFull", Time since last: 17071800 ns, Reaching safepoint: 215800 ns, At safepoint: 43100 ns, Total: 258900 ns
[2021-05-18T07:55:42.774+0000][7][safepoint   ] Safepoint "ICBufferFull", Time since last: 13772000 ns, Reaching safepoint: 212900 ns, At safepoint: 6900 ns, Total: 219800 ns
[2021-05-18T07:55:42.793+0000][7][safepoint   ] Safepoint "ICBufferFull", Time since last: 18924900 ns, Reaching safepoint: 140400 ns, At safepoint: 8300 ns, Total: 148700 ns
[2021-05-18T07:55:42.809+0000][7][safepoint   ] Safepoint "ICBufferFull", Time since last: 15500100 ns, Reaching safepoint: 114000 ns, At safepoint: 6800 ns, Total: 120800 ns
[2021-05-18T07:55:42.834+0000][7][safepoint   ] Safepoint "ICBufferFull", Time since last: 22473100 ns, Reaching safepoint: 2189400 ns, At safepoint: 10100 ns, Total: 2199500 ns
[2021-05-18T07:55:42.855+0000][7][safepoint   ] Safepoint "ICBufferFull", Time since last: 7734400 ns, Reaching safepoint: 12857800 ns, At safepoint: 1361400 ns, Total: 14219200 ns
[2021-05-18T07:55:42.905+0000][7][safepoint   ] Safepoint "ICBufferFull", Time since last: 49490800 ns, Reaching safepoint: 129500 ns, At safepoint: 7400 ns, Total: 136900 ns
[2021-05-18T07:55:42.939+0000][7][safepoint   ] Safepoint "ICBufferFull", Time since last: 33534700 ns, Reaching safepoint: 101300 ns, At safepoint: 6100 ns, Total: 107400 ns
[2021-05-18T07:55:42.941+0000][7][safepoint   ] Safepoint "ICBufferFull", Time since last: 2116900 ns, Reaching safepoint: 28300 ns, At safepoint: 5000 ns, Total: 33300 ns
[2021-05-18T07:55:42.942+0000][7][safepoint   ] Safepoint "ICBufferFull", Time since last: 1482700 ns, Reaching safepoint: 111000 ns, At safepoint: 6700 ns, Total: 117700 ns
[2021-05-18T07:55:42.954+0000][7][safepoint   ] Safepoint "ICBufferFull", Time since last: 11395600 ns, Reaching safepoint: 111700 ns, At safepoint: 36000 ns, Total: 147700 ns
[2021-05-18T07:55:42.956+0000][7][safepoint   ] Safepoint "ICBufferFull", Time since last: 1935500 ns, Reaching safepoint: 128600 ns, At safepoint: 46100 ns, Total: 174700 ns
[2021-05-18T07:55:42.969+0000][7][safepoint   ] Safepoint "ICBufferFull", Time since last: 12736200 ns, Reaching safepoint: 136300 ns, At safepoint: 7100 ns, Total: 143400 ns
[2021-05-18T07:55:42.978+0000][7][safepoint   ] Safepoint "ICBufferFull", Time since last: 8841500 ns, Reaching safepoint: 44800 ns, At safepoint: 6900 ns, Total: 51700 ns
[2021-05-18T07:55:42.993+0000][7][safepoint   ] Safepoint "ICBufferFull", Time since last: 11292000 ns, Reaching safepoint: 3391500 ns, At safepoint: 38700 ns, Total: 3430200 ns
[2021-05-18T07:55:42.995+0000][7][safepoint   ] Safepoint "ICBufferFull", Time since last: 1924100 ns, Reaching safepoint: 127200 ns, At safepoint: 7600 ns, Total: 134800 ns
[2021-05-18T07:55:42.997+0000][7][safepoint   ] Safepoint "ICBufferFull", Time since last: 1897100 ns, Reaching safepoint: 119500 ns, At safepoint: 7000 ns, Total: 126500 ns
[2021-05-18T07:55:43.005+0000][7][safepoint   ] Safepoint "ICBufferFull", Time since last: 8161600 ns, Reaching safepoint: 111400 ns, At safepoint: 9000 ns, Total: 120400 ns
[2021-05-18T07:55:43.007+0000][7][safepoint   ] Safepoint "ICBufferFull", Time since last: 2006800 ns, Reaching safepoint: 107100 ns, At safepoint: 6300 ns, Total: 113400 ns
[2021-05-18T07:55:43.010+0000][7][safepoint   ] Safepoint "ICBufferFull", Time since last: 2752900 ns, Reaching safepoint: 111000 ns, At safepoint: 7100 ns, Total: 118100 ns
[2021-05-18T07:55:43.013+0000][7][safepoint   ] Safepoint "ICBufferFull", Time since last: 1909800 ns, Reaching safepoint: 1055600 ns, At safepoint: 8900 ns, Total: 1064500 ns
[2021-05-18T07:55:43.015+0000][7][safepoint   ] Safepoint "ICBufferFull", Time since last: 1747100 ns, Reaching safepoint: 111000 ns, At safepoint: 7500 ns, Total: 118500 ns
[2021-05-18T07:55:43.016+0000][7][safepoint   ] Safepoint "ICBufferFull", Time since last: 1458100 ns, Reaching safepoint: 125800 ns, At safepoint: 6300 ns, Total: 132100 ns
[2021-05-18T07:55:43.018+0000][7][safepoint   ] Safepoint "ICBufferFull", Time since last: 1830400 ns, Reaching safepoint: 114500 ns, At safepoint: 35800 ns, Total: 150300 ns
[2021-05-18T07:55:43.021+0000][7][safepoint   ] Safepoint "ICBufferFull", Time since last: 2924100 ns, Reaching safepoint: 121000 ns, At safepoint: 6800 ns, Total: 127800 ns
[2021-05-18T07:55:44.064+0000][7][safepoint   ] Safepoint "Cleanup", Time since last: 1042006900 ns, Reaching safepoint: 114000 ns, At safepoint: 7100 ns, Total: 121100 ns
[2021-05-18T07:55:44.946+0000][7][gc,start    ] GC(0) Pause Young (Normal) (G1 Evacuation Pause)
[2021-05-18T07:55:44.946+0000][7][gc,task     ] GC(0) Using 5 workers of 5 for evacuation
[2021-05-18T07:55:44.946+0000][7][gc,age      ] GC(0) Desired survivor size 14680064 bytes, new threshold 15 (max threshold 15)
[2021-05-18T07:55:45.006+0000][7][gc,age      ] GC(0) Age table with threshold 15 (max threshold 15)
[2021-05-18T07:55:45.006+0000][7][gc,age      ] GC(0) - age   1:   10578736 bytes,   10578736 total
[2021-05-18T07:55:45.006+0000][7][gc,phases   ] GC(0)   Pre Evacuate Collection Set: 0.2ms
[2021-05-18T07:55:45.006+0000][7][gc,phases   ] GC(0)   Merge Heap Roots: 0.1ms
[2021-05-18T07:55:45.006+0000][7][gc,phases   ] GC(0)   Evacuate Collection Set: 56.8ms
[2021-05-18T07:55:45.006+0000][7][gc,phases   ] GC(0)   Post Evacuate Collection Set: 2.4ms
[2021-05-18T07:55:45.006+0000][7][gc,phases   ] GC(0)   Other: 0.3ms
[2021-05-18T07:55:45.006+0000][7][gc,heap     ] GC(0) Eden regions: 49->0(46)
[2021-05-18T07:55:45.006+0000][7][gc,heap     ] GC(0) Survivor regions: 0->3(7)
[2021-05-18T07:55:45.006+0000][7][gc,heap     ] GC(0) Old regions: 0->0
[2021-05-18T07:55:45.006+0000][7][gc,heap     ] GC(0) Archive regions: 2->2
[2021-05-18T07:55:45.006+0000][7][gc,heap     ] GC(0) Humongous regions: 0->0
[2021-05-18T07:55:45.006+0000][7][gc,metaspace] GC(0) Metaspace: 17786K(17984K)->17786K(17984K) NonClass: 15689K(15808K)->15689K(15808K) Class: 2096K(2176K)->2096K(2176K)
[2021-05-18T07:55:45.006+0000][7][gc          ] GC(0) Pause Young (Normal) (G1 Evacuation Pause) 199M->14M(3988M) 59.911ms
[2021-05-18T07:55:45.006+0000][7][gc,cpu      ] GC(0) User=0.10s Sys=0.01s Real=0.06s
[2021-05-18T07:55:45.006+0000][7][safepoint   ] Safepoint "G1CollectForAllocation", Time since last: 882265800 ns, Reaching safepoint: 203500 ns, At safepoint: 60030200 ns, Total: 60233700 ns
[2021-05-18T07:55:46.203+0000][7][gc,start    ] GC(1) Pause Young (Normal) (G1 Evacuation Pause)
[2021-05-18T07:55:46.203+0000][7][gc,task     ] GC(1) Using 5 workers of 5 for evacuation
[2021-05-18T07:55:46.203+0000][7][gc,age      ] GC(1) Desired survivor size 14680064 bytes, new threshold 15 (max threshold 15)
[2021-05-18T07:55:46.227+0000][7][gc,age      ] GC(1) Age table with threshold 15 (max threshold 15)
[2021-05-18T07:55:46.227+0000][7][gc,age      ] GC(1) - age   1:    2345128 bytes,    2345128 total
[2021-05-18T07:55:46.227+0000][7][gc,age      ] GC(1) - age   2:   10137112 bytes,   12482240 total
[2021-05-18T07:55:46.227+0000][7][gc,phases   ] GC(1)   Pre Evacuate Collection Set: 0.9ms
[2021-05-18T07:55:46.227+0000][7][gc,phases   ] GC(1)   Merge Heap Roots: 0.6ms
[2021-05-18T07:55:46.227+0000][7][gc,phases   ] GC(1)   Evacuate Collection Set: 21.1ms
[2021-05-18T07:55:46.227+0000][7][gc,phases   ] GC(1)   Post Evacuate Collection Set: 1.3ms
[2021-05-18T07:55:46.227+0000][7][gc,phases   ] GC(1)   Other: 0.4ms
[2021-05-18T07:55:46.227+0000][7][gc,heap     ] GC(1) Eden regions: 46->0(45)
[2021-05-18T07:55:46.227+0000][7][gc,heap     ] GC(1) Survivor regions: 3->4(7)
[2021-05-18T07:55:46.227+0000][7][gc,heap     ] GC(1) Old regions: 0->0
[2021-05-18T07:55:46.227+0000][7][gc,heap     ] GC(1) Archive regions: 2->2
[2021-05-18T07:55:46.227+0000][7][gc,heap     ] GC(1) Humongous regions: 0->0
[2021-05-18T07:55:46.227+0000][7][gc,metaspace] GC(1) Metaspace: 18318K(18688K)->18318K(18688K) NonClass: 16157K(16384K)->16157K(16384K) Class: 2160K(2304K)->2160K(2304K)
[2021-05-18T07:55:46.227+0000][7][gc          ] GC(1) Pause Young (Normal) (G1 Evacuation Pause) 198M->16M(3988M) 24.326ms
[2021-05-18T07:55:46.227+0000][7][gc,cpu      ] GC(1) User=0.06s Sys=0.00s Real=0.02s
[2021-05-18T07:55:46.227+0000][7][safepoint   ] Safepoint "G1CollectForAllocation", Time since last: 1196116300 ns, Reaching safepoint: 684100 ns, At safepoint: 24525400 ns, Total: 25209500 ns
[2021-05-18T07:55:47.229+0000][7][safepoint   ] Safepoint "Cleanup", Time since last: 1000151500 ns, Reaching safepoint: 1486700 ns, At safepoint: 10200 ns, Total: 1496900 ns
[2021-05-18T07:55:47.711+0000][7][gc,start    ] GC(2) Pause Young (Normal) (G1 Evacuation Pause)
[2021-05-18T07:55:47.711+0000][7][gc,task     ] GC(2) Using 5 workers of 5 for evacuation
[2021-05-18T07:55:47.711+0000][7][gc,age      ] GC(2) Desired survivor size 14680064 bytes, new threshold 15 (max threshold 15)
[2021-05-18T07:55:47.738+0000][7][gc,age      ] GC(2) Age table with threshold 15 (max threshold 15)
[2021-05-18T07:55:47.738+0000][7][gc,age      ] GC(2) - age   1:    2349824 bytes,    2349824 total
[2021-05-18T07:55:47.738+0000][7][gc,age      ] GC(2) - age   2:    1926384 bytes,    4276208 total
[2021-05-18T07:55:47.738+0000][7][gc,age      ] GC(2) - age   3:   10136016 bytes,   14412224 total
[2021-05-18T07:55:47.738+0000][7][gc,phases   ] GC(2)   Pre Evacuate Collection Set: 0.2ms
[2021-05-18T07:55:47.738+0000][7][gc,phases   ] GC(2)   Merge Heap Roots: 0.1ms
[2021-05-18T07:55:47.738+0000][7][gc,phases   ] GC(2)   Evacuate Collection Set: 24.9ms
[2021-05-18T07:55:47.738+0000][7][gc,phases   ] GC(2)   Post Evacuate Collection Set: 1.3ms
[2021-05-18T07:55:47.738+0000][7][gc,phases   ] GC(2)   Other: 0.3ms
[2021-05-18T07:55:47.738+0000][7][gc,heap     ] GC(2) Eden regions: 45->0(45)
[2021-05-18T07:55:47.738+0000][7][gc,heap     ] GC(2) Survivor regions: 4->4(7)
[2021-05-18T07:55:47.738+0000][7][gc,heap     ] GC(2) Old regions: 0->0
[2021-05-18T07:55:47.738+0000][7][gc,heap     ] GC(2) Archive regions: 2->2
[2021-05-18T07:55:47.738+0000][7][gc,heap     ] GC(2) Humongous regions: 0->0
[2021-05-18T07:55:47.738+0000][7][gc,metaspace] GC(2) Metaspace: 18852K(19200K)->18852K(19200K) NonClass: 16610K(16832K)->16610K(16832K) Class: 2242K(2368K)->2242K(2368K)
[2021-05-18T07:55:47.738+0000][7][gc          ] GC(2) Pause Young (Normal) (G1 Evacuation Pause) 196M->18M(3988M) 26.945ms
[2021-05-18T07:55:47.738+0000][7][gc,cpu      ] GC(2) User=0.07s Sys=0.00s Real=0.03s
[2021-05-18T07:55:47.738+0000][7][safepoint   ] Safepoint "G1CollectForAllocation", Time since last: 481714000 ns, Reaching safepoint: 59100 ns, At safepoint: 27202200 ns, Total: 27261300 ns
[2021-05-18T07:55:48.654+0000][7][gc,start    ] GC(3) Pause Young (Normal) (G1 Evacuation Pause)
[2021-05-18T07:55:48.654+0000][7][gc,task     ] GC(3) Using 5 workers of 5 for evacuation
[2021-05-18T07:55:48.654+0000][7][gc,age      ] GC(3) Desired survivor size 14680064 bytes, new threshold 15 (max threshold 15)
[2021-05-18T07:55:48.667+0000][7][gc,age      ] GC(3) Age table with threshold 15 (max threshold 15)
[2021-05-18T07:55:48.667+0000][7][gc,age      ] GC(3) - age   1:    2955240 bytes,    2955240 total
[2021-05-18T07:55:48.667+0000][7][gc,age      ] GC(3) - age   2:    1872064 bytes,    4827304 total
[2021-05-18T07:55:48.667+0000][7][gc,age      ] GC(3) - age   3:    1926320 bytes,    6753624 total
[2021-05-18T07:55:48.667+0000][7][gc,age      ] GC(3) - age   4:   10132088 bytes,   16885712 total
[2021-05-18T07:55:48.667+0000][7][gc,phases   ] GC(3)   Pre Evacuate Collection Set: 1.0ms
[2021-05-18T07:55:48.667+0000][7][gc,phases   ] GC(3)   Merge Heap Roots: 0.2ms
[2021-05-18T07:55:48.667+0000][7][gc,phases   ] GC(3)   Evacuate Collection Set: 9.9ms
[2021-05-18T07:55:48.667+0000][7][gc,phases   ] GC(3)   Post Evacuate Collection Set: 1.5ms
[2021-05-18T07:55:48.667+0000][7][gc,phases   ] GC(3)   Other: 0.4ms
[2021-05-18T07:55:48.667+0000][7][gc,heap     ] GC(3) Eden regions: 45->0(52)
[2021-05-18T07:55:48.667+0000][7][gc,heap     ] GC(3) Survivor regions: 4->5(7)
[2021-05-18T07:55:48.667+0000][7][gc,heap     ] GC(3) Old regions: 0->0
[2021-05-18T07:55:48.667+0000][7][gc,heap     ] GC(3) Archive regions: 2->2
[2021-05-18T07:55:48.667+0000][7][gc,heap     ] GC(3) Humongous regions: 0->0
[2021-05-18T07:55:48.667+0000][7][gc,metaspace] GC(3) Metaspace: 19118K(19520K)->19118K(19520K) NonClass: 16846K(17088K)->16846K(17088K) Class: 2272K(2432K)->2272K(2432K)
[2021-05-18T07:55:48.667+0000][7][gc          ] GC(3) Pause Young (Normal) (G1 Evacuation Pause) 198M->21M(3988M) 12.976ms
[2021-05-18T07:55:48.667+0000][7][gc,cpu      ] GC(3) User=0.05s Sys=0.00s Real=0.01s
[2021-05-18T07:55:48.667+0000][7][safepoint   ] Safepoint "G1CollectForAllocation", Time since last: 915492900 ns, Reaching safepoint: 258700 ns, At safepoint: 13069700 ns, Total: 13328400 ns
[2021-05-18T07:55:49.307+0000][7][gc,start    ] GC(4) Pause Young (Normal) (G1 Evacuation Pause)
[2021-05-18T07:55:49.308+0000][7][gc,task     ] GC(4) Using 5 workers of 5 for evacuation
[2021-05-18T07:55:49.308+0000][7][gc,age      ] GC(4) Desired survivor size 16777216 bytes, new threshold 4 (max threshold 15)
[2021-05-18T07:55:49.349+0000][7][gc,age      ] GC(4) Age table with threshold 4 (max threshold 15)
[2021-05-18T07:55:49.349+0000][7][gc,age      ] GC(4) - age   1:    2271464 bytes,    2271464 total
[2021-05-18T07:55:49.349+0000][7][gc,age      ] GC(4) - age   2:    1182288 bytes,    3453752 total
[2021-05-18T07:55:49.349+0000][7][gc,age      ] GC(4) - age   3:    1871776 bytes,    5325528 total
[2021-05-18T07:55:49.349+0000][7][gc,age      ] GC(4) - age   4:    1926032 bytes,    7251560 total
[2021-05-18T07:55:49.349+0000][7][gc,phases   ] GC(4)   Pre Evacuate Collection Set: 0.2ms
[2021-05-18T07:55:49.350+0000][7][gc,phases   ] GC(4)   Merge Heap Roots: 3.3ms
[2021-05-18T07:55:49.350+0000][7][gc,phases   ] GC(4)   Evacuate Collection Set: 36.5ms
[2021-05-18T07:55:49.350+0000][7][gc,phases   ] GC(4)   Post Evacuate Collection Set: 1.6ms
[2021-05-18T07:55:49.350+0000][7][gc,phases   ] GC(4)   Other: 0.4ms
[2021-05-18T07:55:49.350+0000][7][gc,heap     ] GC(4) Eden regions: 52->0(596)
[2021-05-18T07:55:49.350+0000][7][gc,heap     ] GC(4) Survivor regions: 5->2(8)
[2021-05-18T07:55:49.350+0000][7][gc,heap     ] GC(4) Old regions: 0->3
[2021-05-18T07:55:49.350+0000][7][gc,heap     ] GC(4) Archive regions: 2->2
[2021-05-18T07:55:49.350+0000][7][gc,heap     ] GC(4) Humongous regions: 0->0
[2021-05-18T07:55:49.350+0000][7][gc,metaspace] GC(4) Metaspace: 19356K(19776K)->19356K(19776K) NonClass: 17038K(17280K)->17038K(17280K) Class: 2318K(2496K)->2318K(2496K)
[2021-05-18T07:55:49.350+0000][7][gc          ] GC(4) Pause Young (Normal) (G1 Evacuation Pause) 229M->21M(3988M) 42.147ms
[2021-05-18T07:55:49.350+0000][7][gc,cpu      ] GC(4) User=0.07s Sys=0.03s Real=0.04s
[2021-05-18T07:55:49.350+0000][7][safepoint   ] Safepoint "G1CollectForAllocation", Time since last: 640512200 ns, Reaching safepoint: 69400 ns, At safepoint: 42226800 ns, Total: 42296200 ns
[2021-05-18T07:55:50.350+0000][7][safepoint   ] Safepoint "Cleanup", Time since last: 1000225400 ns, Reaching safepoint: 141300 ns, At safepoint: 39700 ns, Total: 181000 ns
[2021-05-18T07:55:51.099+0000][7][gc,start    ] GC(5) Pause Young (Concurrent Start) (Metadata GC Threshold)
[2021-05-18T07:55:51.099+0000][7][gc,task     ] GC(5) Using 5 workers of 5 for evacuation
[2021-05-18T07:55:51.099+0000][7][gc,age      ] GC(5) Desired survivor size 157286400 bytes, new threshold 15 (max threshold 15)
[2021-05-18T07:55:51.116+0000][7][gc,age      ] GC(5) Age table with threshold 15 (max threshold 15)
[2021-05-18T07:55:51.116+0000][7][gc,age      ] GC(5) - age   1:    2571752 bytes,    2571752 total
[2021-05-18T07:55:51.116+0000][7][gc,age      ] GC(5) - age   2:     386296 bytes,    2958048 total
[2021-05-18T07:55:51.116+0000][7][gc,age      ] GC(5) - age   3:    1182048 bytes,    4140096 total
[2021-05-18T07:55:51.116+0000][7][gc,age      ] GC(5) - age   4:    1870064 bytes,    6010160 total
[2021-05-18T07:55:51.116+0000][7][gc,age      ] GC(5) - age   5:    1925808 bytes,    7935968 total
[2021-05-18T07:55:51.116+0000][7][gc,phases   ] GC(5)   Pre Evacuate Collection Set: 0.2ms
[2021-05-18T07:55:51.116+0000][7][gc,phases   ] GC(5)   Merge Heap Roots: 2.0ms
[2021-05-18T07:55:51.116+0000][7][gc,phases   ] GC(5)   Evacuate Collection Set: 13.0ms
[2021-05-18T07:55:51.116+0000][7][gc,phases   ] GC(5)   Post Evacuate Collection Set: 1.4ms
[2021-05-18T07:55:51.116+0000][7][gc,phases   ] GC(5)   Other: 0.4ms
[2021-05-18T07:55:51.116+0000][7][gc,heap     ] GC(5) Eden regions: 97->0(442)
[2021-05-18T07:55:51.116+0000][7][gc,heap     ] GC(5) Survivor regions: 2->3(75)
[2021-05-18T07:55:51.116+0000][7][gc,heap     ] GC(5) Old regions: 3->3
[2021-05-18T07:55:51.116+0000][7][gc,heap     ] GC(5) Archive regions: 2->2
[2021-05-18T07:55:51.116+0000][7][gc,heap     ] GC(5) Humongous regions: 0->0
[2021-05-18T07:55:51.116+0000][7][gc,metaspace] GC(5) Metaspace: 20813K(21248K)->20813K(21248K) NonClass: 18296K(18560K)->18296K(18560K) Class: 2517K(2688K)->2517K(2688K)
[2021-05-18T07:55:51.117+0000][7][gc          ] GC(5) Pause Young (Concurrent Start) (Metadata GC Threshold) 407M->22M(3988M) 17.323ms
[2021-05-18T07:55:51.117+0000][7][gc,cpu      ] GC(5) User=0.01s Sys=0.00s Real=0.02s
[2021-05-18T07:55:51.117+0000][7][safepoint   ] Safepoint "CollectForMetadataAllocation", Time since last: 749070300 ns, Reaching safepoint: 69600 ns, At safepoint: 17495900 ns, Total: 17565500 ns
[2021-05-18T07:55:51.117+0000][7][gc          ] GC(6) Concurrent Mark Cycle
[2021-05-18T07:55:51.117+0000][7][gc,marking  ] GC(6) Concurrent Clear Claimed Marks
[2021-05-18T07:55:51.117+0000][7][gc,marking  ] GC(6) Concurrent Clear Claimed Marks 0.040ms
[2021-05-18T07:55:51.117+0000][7][gc,marking  ] GC(6) Concurrent Scan Root Regions
[2021-05-18T07:55:51.119+0000][7][gc,marking  ] GC(6) Concurrent Scan Root Regions 2.554ms
[2021-05-18T07:55:51.119+0000][7][gc,marking  ] GC(6) Concurrent Mark
[2021-05-18T07:55:51.119+0000][7][gc,marking  ] GC(6) Concurrent Mark From Roots
[2021-05-18T07:55:51.119+0000][7][gc,task     ] GC(6) Using 1 workers of 1 for marking
[2021-05-18T07:55:51.139+0000][7][gc,marking  ] GC(6) Concurrent Mark From Roots 19.855ms
[2021-05-18T07:55:51.139+0000][7][gc,marking  ] GC(6) Concurrent Preclean
[2021-05-18T07:55:51.139+0000][7][gc,marking  ] GC(6) Concurrent Preclean 0.116ms
[2021-05-18T07:55:51.140+0000][7][gc,start    ] GC(6) Pause Remark
[2021-05-18T07:55:51.150+0000][7][gc          ] GC(6) Pause Remark 24M->24M(3988M) 10.715ms
[2021-05-18T07:55:51.150+0000][7][gc,cpu      ] GC(6) User=0.01s Sys=0.00s Real=0.01s
[2021-05-18T07:55:51.150+0000][7][safepoint   ] Safepoint "G1Concurrent", Time since last: 22776100 ns, Reaching safepoint: 35800 ns, At safepoint: 10800900 ns, Total: 10836700 ns
[2021-05-18T07:55:51.152+0000][7][gc,marking  ] GC(6) Concurrent Mark 32.580ms
[2021-05-18T07:55:51.152+0000][7][gc,marking  ] GC(6) Concurrent Rebuild Remembered Sets
[2021-05-18T07:55:51.160+0000][7][gc,marking  ] GC(6) Concurrent Rebuild Remembered Sets 7.926ms
[2021-05-18T07:55:51.160+0000][7][gc,start    ] GC(6) Pause Cleanup
[2021-05-18T07:55:51.160+0000][7][gc          ] GC(6) Pause Cleanup 30M->30M(3988M) 0.272ms
[2021-05-18T07:55:51.161+0000][7][gc,cpu      ] GC(6) User=0.00s Sys=0.00s Real=0.00s
[2021-05-18T07:55:51.161+0000][7][safepoint   ] Safepoint "G1Concurrent", Time since last: 9777000 ns, Reaching safepoint: 105900 ns, At safepoint: 342700 ns, Total: 448600 ns
[2021-05-18T07:55:51.161+0000][7][gc,marking  ] GC(6) Concurrent Cleanup for Next Mark
[2021-05-18T07:55:51.166+0000][7][gc,marking  ] GC(6) Concurrent Cleanup for Next Mark 5.209ms
[2021-05-18T07:55:51.166+0000][7][gc          ] GC(6) Concurrent Mark Cycle 49.088ms
[2021-05-18T07:55:52.161+0000][7][safepoint   ] Safepoint "Cleanup", Time since last: 1000161000 ns, Reaching safepoint: 158000 ns, At safepoint: 8900 ns, Total: 166900 ns
[2021-05-18T07:55:53.438+0000][7][safepoint   ] Safepoint "Cleanup", Time since last: 1277161900 ns, Reaching safepoint: 242000 ns, At safepoint: 5900 ns, Total: 247900 ns
[2021-05-18T07:55:55.003+0000][7][safepoint   ] Safepoint "Cleanup", Time since last: 1564044000 ns, Reaching safepoint: 424900 ns, At safepoint: 8400 ns, Total: 433300 ns
[2021-05-18T07:55:56.003+0000][7][safepoint   ] Safepoint "Cleanup", Time since last: 1000177500 ns, Reaching safepoint: 130100 ns, At safepoint: 17200 ns, Total: 147300 ns
[2021-05-18T07:55:57.004+0000][7][safepoint   ] Safepoint "Cleanup", Time since last: 1000164700 ns, Reaching safepoint: 706500 ns, At safepoint: 10600 ns, Total: 717100 ns
[2021-05-18T07:55:58.005+0000][7][safepoint   ] Safepoint "Cleanup", Time since last: 1000226000 ns, Reaching safepoint: 825400 ns, At safepoint: 8900 ns, Total: 834300 ns
[2021-05-18T07:55:59.008+0000][7][safepoint   ] Safepoint "Cleanup", Time since last: 1002301500 ns, Reaching safepoint: 211600 ns, At safepoint: 8900 ns, Total: 220500 ns
[2021-05-18T07:56:00.095+0000][7][safepoint   ] Safepoint "Cleanup", Time since last: 1086919400 ns, Reaching safepoint: 241100 ns, At safepoint: 39800 ns, Total: 280900 ns
[2021-05-18T07:56:01.100+0000][7][safepoint   ] Safepoint "Cleanup", Time since last: 1000435300 ns, Reaching safepoint: 4765500 ns, At safepoint: 72900 ns, Total: 4838400 ns
[2021-05-18T07:56:02.101+0000][7][safepoint   ] Safepoint "Cleanup", Time since last: 1000154000 ns, Reaching safepoint: 290300 ns, At safepoint: 115600 ns, Total: 405900 ns
[2021-05-18T07:56:02.623+0000][7][gc,start    ] GC(7) Pause Young (Concurrent Start) (Metadata GC Threshold)
[2021-05-18T07:56:02.623+0000][7][gc,task     ] GC(7) Using 5 workers of 5 for evacuation
[2021-05-18T07:56:02.623+0000][7][gc,age      ] GC(7) Desired survivor size 130023424 bytes, new threshold 15 (max threshold 15)
[2021-05-18T07:56:02.703+0000][7][gc,age      ] GC(7) Age table with threshold 15 (max threshold 15)
[2021-05-18T07:56:02.703+0000][7][gc,age      ] GC(7) - age   1:   39792288 bytes,   39792288 total
[2021-05-18T07:56:02.703+0000][7][gc,age      ] GC(7) - age   2:    2530160 bytes,   42322448 total
[2021-05-18T07:56:02.704+0000][7][gc,age      ] GC(7) - age   3:     383176 bytes,   42705624 total
[2021-05-18T07:56:02.704+0000][7][gc,age      ] GC(7) - age   4:    1174904 bytes,   43880528 total
[2021-05-18T07:56:02.704+0000][7][gc,age      ] GC(7) - age   5:    1862888 bytes,   45743416 total
[2021-05-18T07:56:02.704+0000][7][gc,age      ] GC(7) - age   6:    1916384 bytes,   47659800 total
[2021-05-18T07:56:02.704+0000][7][gc,phases   ] GC(7)   Pre Evacuate Collection Set: 0.3ms
[2021-05-18T07:56:02.704+0000][7][gc,phases   ] GC(7)   Merge Heap Roots: 0.2ms
[2021-05-18T07:56:02.704+0000][7][gc,phases   ] GC(7)   Evacuate Collection Set: 75.9ms
[2021-05-18T07:56:02.704+0000][7][gc,phases   ] GC(7)   Post Evacuate Collection Set: 3.9ms
[2021-05-18T07:56:02.704+0000][7][gc,phases   ] GC(7)   Other: 0.4ms
[2021-05-18T07:56:02.704+0000][7][gc,heap     ] GC(7) Eden regions: 160->0(135)
[2021-05-18T07:56:02.704+0000][7][gc,heap     ] GC(7) Survivor regions: 3->12(62)
[2021-05-18T07:56:02.704+0000][7][gc,heap     ] GC(7) Old regions: 3->3
[2021-05-18T07:56:02.704+0000][7][gc,heap     ] GC(7) Archive regions: 2->2
[2021-05-18T07:56:02.704+0000][7][gc,heap     ] GC(7) Humongous regions: 0->0
[2021-05-18T07:56:02.704+0000][7][gc,metaspace] GC(7) Metaspace: 34685K(35520K)->34685K(35520K) NonClass: 30228K(30720K)->30228K(30720K) Class: 4456K(4800K)->4456K(4800K)
[2021-05-18T07:56:02.704+0000][7][gc          ] GC(7) Pause Young (Concurrent Start) (Metadata GC Threshold) 660M->59M(3988M) 80.787ms
[2021-05-18T07:56:02.704+0000][7][gc,cpu      ] GC(7) User=0.25s Sys=0.02s Real=0.08s
[2021-05-18T07:56:02.704+0000][7][gc          ] GC(8) Concurrent Mark Cycle
[2021-05-18T07:56:02.704+0000][7][gc,marking  ] GC(8) Concurrent Clear Claimed Marks
[2021-05-18T07:56:02.704+0000][7][gc,marking  ] GC(8) Concurrent Clear Claimed Marks 0.077ms
[2021-05-18T07:56:02.704+0000][7][gc,marking  ] GC(8) Concurrent Scan Root Regions
[2021-05-18T07:56:02.704+0000][7][safepoint   ] Safepoint "CollectForMetadataAllocation", Time since last: 522187200 ns, Reaching safepoint: 167400 ns, At safepoint: 81073400 ns, Total: 81240800 ns
[2021-05-18T07:56:02.766+0000][7][gc,marking  ] GC(8) Concurrent Scan Root Regions 62.114ms
[2021-05-18T07:56:02.766+0000][7][gc,marking  ] GC(8) Concurrent Mark
[2021-05-18T07:56:02.766+0000][7][gc,marking  ] GC(8) Concurrent Mark From Roots
[2021-05-18T07:56:02.766+0000][7][gc,task     ] GC(8) Using 1 workers of 1 for marking
[2021-05-18T07:56:02.788+0000][7][gc,marking  ] GC(8) Concurrent Mark From Roots 21.386ms
[2021-05-18T07:56:02.788+0000][7][gc,marking  ] GC(8) Concurrent Preclean
[2021-05-18T07:56:02.788+0000][7][gc,marking  ] GC(8) Concurrent Preclean 0.149ms
[2021-05-18T07:56:02.794+0000][7][gc,start    ] GC(8) Pause Remark
[2021-05-18T07:56:02.803+0000][7][gc          ] GC(8) Pause Remark 61M->61M(3988M) 9.090ms
[2021-05-18T07:56:02.803+0000][7][gc,cpu      ] GC(8) User=0.01s Sys=0.02s Real=0.01s
[2021-05-18T07:56:02.803+0000][7][safepoint   ] Safepoint "G1Concurrent", Time since last: 83910200 ns, Reaching safepoint: 5674500 ns, At safepoint: 9270900 ns, Total: 14945400 ns
[2021-05-18T07:56:02.803+0000][7][gc,marking  ] GC(8) Concurrent Mark 36.755ms
[2021-05-18T07:56:02.803+0000][7][gc,marking  ] GC(8) Concurrent Rebuild Remembered Sets
[2021-05-18T07:56:02.832+0000][7][gc,marking  ] GC(8) Concurrent Rebuild Remembered Sets 28.557ms
[2021-05-18T07:56:02.843+0000][7][gc,start    ] GC(8) Pause Cleanup
[2021-05-18T07:56:02.843+0000][7][gc          ] GC(8) Pause Cleanup 63M->63M(3988M) 0.462ms
[2021-05-18T07:56:02.843+0000][7][gc,cpu      ] GC(8) User=0.00s Sys=0.00s Real=0.00s
[2021-05-18T07:56:02.843+0000][7][safepoint   ] Safepoint "G1Concurrent", Time since last: 39254700 ns, Reaching safepoint: 619200 ns, At safepoint: 540700 ns, Total: 1159900 ns
[2021-05-18T07:56:02.843+0000][7][gc,marking  ] GC(8) Concurrent Cleanup for Next Mark
[2021-05-18T07:56:02.850+0000][7][gc,marking  ] GC(8) Concurrent Cleanup for Next Mark 6.779ms
[2021-05-18T07:56:02.850+0000][7][gc          ] GC(8) Concurrent Mark Cycle 146.261ms
[2021-05-18T07:56:04.698+0000][7][safepoint   ] Safepoint "Cleanup", Time since last: 1853864400 ns, Reaching safepoint: 318700 ns, At safepoint: 59300 ns, Total: 378000 ns
[2021-05-18T07:56:06.480+0000][7][safepoint   ] Safepoint "Cleanup", Time since last: 1782421800 ns, Reaching safepoint: 174200 ns, At safepoint: 33300 ns, Total: 207500 ns
[2021-05-18T07:56:07.610+0000][7][safepoint   ] Safepoint "Cleanup", Time since last: 1129881800 ns, Reaching safepoint: 196600 ns, At safepoint: 34500 ns, Total: 231100 ns
[2021-05-18T07:56:08.610+0000][7][safepoint   ] Safepoint "Cleanup", Time since last: 1000166800 ns, Reaching safepoint: 65800 ns, At safepoint: 6500 ns, Total: 72300 ns
[2021-05-18T07:56:09.621+0000][7][safepoint   ] Safepoint "Cleanup", Time since last: 1010119100 ns, Reaching safepoint: 182500 ns, At safepoint: 39400 ns, Total: 221900 ns
[2021-05-18T07:56:10.628+0000][7][safepoint   ] Safepoint "Cleanup", Time since last: 1006959000 ns, Reaching safepoint: 157000 ns, At safepoint: 7300 ns, Total: 164300 ns
[2021-05-18T07:56:11.631+0000][7][safepoint   ] Safepoint "Cleanup", Time since last: 1000707500 ns, Reaching safepoint: 2284800 ns, At safepoint: 72600 ns, Total: 2357400 ns
[2021-05-18T07:56:13.436+0000][7][safepoint   ] Safepoint "Cleanup", Time since last: 1804557100 ns, Reaching safepoint: 388500 ns, At safepoint: 42500 ns, Total: 431000 ns
[2021-05-18T07:56:14.437+0000][7][safepoint   ] Safepoint "Cleanup", Time since last: 1000203400 ns, Reaching safepoint: 343000 ns, At safepoint: 36400 ns, Total: 379400 ns
[2021-05-18T07:56:14.815+0000][7][gc,start    ] GC(9) Pause Young (Concurrent Start) (Metadata GC Threshold)
[2021-05-18T07:56:14.815+0000][7][gc,task     ] GC(9) Using 5 workers of 5 for evacuation
[2021-05-18T07:56:14.815+0000][7][gc,age      ] GC(9) Desired survivor size 106954752 bytes, new threshold 15 (max threshold 15)
[2021-05-18T07:56:14.901+0000][7][gc,age      ] GC(9) Age table with threshold 15 (max threshold 15)
[2021-05-18T07:56:14.901+0000][7][gc,age      ] GC(9) - age   1:   11433376 bytes,   11433376 total
[2021-05-18T07:56:14.901+0000][7][gc,age      ] GC(9) - age   2:   39472984 bytes,   50906360 total
[2021-05-18T07:56:14.901+0000][7][gc,age      ] GC(9) - age   3:    2496656 bytes,   53403016 total
[2021-05-18T07:56:14.901+0000][7][gc,age      ] GC(9) - age   4:     368208 bytes,   53771224 total
[2021-05-18T07:56:14.901+0000][7][gc,age      ] GC(9) - age   5:    1167616 bytes,   54938840 total
[2021-05-18T07:56:14.901+0000][7][gc,age      ] GC(9) - age   6:    1844784 bytes,   56783624 total
[2021-05-18T07:56:14.901+0000][7][gc,age      ] GC(9) - age   7:    1905152 bytes,   58688776 total
[2021-05-18T07:56:14.901+0000][7][gc,phases   ] GC(9)   Pre Evacuate Collection Set: 0.3ms
[2021-05-18T07:56:14.901+0000][7][gc,phases   ] GC(9)   Merge Heap Roots: 0.2ms
[2021-05-18T07:56:14.901+0000][7][gc,phases   ] GC(9)   Evacuate Collection Set: 79.9ms
[2021-05-18T07:56:14.901+0000][7][gc,phases   ] GC(9)   Post Evacuate Collection Set: 5.3ms
[2021-05-18T07:56:14.901+0000][7][gc,phases   ] GC(9)   Other: 0.4ms
[2021-05-18T07:56:14.901+0000][7][gc,heap     ] GC(9) Eden regions: 99->0(34)
[2021-05-18T07:56:14.901+0000][7][gc,heap     ] GC(9) Survivor regions: 12->15(51)
[2021-05-18T07:56:14.901+0000][7][gc,heap     ] GC(9) Old regions: 3->3
[2021-05-18T07:56:14.901+0000][7][gc,heap     ] GC(9) Archive regions: 2->2
[2021-05-18T07:56:14.901+0000][7][gc,heap     ] GC(9) Humongous regions: 0->0
[2021-05-18T07:56:14.901+0000][7][gc,metaspace] GC(9) Metaspace: 58623K(59776K)->58623K(59776K) NonClass: 50874K(51520K)->50874K(51520K) Class: 7749K(8256K)->7749K(8256K)
[2021-05-18T07:56:14.901+0000][7][gc          ] GC(9) Pause Young (Concurrent Start) (Metadata GC Threshold) 453M->72M(3988M) 86.195ms
[2021-05-18T07:56:14.901+0000][7][gc,cpu      ] GC(9) User=0.30s Sys=0.04s Real=0.08s
[2021-05-18T07:56:14.901+0000][7][gc          ] GC(10) Concurrent Mark Cycle
[2021-05-18T07:56:14.901+0000][7][gc,marking  ] GC(10) Concurrent Clear Claimed Marks
[2021-05-18T07:56:14.901+0000][7][safepoint   ] Safepoint "CollectForMetadataAllocation", Time since last: 377212300 ns, Reaching safepoint: 1025700 ns, At safepoint: 86393200 ns, Total: 87418900 ns
[2021-05-18T07:56:14.901+0000][7][gc,marking  ] GC(10) Concurrent Clear Claimed Marks 0.108ms
[2021-05-18T07:56:14.901+0000][7][gc,marking  ] GC(10) Concurrent Scan Root Regions
[2021-05-18T07:56:14.979+0000][7][safepoint   ] Safepoint "CollectForMetadataAllocation", Time since last: 77930700 ns, Reaching safepoint: 87400 ns, At safepoint: 62700 ns, Total: 150100 ns
[2021-05-18T07:56:14.993+0000][7][gc,marking  ] GC(10) Concurrent Scan Root Regions 92.039ms
[2021-05-18T07:56:14.993+0000][7][gc,marking  ] GC(10) Concurrent Mark
[2021-05-18T07:56:14.993+0000][7][gc,marking  ] GC(10) Concurrent Mark From Roots
[2021-05-18T07:56:14.993+0000][7][gc,task     ] GC(10) Using 1 workers of 1 for marking
[2021-05-18T07:56:15.013+0000][7][gc,marking  ] GC(10) Concurrent Mark From Roots 19.786ms
[2021-05-18T07:56:15.013+0000][7][gc,marking  ] GC(10) Concurrent Preclean
[2021-05-18T07:56:15.013+0000][7][gc,marking  ] GC(10) Concurrent Preclean 0.140ms
[2021-05-18T07:56:15.014+0000][7][gc,start    ] GC(10) Pause Remark
[2021-05-18T07:56:15.029+0000][7][gc          ] GC(10) Pause Remark 76M->76M(3988M) 14.773ms
[2021-05-18T07:56:15.029+0000][7][gc,cpu      ] GC(10) User=0.03s Sys=0.01s Real=0.01s
[2021-05-18T07:56:15.029+0000][7][safepoint   ] Safepoint "G1Concurrent", Time since last: 34200300 ns, Reaching safepoint: 273000 ns, At safepoint: 14941600 ns, Total: 15214600 ns
[2021-05-18T07:56:15.029+0000][7][gc,marking  ] GC(10) Concurrent Mark 35.332ms
[2021-05-18T07:56:15.029+0000][7][gc,marking  ] GC(10) Concurrent Rebuild Remembered Sets
[2021-05-18T07:56:15.045+0000][7][gc,marking  ] GC(10) Concurrent Rebuild Remembered Sets 16.601ms
[2021-05-18T07:56:15.052+0000][7][gc,start    ] GC(10) Pause Cleanup
[2021-05-18T07:56:15.053+0000][7][gc          ] GC(10) Pause Cleanup 76M->76M(3988M) 0.336ms
[2021-05-18T07:56:15.053+0000][7][gc,cpu      ] GC(10) User=0.00s Sys=0.00s Real=0.00s
[2021-05-18T07:56:15.053+0000][7][safepoint   ] Safepoint "G1Concurrent", Time since last: 16889500 ns, Reaching safepoint: 6796100 ns, At safepoint: 399300 ns, Total: 7195400 ns
[2021-05-18T07:56:15.053+0000][7][gc,marking  ] GC(10) Concurrent Cleanup for Next Mark
[2021-05-18T07:56:15.074+0000][7][gc,marking  ] GC(10) Concurrent Cleanup for Next Mark 20.859ms
[2021-05-18T07:56:15.074+0000][7][gc          ] GC(10) Concurrent Mark Cycle 172.573ms
[2021-05-18T07:56:16.053+0000][7][safepoint   ] Safepoint "Cleanup", Time since last: 1000110200 ns, Reaching safepoint: 510000 ns, At safepoint: 43800 ns, Total: 553800 ns
[2021-05-18T07:56:17.054+0000][7][safepoint   ] Safepoint "Cleanup", Time since last: 1000189200 ns, Reaching safepoint: 185300 ns, At safepoint: 37700 ns, Total: 223000 ns
[2021-05-18T07:56:18.467+0000][7][safepoint   ] Safepoint "ICBufferFull", Time since last: 1413168200 ns, Reaching safepoint: 424300 ns, At safepoint: 7600 ns, Total: 431900 ns
[2021-05-18T07:56:19.246+0000][7][gc,start    ] GC(11) Pause Young (Concurrent Start) (G1 Evacuation Pause)
[2021-05-18T07:56:19.246+0000][7][gc,task     ] GC(11) Using 5 workers of 5 for evacuation
[2021-05-18T07:56:19.246+0000][7][gc,age      ] GC(11) Desired survivor size 14680064 bytes, new threshold 2 (max threshold 15)
[2021-05-18T07:56:19.390+0000][7][gc,age      ] GC(11) Age table with threshold 2 (max threshold 15)
[2021-05-18T07:56:19.390+0000][7][gc,age      ] GC(11) - age   1:    7915920 bytes,    7915920 total
[2021-05-18T07:56:19.390+0000][7][gc,age      ] GC(11) - age   2:   11158336 bytes,   19074256 total
[2021-05-18T07:56:19.390+0000][7][gc,phases   ] GC(11)   Pre Evacuate Collection Set: 0.3ms
[2021-05-18T07:56:19.390+0000][7][gc,phases   ] GC(11)   Merge Heap Roots: 0.1ms
[2021-05-18T07:56:19.390+0000][7][gc,phases   ] GC(11)   Evacuate Collection Set: 140.9ms
[2021-05-18T07:56:19.390+0000][7][gc,phases   ] GC(11)   Post Evacuate Collection Set: 2.8ms
[2021-05-18T07:56:19.390+0000][7][gc,phases   ] GC(11)   Other: 0.3ms
[2021-05-18T07:56:19.390+0000][7][gc,heap     ] GC(11) Eden regions: 34->0(83)
[2021-05-18T07:56:19.390+0000][7][gc,heap     ] GC(11) Survivor regions: 15->6(7)
[2021-05-18T07:56:19.390+0000][7][gc,heap     ] GC(11) Old regions: 3->14
[2021-05-18T07:56:19.390+0000][7][gc,heap     ] GC(11) Archive regions: 2->2
[2021-05-18T07:56:19.390+0000][7][gc,heap     ] GC(11) Humongous regions: 0->0
[2021-05-18T07:56:19.390+0000][7][gc,metaspace] GC(11) Metaspace: 78306K(79680K)->78306K(79680K) NonClass: 67620K(68416K)->67620K(68416K) Class: 10685K(11264K)->10685K(11264K)
[2021-05-18T07:56:19.390+0000][7][gc          ] GC(11) Pause Young (Concurrent Start) (G1 Evacuation Pause) 208M->83M(3988M) 144.597ms
[2021-05-18T07:56:19.390+0000][7][gc,cpu      ] GC(11) User=0.22s Sys=0.01s Real=0.14s
[2021-05-18T07:56:19.391+0000][7][gc          ] GC(12) Concurrent Mark Cycle
[2021-05-18T07:56:19.391+0000][7][gc,marking  ] GC(12) Concurrent Clear Claimed Marks
[2021-05-18T07:56:19.391+0000][7][safepoint   ] Safepoint "G1CollectForAllocation", Time since last: 778144700 ns, Reaching safepoint: 156500 ns, At safepoint: 144761100 ns, Total: 144917600 ns
[2021-05-18T07:56:19.391+0000][7][gc,marking  ] GC(12) Concurrent Clear Claimed Marks 0.068ms
[2021-05-18T07:56:19.391+0000][7][gc,marking  ] GC(12) Concurrent Scan Root Regions
[2021-05-18T07:56:19.454+0000][7][gc,marking  ] GC(12) Concurrent Scan Root Regions 63.485ms
[2021-05-18T07:56:19.454+0000][7][gc,marking  ] GC(12) Concurrent Mark
[2021-05-18T07:56:19.454+0000][7][gc,marking  ] GC(12) Concurrent Mark From Roots
[2021-05-18T07:56:19.454+0000][7][gc,task     ] GC(12) Using 1 workers of 1 for marking
[2021-05-18T07:56:19.474+0000][7][gc,marking  ] GC(12) Concurrent Mark From Roots 19.430ms
[2021-05-18T07:56:19.474+0000][7][gc,marking  ] GC(12) Concurrent Preclean
[2021-05-18T07:56:19.474+0000][7][gc,marking  ] GC(12) Concurrent Preclean 0.149ms
[2021-05-18T07:56:19.474+0000][7][gc,start    ] GC(12) Pause Remark
[2021-05-18T07:56:19.493+0000][7][gc          ] GC(12) Pause Remark 87M->87M(3988M) 18.572ms
[2021-05-18T07:56:19.493+0000][7][gc,cpu      ] GC(12) User=0.02s Sys=0.00s Real=0.02s
[2021-05-18T07:56:19.493+0000][7][safepoint   ] Safepoint "G1Concurrent", Time since last: 83322400 ns, Reaching safepoint: 233100 ns, At safepoint: 18694600 ns, Total: 18927700 ns
[2021-05-18T07:56:19.493+0000][7][gc,marking  ] GC(12) Concurrent Mark 38.715ms
[2021-05-18T07:56:19.493+0000][7][gc,marking  ] GC(12) Concurrent Rebuild Remembered Sets
[2021-05-18T07:56:19.552+0000][7][gc,marking  ] GC(12) Concurrent Rebuild Remembered Sets 59.133ms
[2021-05-18T07:56:19.552+0000][7][gc,start    ] GC(12) Pause Cleanup
[2021-05-18T07:56:19.553+0000][7][gc          ] GC(12) Pause Cleanup 90M->90M(3988M) 0.331ms
[2021-05-18T07:56:19.553+0000][7][gc,cpu      ] GC(12) User=0.00s Sys=0.00s Real=0.00s
[2021-05-18T07:56:19.553+0000][7][safepoint   ] Safepoint "G1Concurrent", Time since last: 59451400 ns, Reaching safepoint: 206900 ns, At safepoint: 652600 ns, Total: 859500 ns
[2021-05-18T07:56:19.553+0000][7][gc,marking  ] GC(12) Concurrent Cleanup for Next Mark
[2021-05-18T07:56:19.563+0000][7][gc,marking  ] GC(12) Concurrent Cleanup for Next Mark 9.661ms
[2021-05-18T07:56:19.563+0000][7][gc          ] GC(12) Concurrent Mark Cycle 172.362ms
[2021-05-18T07:56:20.570+0000][7][safepoint   ] Safepoint "Cleanup", Time since last: 1016459300 ns, Reaching safepoint: 156400 ns, At safepoint: 133400 ns, Total: 289800 ns
[2021-05-18T07:56:20.775+0000][7][safepoint   ] Safepoint "ICBufferFull", Time since last: 205114300 ns, Reaching safepoint: 178000 ns, At safepoint: 27600 ns, Total: 205600 ns
[2021-05-18T07:56:21.776+0000][7][safepoint   ] Safepoint "Cleanup", Time since last: 1000167600 ns, Reaching safepoint: 119700 ns, At safepoint: 30900 ns, Total: 150600 ns
[2021-05-18T07:56:22.506+0000][7][safepoint   ] Safepoint "ICBufferFull", Time since last: 729553600 ns, Reaching safepoint: 410100 ns, At safepoint: 38500 ns, Total: 448600 ns
[2021-05-18T07:56:23.317+0000][7][safepoint   ] Safepoint "ICBufferFull", Time since last: 810731600 ns, Reaching safepoint: 229300 ns, At safepoint: 56700 ns, Total: 286000 ns
[2021-05-18T07:56:23.709+0000][7][safepoint   ] Safepoint "ICBufferFull", Time since last: 392458300 ns, Reaching safepoint: 247500 ns, At safepoint: 72300 ns, Total: 319800 ns
[2021-05-18T07:56:24.367+0000][7][safepoint   ] Safepoint "ICBufferFull", Time since last: 657344600 ns, Reaching safepoint: 685100 ns, At safepoint: 62200 ns, Total: 747300 ns
[2021-05-18T07:56:25.079+0000][7][safepoint   ] Safepoint "ICBufferFull", Time since last: 711350300 ns, Reaching safepoint: 367700 ns, At safepoint: 36900 ns, Total: 404600 ns
[2021-05-18T07:56:25.612+0000][7][safepoint   ] Safepoint "ICBufferFull", Time since last: 532152100 ns, Reaching safepoint: 195600 ns, At safepoint: 92100 ns, Total: 287700 ns
[2021-05-18T07:56:26.612+0000][7][safepoint   ] Safepoint "Cleanup", Time since last: 1000193200 ns, Reaching safepoint: 204100 ns, At safepoint: 9300 ns, Total: 213400 ns
[2021-05-18T07:56:27.612+0000][7][safepoint   ] Safepoint "Cleanup", Time since last: 1000211400 ns, Reaching safepoint: 171400 ns, At safepoint: 10000 ns, Total: 181400 ns
[2021-05-18T07:56:28.613+0000][7][safepoint   ] Safepoint "Cleanup", Time since last: 1000160800 ns, Reaching safepoint: 264300 ns, At safepoint: 73900 ns, Total: 338200 ns
[2021-05-18T07:56:28.823+0000][7][gc,start    ] GC(13) Pause Young (Normal) (G1 Evacuation Pause)
[2021-05-18T07:56:28.823+0000][7][gc,task     ] GC(13) Using 5 workers of 5 for evacuation
[2021-05-18T07:56:28.823+0000][7][gc,age      ] GC(13) Desired survivor size 27262976 bytes, new threshold 15 (max threshold 15)
[2021-05-18T07:56:28.867+0000][7][gc,age      ] GC(13) Age table with threshold 15 (max threshold 15)
[2021-05-18T07:56:28.867+0000][7][gc,age      ] GC(13) - age   1:   22718664 bytes,   22718664 total
[2021-05-18T07:56:28.867+0000][7][gc,age      ] GC(13) - age   2:    7666496 bytes,   30385160 total
[2021-05-18T07:56:28.867+0000][7][gc,age      ] GC(13) - age   3:   10817248 bytes,   41202408 total
[2021-05-18T07:56:28.867+0000][7][gc,phases   ] GC(13)   Pre Evacuate Collection Set: 0.2ms
[2021-05-18T07:56:28.867+0000][7][gc,phases   ] GC(13)   Merge Heap Roots: 0.2ms
[2021-05-18T07:56:28.867+0000][7][gc,phases   ] GC(13)   Evacuate Collection Set: 42.1ms
[2021-05-18T07:56:28.867+0000][7][gc,phases   ] GC(13)   Post Evacuate Collection Set: 1.9ms
[2021-05-18T07:56:28.867+0000][7][gc,phases   ] GC(13)   Other: 0.3ms
[2021-05-18T07:56:28.867+0000][7][gc,heap     ] GC(13) Eden regions: 96->0(71)
[2021-05-18T07:56:28.867+0000][7][gc,heap     ] GC(13) Survivor regions: 6->11(13)
[2021-05-18T07:56:28.867+0000][7][gc,heap     ] GC(13) Old regions: 14->14
[2021-05-18T07:56:28.867+0000][7][gc,heap     ] GC(13) Archive regions: 2->2
[2021-05-18T07:56:28.867+0000][7][gc,heap     ] GC(13) Humongous regions: 4->2
[2021-05-18T07:56:28.867+0000][7][gc,metaspace] GC(13) Metaspace: 100345K(101760K)->100345K(101760K) NonClass: 86719K(87552K)->86719K(87552K) Class: 13625K(14208K)->13625K(14208K)
[2021-05-18T07:56:28.867+0000][7][gc          ] GC(13) Pause Young (Normal) (G1 Evacuation Pause) 483M->109M(3988M) 44.740ms
[2021-05-18T07:56:28.867+0000][7][gc,cpu      ] GC(13) User=0.12s Sys=0.01s Real=0.04s
[2021-05-18T07:56:28.868+0000][7][safepoint   ] Safepoint "G1CollectForAllocation", Time since last: 209589200 ns, Reaching safepoint: 149400 ns, At safepoint: 44886700 ns, Total: 45036100 ns
[2021-05-18T07:56:29.868+0000][7][safepoint   ] Safepoint "Cleanup", Time since last: 1000144200 ns, Reaching safepoint: 137200 ns, At safepoint: 43000 ns, Total: 180200 ns
[2021-05-18T07:56:30.868+0000][7][safepoint   ] Safepoint "Cleanup", Time since last: 1000198300 ns, Reaching safepoint: 180400 ns, At safepoint: 7700 ns, Total: 188100 ns
[2021-05-18T07:56:31.253+0000][7][safepoint   ] Safepoint "ICBufferFull", Time since last: 384396100 ns, Reaching safepoint: 316700 ns, At safepoint: 67000 ns, Total: 383700 ns
[2021-05-18T07:56:32.373+0000][7][safepoint   ] Safepoint "Cleanup", Time since last: 1120105100 ns, Reaching safepoint: 154600 ns, At safepoint: 7200 ns, Total: 161800 ns
[2021-05-18T07:56:33.374+0000][7][safepoint   ] Safepoint "Cleanup", Time since last: 1000169200 ns, Reaching safepoint: 204800 ns, At safepoint: 8600 ns, Total: 213400 ns
[2021-05-18T07:56:34.374+0000][7][safepoint   ] Safepoint "Cleanup", Time since last: 1000198900 ns, Reaching safepoint: 176500 ns, At safepoint: 50600 ns, Total: 227100 ns
[2021-05-18T07:56:35.264+0000][7][safepoint   ] Safepoint "ICBufferFull", Time since last: 889671200 ns, Reaching safepoint: 273300 ns, At safepoint: 10700 ns, Total: 284000 ns
[2021-05-18T07:56:36.265+0000][7][safepoint   ] Safepoint "Cleanup", Time since last: 1000211600 ns, Reaching safepoint: 243300 ns, At safepoint: 9500 ns, Total: 252800 ns
[2021-05-18T07:56:37.265+0000][7][safepoint   ] Safepoint "Cleanup", Time since last: 1000126200 ns, Reaching safepoint: 194300 ns, At safepoint: 36500 ns, Total: 230800 ns
[2021-05-18T07:56:38.265+0000][7][safepoint   ] Safepoint "Cleanup", Time since last: 1000132200 ns, Reaching safepoint: 138400 ns, At safepoint: 33100 ns, Total: 171500 ns
[2021-05-18T07:56:39.266+0000][7][safepoint   ] Safepoint "Cleanup", Time since last: 1000158200 ns, Reaching safepoint: 216600 ns, At safepoint: 8200 ns, Total: 224800 ns
[2021-05-18T07:56:40.266+0000][7][safepoint   ] Safepoint "Cleanup", Time since last: 1000176600 ns, Reaching safepoint: 239000 ns, At safepoint: 79100 ns, Total: 318100 ns
[2021-05-18T07:56:40.987+0000][7][safepoint   ] Safepoint "ICBufferFull", Time since last: 720891200 ns, Reaching safepoint: 184300 ns, At safepoint: 31300 ns, Total: 215600 ns
[2021-05-18T07:56:41.196+0000][7][safepoint   ] Safepoint "ICBufferFull", Time since last: 209026300 ns, Reaching safepoint: 233400 ns, At safepoint: 9900 ns, Total: 243300 ns
[2021-05-18T07:56:42.320+0000][7][safepoint   ] Safepoint "Cleanup", Time since last: 1122991500 ns, Reaching safepoint: 164300 ns, At safepoint: 9900 ns, Total: 174200 ns
[2021-05-18T07:56:43.320+0000][7][safepoint   ] Safepoint "Cleanup", Time since last: 1000165200 ns, Reaching safepoint: 134100 ns, At safepoint: 7100 ns, Total: 141200 ns
[2021-05-18T07:56:44.320+0000][7][safepoint   ] Safepoint "Cleanup", Time since last: 1000141900 ns, Reaching safepoint: 183300 ns, At safepoint: 8100 ns, Total: 191400 ns
[2021-05-18T07:56:46.321+0000][7][safepoint   ] Safepoint "Cleanup", Time since last: 2000291000 ns, Reaching safepoint: 130300 ns, At safepoint: 43600 ns, Total: 173900 ns
[2021-05-18T07:56:47.321+0000][7][safepoint   ] Safepoint "Cleanup", Time since last: 1000167000 ns, Reaching safepoint: 194900 ns, At safepoint: 9300 ns, Total: 204200 ns
[2021-05-18T07:56:48.321+0000][7][safepoint   ] Safepoint "Cleanup", Time since last: 1000173100 ns, Reaching safepoint: 209300 ns, At safepoint: 10600 ns, Total: 219900 ns
[2021-05-18T07:56:49.322+0000][7][safepoint   ] Safepoint "Cleanup", Time since last: 1000181800 ns, Reaching safepoint: 146200 ns, At safepoint: 7200 ns, Total: 153400 ns
[2021-05-18T07:56:51.322+0000][7][safepoint   ] Safepoint "Cleanup", Time since last: 2000299200 ns, Reaching safepoint: 201400 ns, At safepoint: 10500 ns, Total: 211900 ns
[2021-05-18T07:56:52.109+0000][7][safepoint   ] Safepoint "ICBufferFull", Time since last: 786701200 ns, Reaching safepoint: 255600 ns, At safepoint: 11500 ns, Total: 267100 ns
[2021-05-18T07:56:53.110+0000][7][safepoint   ] Safepoint "Cleanup", Time since last: 1000209400 ns, Reaching safepoint: 177100 ns, At safepoint: 9400 ns, Total: 186500 ns
[2021-05-18T07:56:54.110+0000][7][safepoint   ] Safepoint "Cleanup", Time since last: 1000161400 ns, Reaching safepoint: 107600 ns, At safepoint: 11000 ns, Total: 118600 ns
[2021-05-18T07:56:55.110+0000][7][safepoint   ] Safepoint "Cleanup", Time since last: 1000179000 ns, Reaching safepoint: 145500 ns, At safepoint: 15500 ns, Total: 161000 ns
[2021-05-18T07:56:56.111+0000][7][safepoint   ] Safepoint "Cleanup", Time since last: 1000153300 ns, Reaching safepoint: 217100 ns, At safepoint: 11700 ns, Total: 228800 ns
[2021-05-18T07:56:57.111+0000][7][safepoint   ] Safepoint "Cleanup", Time since last: 1000174200 ns, Reaching safepoint: 103300 ns, At safepoint: 8200 ns, Total: 111500 ns
[2021-05-18T07:56:59.111+0000][7][safepoint   ] Safepoint "Cleanup", Time since last: 2000275000 ns, Reaching safepoint: 258400 ns, At safepoint: 9200 ns, Total: 267600 ns
[2021-05-18T07:57:00.112+0000][7][safepoint   ] Safepoint "Cleanup", Time since last: 1000163100 ns, Reaching safepoint: 190700 ns, At safepoint: 12900 ns, Total: 203600 ns
[2021-05-18T07:57:01.112+0000][7][safepoint   ] Safepoint "Cleanup", Time since last: 1000323000 ns, Reaching safepoint: 154100 ns, At safepoint: 11400 ns, Total: 165500 ns
[2021-05-18T07:57:02.113+0000][7][safepoint   ] Safepoint "Cleanup", Time since last: 1000154800 ns, Reaching safepoint: 186600 ns, At safepoint: 10800 ns, Total: 197400 ns
[2021-05-18T07:57:03.113+0000][7][safepoint   ] Safepoint "Cleanup", Time since last: 1000167500 ns, Reaching safepoint: 168100 ns, At safepoint: 8500 ns, Total: 176600 ns
[2021-05-18T07:57:04.113+0000][7][safepoint   ] Safepoint "Cleanup", Time since last: 1000154000 ns, Reaching safepoint: 222200 ns, At safepoint: 11200 ns, Total: 233400 ns
[2021-05-18T07:57:05.114+0000][7][safepoint   ] Safepoint "Cleanup", Time since last: 1000165900 ns, Reaching safepoint: 234000 ns, At safepoint: 71700 ns, Total: 305700 ns
[2021-05-18T07:57:06.114+0000][7][safepoint   ] Safepoint "Cleanup", Time since last: 1000165400 ns, Reaching safepoint: 149500 ns, At safepoint: 9100 ns, Total: 158600 ns
[2021-05-18T07:57:07.115+0000][7][safepoint   ] Safepoint "Cleanup", Time since last: 1000185000 ns, Reaching safepoint: 204800 ns, At safepoint: 11900 ns, Total: 216700 ns
[2021-05-18T07:57:08.115+0000][7][safepoint   ] Safepoint "Cleanup", Time since last: 1000175700 ns, Reaching safepoint: 195800 ns, At safepoint: 10600 ns, Total: 206400 ns
[2021-05-18T07:57:09.115+0000][7][safepoint   ] Safepoint "Cleanup", Time since last: 1000177100 ns, Reaching safepoint: 116900 ns, At safepoint: 10100 ns, Total: 127000 ns
[2021-05-18T07:57:10.116+0000][7][safepoint   ] Safepoint "Cleanup", Time since last: 1000154500 ns, Reaching safepoint: 179400 ns, At safepoint: 12000 ns, Total: 191400 ns
[2021-05-18T07:57:11.116+0000][7][safepoint   ] Safepoint "Cleanup", Time since last: 1000157700 ns, Reaching safepoint: 151300 ns, At safepoint: 9600 ns, Total: 160900 ns
[2021-05-18T07:57:11.418+0000][7][gc,start    ] GC(14) Pause Young (Normal) (G1 Evacuation Pause)
[2021-05-18T07:57:11.419+0000][7][gc,task     ] GC(14) Using 5 workers of 5 for evacuation
[2021-05-18T07:57:11.419+0000][7][gc,age      ] GC(14) Desired survivor size 20971520 bytes, new threshold 1 (max threshold 15)
[2021-05-18T07:57:11.580+0000][7][gc,age      ] GC(14) Age table with threshold 1 (max threshold 15)
[2021-05-18T07:57:11.580+0000][7][gc,age      ] GC(14) - age   1:    7926512 bytes,    7926512 total
[2021-05-18T07:57:11.580+0000][7][gc,phases   ] GC(14)   Pre Evacuate Collection Set: 0.4ms
[2021-05-18T07:57:11.580+0000][7][gc,phases   ] GC(14)   Merge Heap Roots: 0.2ms
[2021-05-18T07:57:11.580+0000][7][gc,phases   ] GC(14)   Evacuate Collection Set: 147.9ms
[2021-05-18T07:57:11.580+0000][7][gc,phases   ] GC(14)   Post Evacuate Collection Set: 12.5ms
[2021-05-18T07:57:11.580+0000][7][gc,phases   ] GC(14)   Other: 0.6ms
[2021-05-18T07:57:11.580+0000][7][gc,heap     ] GC(14) Eden regions: 68->0(213)
[2021-05-18T07:57:11.580+0000][7][gc,heap     ] GC(14) Survivor regions: 11->3(10)
[2021-05-18T07:57:11.580+0000][7][gc,heap     ] GC(14) Old regions: 14->24
[2021-05-18T07:57:11.580+0000][7][gc,heap     ] GC(14) Archive regions: 2->2
[2021-05-18T07:57:11.580+0000][7][gc,heap     ] GC(14) Humongous regions: 2->2
[2021-05-18T07:57:11.580+0000][7][gc,metaspace] GC(14) Metaspace: 106100K(107776K)->106100K(107776K) NonClass: 91740K(92672K)->91740K(92672K) Class: 14359K(15104K)->14359K(15104K)
[2021-05-18T07:57:11.580+0000][7][gc          ] GC(14) Pause Young (Normal) (G1 Evacuation Pause) 381M->116M(3988M) 161.629ms
[2021-05-18T07:57:11.580+0000][7][gc,cpu      ] GC(14) User=0.15s Sys=0.05s Real=0.16s
[2021-05-18T07:57:11.580+0000][7][safepoint   ] Safepoint "G1CollectForAllocation", Time since last: 285247200 ns, Reaching safepoint: 17197900 ns, At safepoint: 161836900 ns, Total: 179034800 ns
[2021-05-18T07:57:12.581+0000][7][safepoint   ] Safepoint "Cleanup", Time since last: 1000134600 ns, Reaching safepoint: 226400 ns, At safepoint: 30300 ns, Total: 256700 ns
[2021-05-18T07:57:13.581+0000][7][safepoint   ] Safepoint "Cleanup", Time since last: 1000161000 ns, Reaching safepoint: 133200 ns, At safepoint: 28100 ns, Total: 161300 ns
[2021-05-18T07:57:14.581+0000][7][safepoint   ] Safepoint "Cleanup", Time since last: 1000155400 ns, Reaching safepoint: 187300 ns, At safepoint: 46400 ns, Total: 233700 ns
[2021-05-18T07:57:16.582+0000][7][safepoint   ] Safepoint "Cleanup", Time since last: 2000281000 ns, Reaching safepoint: 197600 ns, At safepoint: 29300 ns, Total: 226900 ns
[2021-05-18T07:57:17.582+0000][7][safepoint   ] Safepoint "Cleanup", Time since last: 1000125400 ns, Reaching safepoint: 182500 ns, At safepoint: 29700 ns, Total: 212200 ns
[2021-05-18T07:57:19.583+0000][7][safepoint   ] Safepoint "Cleanup", Time since last: 2000250900 ns, Reaching safepoint: 205900 ns, At safepoint: 33600 ns, Total: 239500 ns
[2021-05-18T07:57:20.583+0000][7][safepoint   ] Safepoint "Cleanup", Time since last: 1000150400 ns, Reaching safepoint: 225000 ns, At safepoint: 55500 ns, Total: 280500 ns
[2021-05-18T07:57:21.584+0000][7][safepoint   ] Safepoint "Cleanup", Time since last: 1000223600 ns, Reaching safepoint: 149800 ns, At safepoint: 32700 ns, Total: 182500 ns
[2021-05-18T07:57:22.584+0000][7][safepoint   ] Safepoint "Cleanup", Time since last: 1000149600 ns, Reaching safepoint: 235300 ns, At safepoint: 30800 ns, Total: 266100 ns
[2021-05-18T07:57:23.584+0000][7][safepoint   ] Safepoint "Cleanup", Time since last: 1000164500 ns, Reaching safepoint: 205700 ns, At safepoint: 58300 ns, Total: 264000 ns
[2021-05-18T07:57:24.585+0000][7][safepoint   ] Safepoint "Cleanup", Time since last: 1000206800 ns, Reaching safepoint: 218000 ns, At safepoint: 32000 ns, Total: 250000 ns
[2021-05-18T07:57:25.585+0000][7][safepoint   ] Safepoint "Cleanup", Time since last: 1000128700 ns, Reaching safepoint: 157000 ns, At safepoint: 35800 ns, Total: 192800 ns
[2021-05-18T07:57:26.586+0000][7][safepoint   ] Safepoint "Cleanup", Time since last: 1000242800 ns, Reaching safepoint: 292600 ns, At safepoint: 96400 ns, Total: 389000 ns
[2021-05-18T07:57:27.586+0000][7][safepoint   ] Safepoint "Cleanup", Time since last: 1000134400 ns, Reaching safepoint: 245500 ns, At safepoint: 30700 ns, Total: 276200 ns
[2021-05-18T07:57:28.587+0000][7][safepoint   ] Safepoint "Cleanup", Time since last: 1000124700 ns, Reaching safepoint: 186900 ns, At safepoint: 54700 ns, Total: 241600 ns
[2021-05-18T07:57:29.587+0000][7][safepoint   ] Safepoint "Cleanup", Time since last: 1000159100 ns, Reaching safepoint: 188400 ns, At safepoint: 39100 ns, Total: 227500 ns
[2021-05-18T07:57:31.587+0000][7][safepoint   ] Safepoint "Cleanup", Time since last: 2000351300 ns, Reaching safepoint: 147000 ns, At safepoint: 27400 ns, Total: 174400 ns
[2021-05-18T07:57:34.588+0000][7][safepoint   ] Safepoint "Cleanup", Time since last: 3000415500 ns, Reaching safepoint: 225300 ns, At safepoint: 38800 ns, Total: 264100 ns
[2021-05-18T07:57:35.589+0000][7][safepoint   ] Safepoint "Cleanup", Time since last: 1000216700 ns, Reaching safepoint: 147600 ns, At safepoint: 27100 ns, Total: 174700 ns
[2021-05-18T07:57:37.589+0000][7][safepoint   ] Safepoint "Cleanup", Time since last: 2000235000 ns, Reaching safepoint: 216100 ns, At safepoint: 49700 ns, Total: 265800 ns
[2021-05-18T07:57:38.589+0000][7][safepoint   ] Safepoint "Cleanup", Time since last: 1000228200 ns, Reaching safepoint: 152400 ns, At safepoint: 11900 ns, Total: 164300 ns
[2021-05-18T07:57:39.590+0000][7][safepoint   ] Safepoint "Cleanup", Time since last: 1000173100 ns, Reaching safepoint: 256200 ns, At safepoint: 38300 ns, Total: 294500 ns
[2021-05-18T07:57:40.590+0000][7][safepoint   ] Safepoint "Cleanup", Time since last: 1000161200 ns, Reaching safepoint: 135800 ns, At safepoint: 27900 ns, Total: 163700 ns
[2021-05-18T07:57:41.591+0000][7][safepoint   ] Safepoint "Cleanup", Time since last: 1000133500 ns, Reaching safepoint: 188800 ns, At safepoint: 29300 ns, Total: 218100 ns
[2021-05-18T07:57:42.591+0000][7][safepoint   ] Safepoint "Cleanup", Time since last: 1000134300 ns, Reaching safepoint: 132100 ns, At safepoint: 27900 ns, Total: 160000 ns
[2021-05-18T07:57:43.591+0000][7][safepoint   ] Safepoint "Cleanup", Time since last: 1000186700 ns, Reaching safepoint: 144000 ns, At safepoint: 27500 ns, Total: 171500 ns
[2021-05-18T07:57:44.592+0000][7][safepoint   ] Safepoint "Cleanup", Time since last: 1000183500 ns, Reaching safepoint: 189600 ns, At safepoint: 40900 ns, Total: 230500 ns
[2021-05-18T07:57:46.592+0000][7][safepoint   ] Safepoint "Cleanup", Time since last: 2000315000 ns, Reaching safepoint: 252800 ns, At safepoint: 45800 ns, Total: 298600 ns
[2021-05-18T07:57:47.593+0000][7][safepoint   ] Safepoint "Cleanup", Time since last: 1000199000 ns, Reaching safepoint: 184300 ns, At safepoint: 40900 ns, Total: 225200 ns
