[2021-05-18T07:26:29.851+0000][6][gc] Using G1
[2021-05-18T07:26:30.825+0000][6][gc,init] Version: 16+36 (release)
[2021-05-18T07:26:30.826+0000][6][gc,init] CPUs: 5 total, 5 available
[2021-05-18T07:26:30.826+0000][6][gc,init] Memory: 7973M
[2021-05-18T07:26:30.826+0000][6][gc,init] Large Page Support: Disabled
[2021-05-18T07:26:30.826+0000][6][gc,init] NUMA Support: Disabled
[2021-05-18T07:26:30.826+0000][6][gc,init] Compressed Oops: Enabled (Zero based)
[2021-05-18T07:26:30.826+0000][6][gc,init] Heap Region Size: 4M
[2021-05-18T07:26:30.826+0000][6][gc,init] Heap Min Capacity: 3988M
[2021-05-18T07:26:30.826+0000][6][gc,init] Heap Initial Capacity: 3988M
[2021-05-18T07:26:30.826+0000][6][gc,init] Heap Max Capacity: 3988M
[2021-05-18T07:26:30.826+0000][6][gc,init] Pre-touch: Enabled
[2021-05-18T07:26:30.826+0000][6][gc,init] Parallel Workers: 5
[2021-05-18T07:26:30.826+0000][6][gc,init] Concurrent Workers: 1
[2021-05-18T07:26:30.826+0000][6][gc,init] Concurrent Refinement Workers: 5
[2021-05-18T07:26:30.826+0000][6][gc,init] Periodic GC: Disabled
[2021-05-18T07:26:30.826+0000][6][gc,metaspace] CDS archive(s) mapped at: [0x0000000800000000-0x0000000800bea000-0x0000000800bea000), size 12492800, SharedBaseAddress: 0x0000000800000000, ArchiveRelocationMode: 0.
[2021-05-18T07:26:30.826+0000][6][gc,metaspace] Compressed class space mapped at: 0x0000000800c00000-0x0000000840c00000, reserved size: 1073741824
[2021-05-18T07:26:30.826+0000][6][gc,metaspace] Narrow klass base: 0x0000000800000000, Narrow klass shift: 3, Narrow klass range: 0x100000000
[2021-05-18T07:26:32.487+0000][6][safepoint   ] Safepoint "Cleanup", Time since last: 1601453800 ns, Reaching safepoint: 279000 ns, At safepoint: 67200 ns, Total: 346200 ns
[2021-05-18T07:26:33.854+0000][6][safepoint   ] Safepoint "Cleanup", Time since last: 1366458600 ns, Reaching safepoint: 193100 ns, At safepoint: 139400 ns, Total: 332500 ns
[2021-05-18T07:26:34.854+0000][6][safepoint   ] Safepoint "Cleanup", Time since last: 1000196300 ns, Reaching safepoint: 321300 ns, At safepoint: 132400 ns, Total: 453700 ns
[2021-05-18T07:26:36.047+0000][6][safepoint   ] Safepoint "Cleanup", Time since last: 1188633600 ns, Reaching safepoint: 3498400 ns, At safepoint: 99800 ns, Total: 3598200 ns
[2021-05-18T07:26:37.079+0000][6][safepoint   ] Safepoint "Cleanup", Time since last: 1031699800 ns, Reaching safepoint: 197200 ns, At safepoint: 6300 ns, Total: 203500 ns
[2021-05-18T07:26:38.087+0000][6][safepoint   ] Safepoint "Cleanup", Time since last: 1006276000 ns, Reaching safepoint: 1756500 ns, At safepoint: 9000 ns, Total: 1765500 ns
[2021-05-18T07:26:38.395+0000][6][safepoint   ] Safepoint "ICBufferFull", Time since last: 308099600 ns, Reaching safepoint: 121700 ns, At safepoint: 7200 ns, Total: 128900 ns
[2021-05-18T07:26:38.459+0000][6][safepoint   ] Safepoint "ICBufferFull", Time since last: 64413700 ns, Reaching safepoint: 125400 ns, At safepoint: 7000 ns, Total: 132400 ns
[2021-05-18T07:26:38.476+0000][6][safepoint   ] Safepoint "ICBufferFull", Time since last: 16657400 ns, Reaching safepoint: 116800 ns, At safepoint: 6100 ns, Total: 122900 ns
[2021-05-18T07:26:38.485+0000][6][safepoint   ] Safepoint "ICBufferFull", Time since last: 9086900 ns, Reaching safepoint: 110500 ns, At safepoint: 7100 ns, Total: 117600 ns
[2021-05-18T07:26:38.507+0000][6][safepoint   ] Safepoint "ICBufferFull", Time since last: 21166400 ns, Reaching safepoint: 127300 ns, At safepoint: 7500 ns, Total: 134800 ns
[2021-05-18T07:26:38.524+0000][6][safepoint   ] Safepoint "ICBufferFull", Time since last: 17581400 ns, Reaching safepoint: 119300 ns, At safepoint: 7800 ns, Total: 127100 ns
[2021-05-18T07:26:38.537+0000][6][safepoint   ] Safepoint "ICBufferFull", Time since last: 12935600 ns, Reaching safepoint: 103800 ns, At safepoint: 6600 ns, Total: 110400 ns
[2021-05-18T07:26:38.551+0000][6][safepoint   ] Safepoint "ICBufferFull", Time since last: 13721100 ns, Reaching safepoint: 145100 ns, At safepoint: 6600 ns, Total: 151700 ns
[2021-05-18T07:26:38.564+0000][6][safepoint   ] Safepoint "ICBufferFull", Time since last: 12581100 ns, Reaching safepoint: 168400 ns, At safepoint: 7200 ns, Total: 175600 ns
[2021-05-18T07:26:38.591+0000][6][safepoint   ] Safepoint "ICBufferFull", Time since last: 26658200 ns, Reaching safepoint: 349700 ns, At safepoint: 6600 ns, Total: 356300 ns
[2021-05-18T07:26:38.600+0000][6][safepoint   ] Safepoint "ICBufferFull", Time since last: 8304600 ns, Reaching safepoint: 123100 ns, At safepoint: 7200 ns, Total: 130300 ns
[2021-05-18T07:26:38.606+0000][6][safepoint   ] Safepoint "ICBufferFull", Time since last: 6220700 ns, Reaching safepoint: 117800 ns, At safepoint: 6700 ns, Total: 124500 ns
[2021-05-18T07:26:38.617+0000][6][safepoint   ] Safepoint "ICBufferFull", Time since last: 11391200 ns, Reaching safepoint: 127900 ns, At safepoint: 8700 ns, Total: 136600 ns
[2021-05-18T07:26:38.643+0000][6][safepoint   ] Safepoint "ICBufferFull", Time since last: 16496200 ns, Reaching safepoint: 9028300 ns, At safepoint: 40100 ns, Total: 9068400 ns
[2021-05-18T07:26:38.648+0000][6][safepoint   ] Safepoint "ICBufferFull", Time since last: 5155400 ns, Reaching safepoint: 123000 ns, At safepoint: 6700 ns, Total: 129700 ns
[2021-05-18T07:26:38.665+0000][6][safepoint   ] Safepoint "ICBufferFull", Time since last: 16368500 ns, Reaching safepoint: 144000 ns, At safepoint: 9200 ns, Total: 153200 ns
[2021-05-18T07:26:38.680+0000][6][safepoint   ] Safepoint "ICBufferFull", Time since last: 15342900 ns, Reaching safepoint: 261500 ns, At safepoint: 6800 ns, Total: 268300 ns
[2021-05-18T07:26:38.700+0000][6][safepoint   ] Safepoint "ICBufferFull", Time since last: 19173400 ns, Reaching safepoint: 124400 ns, At safepoint: 7500 ns, Total: 131900 ns
[2021-05-18T07:26:38.729+0000][6][safepoint   ] Safepoint "ICBufferFull", Time since last: 28884900 ns, Reaching safepoint: 115600 ns, At safepoint: 7700 ns, Total: 123300 ns
[2021-05-18T07:26:38.731+0000][6][safepoint   ] Safepoint "ICBufferFull", Time since last: 1717800 ns, Reaching safepoint: 110400 ns, At safepoint: 5400 ns, Total: 115800 ns
[2021-05-18T07:26:38.744+0000][6][safepoint   ] Safepoint "ICBufferFull", Time since last: 12883700 ns, Reaching safepoint: 119600 ns, At safepoint: 6800 ns, Total: 126400 ns
[2021-05-18T07:26:38.745+0000][6][safepoint   ] Safepoint "ICBufferFull", Time since last: 1624700 ns, Reaching safepoint: 118800 ns, At safepoint: 7100 ns, Total: 125900 ns
[2021-05-18T07:26:38.747+0000][6][safepoint   ] Safepoint "ICBufferFull", Time since last: 1823500 ns, Reaching safepoint: 129900 ns, At safepoint: 5700 ns, Total: 135600 ns
[2021-05-18T07:26:38.759+0000][6][safepoint   ] Safepoint "ICBufferFull", Time since last: 11327600 ns, Reaching safepoint: 119300 ns, At safepoint: 7300 ns, Total: 126600 ns
[2021-05-18T07:26:38.761+0000][6][safepoint   ] Safepoint "ICBufferFull", Time since last: 1632100 ns, Reaching safepoint: 224100 ns, At safepoint: 36100 ns, Total: 260200 ns
[2021-05-18T07:26:38.762+0000][6][safepoint   ] Safepoint "ICBufferFull", Time since last: 1699800 ns, Reaching safepoint: 102300 ns, At safepoint: 5800 ns, Total: 108100 ns
[2021-05-18T07:26:38.764+0000][6][safepoint   ] Safepoint "ICBufferFull", Time since last: 1660400 ns, Reaching safepoint: 118200 ns, At safepoint: 6300 ns, Total: 124500 ns
[2021-05-18T07:26:38.776+0000][6][safepoint   ] Safepoint "ICBufferFull", Time since last: 11426700 ns, Reaching safepoint: 147900 ns, At safepoint: 6000 ns, Total: 153900 ns
[2021-05-18T07:26:38.778+0000][6][safepoint   ] Safepoint "ICBufferFull", Time since last: 1732500 ns, Reaching safepoint: 115900 ns, At safepoint: 6100 ns, Total: 122000 ns
[2021-05-18T07:26:38.779+0000][6][safepoint   ] Safepoint "ICBufferFull", Time since last: 1575700 ns, Reaching safepoint: 118200 ns, At safepoint: 5500 ns, Total: 123700 ns
[2021-05-18T07:26:38.791+0000][6][safepoint   ] Safepoint "ICBufferFull", Time since last: 11635400 ns, Reaching safepoint: 134200 ns, At safepoint: 7500 ns, Total: 141700 ns
[2021-05-18T07:26:38.793+0000][6][safepoint   ] Safepoint "ICBufferFull", Time since last: 1766800 ns, Reaching safepoint: 121100 ns, At safepoint: 6800 ns, Total: 127900 ns
[2021-05-18T07:26:38.795+0000][6][safepoint   ] Safepoint "ICBufferFull", Time since last: 1850000 ns, Reaching safepoint: 117800 ns, At safepoint: 6500 ns, Total: 124300 ns
[2021-05-18T07:26:38.807+0000][6][safepoint   ] Safepoint "ICBufferFull", Time since last: 11859400 ns, Reaching safepoint: 112800 ns, At safepoint: 5900 ns, Total: 118700 ns
[2021-05-18T07:26:38.809+0000][6][safepoint   ] Safepoint "ICBufferFull", Time since last: 1620800 ns, Reaching safepoint: 125000 ns, At safepoint: 6100 ns, Total: 131100 ns
[2021-05-18T07:26:38.811+0000][6][safepoint   ] Safepoint "ICBufferFull", Time since last: 1943000 ns, Reaching safepoint: 154300 ns, At safepoint: 5900 ns, Total: 160200 ns
[2021-05-18T07:26:38.840+0000][6][safepoint   ] Safepoint "ICBufferFull", Time since last: 28587500 ns, Reaching safepoint: 129100 ns, At safepoint: 34600 ns, Total: 163700 ns
[2021-05-18T07:26:38.854+0000][6][safepoint   ] Safepoint "ICBufferFull", Time since last: 10122500 ns, Reaching safepoint: 4432000 ns, At safepoint: 53100 ns, Total: 4485100 ns
[2021-05-18T07:26:38.859+0000][6][safepoint   ] Safepoint "ICBufferFull", Time since last: 4257200 ns, Reaching safepoint: 133800 ns, At safepoint: 17500 ns, Total: 151300 ns
[2021-05-18T07:26:39.033+0000][6][safepoint   ] Safepoint "ICBufferFull", Time since last: 174515800 ns, Reaching safepoint: 139900 ns, At safepoint: 7200 ns, Total: 147100 ns
[2021-05-18T07:26:39.047+0000][6][safepoint   ] Safepoint "ICBufferFull", Time since last: 13208700 ns, Reaching safepoint: 120900 ns, At safepoint: 6600 ns, Total: 127500 ns
[2021-05-18T07:26:39.049+0000][6][safepoint   ] Safepoint "ICBufferFull", Time since last: 1818300 ns, Reaching safepoint: 112500 ns, At safepoint: 6600 ns, Total: 119100 ns
[2021-05-18T07:26:39.050+0000][6][safepoint   ] Safepoint "ICBufferFull", Time since last: 1679800 ns, Reaching safepoint: 112400 ns, At safepoint: 6200 ns, Total: 118600 ns
[2021-05-18T07:26:39.052+0000][6][safepoint   ] Safepoint "ICBufferFull", Time since last: 1468300 ns, Reaching safepoint: 115900 ns, At safepoint: 6600 ns, Total: 122500 ns
[2021-05-18T07:26:39.063+0000][6][safepoint   ] Safepoint "ICBufferFull", Time since last: 10836100 ns, Reaching safepoint: 109100 ns, At safepoint: 6400 ns, Total: 115500 ns
[2021-05-18T07:26:39.065+0000][6][safepoint   ] Safepoint "ICBufferFull", Time since last: 1769700 ns, Reaching safepoint: 113000 ns, At safepoint: 5100 ns, Total: 118100 ns
[2021-05-18T07:26:39.066+0000][6][safepoint   ] Safepoint "ICBufferFull", Time since last: 1492300 ns, Reaching safepoint: 105200 ns, At safepoint: 5700 ns, Total: 110900 ns
[2021-05-18T07:26:39.068+0000][6][safepoint   ] Safepoint "ICBufferFull", Time since last: 1531800 ns, Reaching safepoint: 108500 ns, At safepoint: 5400 ns, Total: 113900 ns
[2021-05-18T07:26:39.073+0000][6][safepoint   ] Safepoint "ICBufferFull", Time since last: 2027100 ns, Reaching safepoint: 3064600 ns, At safepoint: 10500 ns, Total: 3075100 ns
[2021-05-18T07:26:39.078+0000][6][safepoint   ] Safepoint "ICBufferFull", Time since last: 5134700 ns, Reaching safepoint: 113100 ns, At safepoint: 34600 ns, Total: 147700 ns
[2021-05-18T07:26:39.080+0000][6][safepoint   ] Safepoint "ICBufferFull", Time since last: 1936100 ns, Reaching safepoint: 114400 ns, At safepoint: 6500 ns, Total: 120900 ns
[2021-05-18T07:26:39.082+0000][6][safepoint   ] Safepoint "ICBufferFull", Time since last: 1710000 ns, Reaching safepoint: 121100 ns, At safepoint: 7000 ns, Total: 128100 ns
[2021-05-18T07:26:39.084+0000][6][safepoint   ] Safepoint "ICBufferFull", Time since last: 1749900 ns, Reaching safepoint: 182900 ns, At safepoint: 43000 ns, Total: 225900 ns
[2021-05-18T07:26:39.086+0000][6][safepoint   ] Safepoint "ICBufferFull", Time since last: 1582800 ns, Reaching safepoint: 109500 ns, At safepoint: 7400 ns, Total: 116900 ns
[2021-05-18T07:26:39.089+0000][6][safepoint   ] Safepoint "ICBufferFull", Time since last: 2941500 ns, Reaching safepoint: 169200 ns, At safepoint: 7600 ns, Total: 176800 ns
[2021-05-18T07:26:39.091+0000][6][safepoint   ] Safepoint "ICBufferFull", Time since last: 1917700 ns, Reaching safepoint: 290200 ns, At safepoint: 6900 ns, Total: 297100 ns
[2021-05-18T07:26:39.093+0000][6][safepoint   ] Safepoint "ICBufferFull", Time since last: 1737500 ns, Reaching safepoint: 134400 ns, At safepoint: 6100 ns, Total: 140500 ns
[2021-05-18T07:26:39.095+0000][6][safepoint   ] Safepoint "ICBufferFull", Time since last: 1810900 ns, Reaching safepoint: 28300 ns, At safepoint: 5200 ns, Total: 33500 ns
[2021-05-18T07:26:39.098+0000][6][safepoint   ] Safepoint "ICBufferFull", Time since last: 3006500 ns, Reaching safepoint: 159500 ns, At safepoint: 8500 ns, Total: 168000 ns
[2021-05-18T07:26:39.984+0000][6][safepoint   ] Safepoint "ICBufferFull", Time since last: 885623700 ns, Reaching safepoint: 210100 ns, At safepoint: 7500 ns, Total: 217600 ns
[2021-05-18T07:26:40.508+0000][6][safepoint   ] Safepoint "ICBufferFull", Time since last: 523944300 ns, Reaching safepoint: 155800 ns, At safepoint: 6200 ns, Total: 162000 ns
[2021-05-18T07:26:40.510+0000][6][safepoint   ] Safepoint "ICBufferFull", Time since last: 1601100 ns, Reaching safepoint: 114500 ns, At safepoint: 6500 ns, Total: 121000 ns
[2021-05-18T07:26:40.512+0000][6][safepoint   ] Safepoint "ICBufferFull", Time since last: 1499600 ns, Reaching safepoint: 131800 ns, At safepoint: 6100 ns, Total: 137900 ns
[2021-05-18T07:26:40.630+0000][6][gc,start    ] GC(0) Pause Young (Normal) (G1 Evacuation Pause)
[2021-05-18T07:26:40.630+0000][6][gc,task     ] GC(0) Using 5 workers of 5 for evacuation
[2021-05-18T07:26:40.630+0000][6][gc,age      ] GC(0) Desired survivor size 14680064 bytes, new threshold 15 (max threshold 15)
[2021-05-18T07:26:40.663+0000][6][gc,age      ] GC(0) Age table with threshold 15 (max threshold 15)
[2021-05-18T07:26:40.663+0000][6][gc,age      ] GC(0) - age   1:   11103984 bytes,   11103984 total
[2021-05-18T07:26:40.663+0000][6][gc,phases   ] GC(0)   Pre Evacuate Collection Set: 0.2ms
[2021-05-18T07:26:40.663+0000][6][gc,phases   ] GC(0)   Merge Heap Roots: 0.1ms
[2021-05-18T07:26:40.663+0000][6][gc,phases   ] GC(0)   Evacuate Collection Set: 18.8ms
[2021-05-18T07:26:40.663+0000][6][gc,phases   ] GC(0)   Post Evacuate Collection Set: 13.6ms
[2021-05-18T07:26:40.663+0000][6][gc,phases   ] GC(0)   Other: 0.3ms
[2021-05-18T07:26:40.663+0000][6][gc,heap     ] GC(0) Eden regions: 49->0(46)
[2021-05-18T07:26:40.663+0000][6][gc,heap     ] GC(0) Survivor regions: 0->3(7)
[2021-05-18T07:26:40.663+0000][6][gc,heap     ] GC(0) Old regions: 0->0
[2021-05-18T07:26:40.663+0000][6][gc,heap     ] GC(0) Archive regions: 2->2
[2021-05-18T07:26:40.663+0000][6][gc,heap     ] GC(0) Humongous regions: 0->0
[2021-05-18T07:26:40.663+0000][6][gc,metaspace] GC(0) Metaspace: 17736K(18048K)->17736K(18048K) NonClass: 15641K(15808K)->15641K(15808K) Class: 2094K(2240K)->2094K(2240K)
[2021-05-18T07:26:40.663+0000][6][gc          ] GC(0) Pause Young (Normal) (G1 Evacuation Pause) 199M->14M(3988M) 33.178ms
[2021-05-18T07:26:40.663+0000][6][gc,cpu      ] GC(0) User=0.08s Sys=0.01s Real=0.04s
[2021-05-18T07:26:40.663+0000][6][safepoint   ] Safepoint "G1CollectForAllocation", Time since last: 118185900 ns, Reaching safepoint: 96300 ns, At safepoint: 33350100 ns, Total: 33446400 ns
[2021-05-18T07:26:40.743+0000][6][safepoint   ] Safepoint "ICBufferFull", Time since last: 80047900 ns, Reaching safepoint: 90900 ns, At safepoint: 7800 ns, Total: 98700 ns
[2021-05-18T07:26:40.748+0000][6][safepoint   ] Safepoint "ICBufferFull", Time since last: 1809000 ns, Reaching safepoint: 2774800 ns, At safepoint: 13500 ns, Total: 2788300 ns
[2021-05-18T07:26:40.755+0000][6][safepoint   ] Safepoint "ICBufferFull", Time since last: 7320800 ns, Reaching safepoint: 119600 ns, At safepoint: 6800 ns, Total: 126400 ns
[2021-05-18T07:26:40.758+0000][6][safepoint   ] Safepoint "ICBufferFull", Time since last: 2604300 ns, Reaching safepoint: 107600 ns, At safepoint: 6500 ns, Total: 114100 ns
[2021-05-18T07:26:40.760+0000][6][safepoint   ] Safepoint "ICBufferFull", Time since last: 1578600 ns, Reaching safepoint: 121100 ns, At safepoint: 5900 ns, Total: 127000 ns
[2021-05-18T07:26:40.762+0000][6][safepoint   ] Safepoint "ICBufferFull", Time since last: 1914100 ns, Reaching safepoint: 175600 ns, At safepoint: 6100 ns, Total: 181700 ns
[2021-05-18T07:26:40.775+0000][6][safepoint   ] Safepoint "ICBufferFull", Time since last: 12885000 ns, Reaching safepoint: 62400 ns, At safepoint: 5700 ns, Total: 68100 ns
[2021-05-18T07:26:40.777+0000][6][safepoint   ] Safepoint "ICBufferFull", Time since last: 2158600 ns, Reaching safepoint: 62000 ns, At safepoint: 5200 ns, Total: 67200 ns
[2021-05-18T07:26:40.779+0000][6][safepoint   ] Safepoint "ICBufferFull", Time since last: 1637500 ns, Reaching safepoint: 54900 ns, At safepoint: 4700 ns, Total: 59600 ns
[2021-05-18T07:26:40.795+0000][6][safepoint   ] Safepoint "ICBufferFull", Time since last: 16087700 ns, Reaching safepoint: 60800 ns, At safepoint: 6100 ns, Total: 66900 ns
[2021-05-18T07:26:40.810+0000][6][safepoint   ] Safepoint "ICBufferFull", Time since last: 14885700 ns, Reaching safepoint: 70800 ns, At safepoint: 5900 ns, Total: 76700 ns
[2021-05-18T07:26:40.823+0000][6][safepoint   ] Safepoint "ICBufferFull", Time since last: 13489500 ns, Reaching safepoint: 82900 ns, At safepoint: 5800 ns, Total: 88700 ns
[2021-05-18T07:26:40.825+0000][6][safepoint   ] Safepoint "ICBufferFull", Time since last: 1576700 ns, Reaching safepoint: 73500 ns, At safepoint: 6900 ns, Total: 80400 ns
[2021-05-18T07:26:40.827+0000][6][safepoint   ] Safepoint "ICBufferFull", Time since last: 1630000 ns, Reaching safepoint: 46700 ns, At safepoint: 5000 ns, Total: 51700 ns
[2021-05-18T07:26:40.840+0000][6][safepoint   ] Safepoint "ICBufferFull", Time since last: 12770600 ns, Reaching safepoint: 64700 ns, At safepoint: 5100 ns, Total: 69800 ns
[2021-05-18T07:26:40.841+0000][6][safepoint   ] Safepoint "ICBufferFull", Time since last: 1207400 ns, Reaching safepoint: 170600 ns, At safepoint: 39800 ns, Total: 210400 ns
[2021-05-18T07:26:40.843+0000][6][safepoint   ] Safepoint "ICBufferFull", Time since last: 1640300 ns, Reaching safepoint: 185200 ns, At safepoint: 31800 ns, Total: 217000 ns
[2021-05-18T07:26:40.845+0000][6][safepoint   ] Safepoint "ICBufferFull", Time since last: 1602600 ns, Reaching safepoint: 209500 ns, At safepoint: 6000 ns, Total: 215500 ns
[2021-05-18T07:26:40.856+0000][6][safepoint   ] Safepoint "ICBufferFull", Time since last: 10317300 ns, Reaching safepoint: 1427100 ns, At safepoint: 8500 ns, Total: 1435600 ns
[2021-05-18T07:26:41.083+0000][6][safepoint   ] Safepoint "ICBufferFull", Time since last: 226897100 ns, Reaching safepoint: 86800 ns, At safepoint: 6500 ns, Total: 93300 ns
[2021-05-18T07:26:41.086+0000][6][safepoint   ] Safepoint "ICBufferFull", Time since last: 2731700 ns, Reaching safepoint: 77000 ns, At safepoint: 6800 ns, Total: 83800 ns
[2021-05-18T07:26:41.088+0000][6][safepoint   ] Safepoint "ICBufferFull", Time since last: 1651500 ns, Reaching safepoint: 92000 ns, At safepoint: 5100 ns, Total: 97100 ns
[2021-05-18T07:26:41.101+0000][6][safepoint   ] Safepoint "ICBufferFull", Time since last: 12397700 ns, Reaching safepoint: 142600 ns, At safepoint: 7500 ns, Total: 150100 ns
[2021-05-18T07:26:41.103+0000][6][safepoint   ] Safepoint "ICBufferFull", Time since last: 1865500 ns, Reaching safepoint: 212300 ns, At safepoint: 7200 ns, Total: 219500 ns
[2021-05-18T07:26:41.104+0000][6][safepoint   ] Safepoint "ICBufferFull", Time since last: 1674500 ns, Reaching safepoint: 183300 ns, At safepoint: 6100 ns, Total: 189400 ns
[2021-05-18T07:26:41.106+0000][6][safepoint   ] Safepoint "ICBufferFull", Time since last: 1741400 ns, Reaching safepoint: 171900 ns, At safepoint: 6600 ns, Total: 178500 ns
[2021-05-18T07:26:41.108+0000][6][safepoint   ] Safepoint "ICBufferFull", Time since last: 1292100 ns, Reaching safepoint: 277900 ns, At safepoint: 6400 ns, Total: 284300 ns
[2021-05-18T07:26:41.114+0000][6][safepoint   ] Safepoint "ICBufferFull", Time since last: 6255100 ns, Reaching safepoint: 69700 ns, At safepoint: 6400 ns, Total: 76100 ns
[2021-05-18T07:26:41.119+0000][6][safepoint   ] Safepoint "ICBufferFull", Time since last: 4253200 ns, Reaching safepoint: 113700 ns, At safepoint: 7300 ns, Total: 121000 ns
[2021-05-18T07:26:41.121+0000][6][safepoint   ] Safepoint "ICBufferFull", Time since last: 1913400 ns, Reaching safepoint: 81900 ns, At safepoint: 7100 ns, Total: 89000 ns
[2021-05-18T07:26:41.122+0000][6][safepoint   ] Safepoint "ICBufferFull", Time since last: 1567400 ns, Reaching safepoint: 167700 ns, At safepoint: 6400 ns, Total: 174100 ns
[2021-05-18T07:26:41.124+0000][6][safepoint   ] Safepoint "ICBufferFull", Time since last: 1579000 ns, Reaching safepoint: 142200 ns, At safepoint: 6800 ns, Total: 149000 ns
[2021-05-18T07:26:41.127+0000][6][safepoint   ] Safepoint "ICBufferFull", Time since last: 2129100 ns, Reaching safepoint: 346600 ns, At safepoint: 6200 ns, Total: 352800 ns
[2021-05-18T07:26:41.135+0000][6][safepoint   ] Safepoint "ICBufferFull", Time since last: 7640200 ns, Reaching safepoint: 351000 ns, At safepoint: 40500 ns, Total: 391500 ns
[2021-05-18T07:26:41.143+0000][6][safepoint   ] Safepoint "ICBufferFull", Time since last: 4443300 ns, Reaching safepoint: 3548600 ns, At safepoint: 198200 ns, Total: 3746800 ns
[2021-05-18T07:26:41.145+0000][6][safepoint   ] Safepoint "ICBufferFull", Time since last: 1575900 ns, Reaching safepoint: 166000 ns, At safepoint: 6500 ns, Total: 172500 ns
[2021-05-18T07:26:41.146+0000][6][safepoint   ] Safepoint "ICBufferFull", Time since last: 1414800 ns, Reaching safepoint: 166900 ns, At safepoint: 7500 ns, Total: 174400 ns
[2021-05-18T07:26:41.160+0000][6][safepoint   ] Safepoint "ICBufferFull", Time since last: 13098300 ns, Reaching safepoint: 463300 ns, At safepoint: 8300 ns, Total: 471600 ns
[2021-05-18T07:26:41.163+0000][6][safepoint   ] Safepoint "ICBufferFull", Time since last: 2661300 ns, Reaching safepoint: 138300 ns, At safepoint: 5800 ns, Total: 144100 ns
[2021-05-18T07:26:41.419+0000][6][safepoint   ] Safepoint "ICBufferFull", Time since last: 256036300 ns, Reaching safepoint: 101200 ns, At safepoint: 7200 ns, Total: 108400 ns
[2021-05-18T07:26:41.422+0000][6][safepoint   ] Safepoint "ICBufferFull", Time since last: 3341700 ns, Reaching safepoint: 91300 ns, At safepoint: 5900 ns, Total: 97200 ns
[2021-05-18T07:26:41.434+0000][6][safepoint   ] Safepoint "ICBufferFull", Time since last: 11932100 ns, Reaching safepoint: 61500 ns, At safepoint: 6200 ns, Total: 67700 ns
[2021-05-18T07:26:41.449+0000][6][safepoint   ] Safepoint "ICBufferFull", Time since last: 14288400 ns, Reaching safepoint: 162000 ns, At safepoint: 7100 ns, Total: 169100 ns
[2021-05-18T07:26:41.451+0000][6][safepoint   ] Safepoint "ICBufferFull", Time since last: 1889400 ns, Reaching safepoint: 85200 ns, At safepoint: 6000 ns, Total: 91200 ns
[2021-05-18T07:26:41.452+0000][6][safepoint   ] Safepoint "ICBufferFull", Time since last: 1643600 ns, Reaching safepoint: 71700 ns, At safepoint: 6300 ns, Total: 78000 ns
[2021-05-18T07:26:41.454+0000][6][safepoint   ] Safepoint "ICBufferFull", Time since last: 1545700 ns, Reaching safepoint: 73800 ns, At safepoint: 6200 ns, Total: 80000 ns
[2021-05-18T07:26:41.463+0000][6][safepoint   ] Safepoint "ICBufferFull", Time since last: 8562000 ns, Reaching safepoint: 79200 ns, At safepoint: 6500 ns, Total: 85700 ns
[2021-05-18T07:26:41.467+0000][6][safepoint   ] Safepoint "ICBufferFull", Time since last: 4437600 ns, Reaching safepoint: 101400 ns, At safepoint: 5700 ns, Total: 107100 ns
[2021-05-18T07:26:41.469+0000][6][safepoint   ] Safepoint "ICBufferFull", Time since last: 1607800 ns, Reaching safepoint: 69800 ns, At safepoint: 5800 ns, Total: 75600 ns
[2021-05-18T07:26:41.470+0000][6][safepoint   ] Safepoint "ICBufferFull", Time since last: 1578700 ns, Reaching safepoint: 69700 ns, At safepoint: 5600 ns, Total: 75300 ns
[2021-05-18T07:26:41.472+0000][6][safepoint   ] Safepoint "ICBufferFull", Time since last: 1786700 ns, Reaching safepoint: 99800 ns, At safepoint: 6000 ns, Total: 105800 ns
[2021-05-18T07:26:41.474+0000][6][safepoint   ] Safepoint "ICBufferFull", Time since last: 1587800 ns, Reaching safepoint: 115200 ns, At safepoint: 6100 ns, Total: 121300 ns
[2021-05-18T07:26:41.476+0000][6][safepoint   ] Safepoint "ICBufferFull", Time since last: 1514300 ns, Reaching safepoint: 80800 ns, At safepoint: 6500 ns, Total: 87300 ns
[2021-05-18T07:26:41.487+0000][6][safepoint   ] Safepoint "ICBufferFull", Time since last: 11707400 ns, Reaching safepoint: 86200 ns, At safepoint: 5800 ns, Total: 92000 ns
[2021-05-18T07:26:41.489+0000][6][safepoint   ] Safepoint "ICBufferFull", Time since last: 1401400 ns, Reaching safepoint: 164300 ns, At safepoint: 5900 ns, Total: 170200 ns
[2021-05-18T07:26:41.491+0000][6][safepoint   ] Safepoint "ICBufferFull", Time since last: 1656700 ns, Reaching safepoint: 176200 ns, At safepoint: 6800 ns, Total: 183000 ns
[2021-05-18T07:26:41.493+0000][6][safepoint   ] Safepoint "ICBufferFull", Time since last: 1735900 ns, Reaching safepoint: 179300 ns, At safepoint: 6400 ns, Total: 185700 ns
[2021-05-18T07:26:41.496+0000][6][safepoint   ] Safepoint "ICBufferFull", Time since last: 2997900 ns, Reaching safepoint: 173500 ns, At safepoint: 7700 ns, Total: 181200 ns
[2021-05-18T07:26:41.501+0000][6][safepoint   ] Safepoint "ICBufferFull", Time since last: 5097100 ns, Reaching safepoint: 171300 ns, At safepoint: 7100 ns, Total: 178400 ns
[2021-05-18T07:26:42.194+0000][6][safepoint   ] Safepoint "ICBufferFull", Time since last: 692178000 ns, Reaching safepoint: 138100 ns, At safepoint: 11200 ns, Total: 149300 ns
[2021-05-18T07:26:42.217+0000][6][safepoint   ] Safepoint "ICBufferFull", Time since last: 22830800 ns, Reaching safepoint: 70100 ns, At safepoint: 7000 ns, Total: 77100 ns
[2021-05-18T07:26:42.233+0000][6][safepoint   ] Safepoint "ICBufferFull", Time since last: 10505300 ns, Reaching safepoint: 5484400 ns, At safepoint: 14500 ns, Total: 5498900 ns
[2021-05-18T07:26:42.249+0000][6][safepoint   ] Safepoint "ICBufferFull", Time since last: 16009300 ns, Reaching safepoint: 157000 ns, At safepoint: 7900 ns, Total: 164900 ns
[2021-05-18T07:26:42.259+0000][6][safepoint   ] Safepoint "ICBufferFull", Time since last: 10028300 ns, Reaching safepoint: 111800 ns, At safepoint: 6300 ns, Total: 118100 ns
[2021-05-18T07:26:42.260+0000][6][safepoint   ] Safepoint "ICBufferFull", Time since last: 1489900 ns, Reaching safepoint: 133600 ns, At safepoint: 5600 ns, Total: 139200 ns
[2021-05-18T07:26:42.262+0000][6][safepoint   ] Safepoint "ICBufferFull", Time since last: 1641000 ns, Reaching safepoint: 73900 ns, At safepoint: 6100 ns, Total: 80000 ns
[2021-05-18T07:26:42.276+0000][6][safepoint   ] Safepoint "ICBufferFull", Time since last: 13683100 ns, Reaching safepoint: 77100 ns, At safepoint: 5500 ns, Total: 82600 ns
[2021-05-18T07:26:42.278+0000][6][safepoint   ] Safepoint "ICBufferFull", Time since last: 1577000 ns, Reaching safepoint: 81600 ns, At safepoint: 5700 ns, Total: 87300 ns
[2021-05-18T07:26:42.279+0000][6][safepoint   ] Safepoint "ICBufferFull", Time since last: 1680200 ns, Reaching safepoint: 126100 ns, At safepoint: 8800 ns, Total: 134900 ns
[2021-05-18T07:26:42.281+0000][6][safepoint   ] Safepoint "ICBufferFull", Time since last: 1712400 ns, Reaching safepoint: 71100 ns, At safepoint: 89200 ns, Total: 160300 ns
[2021-05-18T07:26:42.294+0000][6][safepoint   ] Safepoint "ICBufferFull", Time since last: 12615500 ns, Reaching safepoint: 194400 ns, At safepoint: 6600 ns, Total: 201000 ns
[2021-05-18T07:26:42.309+0000][6][safepoint   ] Safepoint "ICBufferFull", Time since last: 7688400 ns, Reaching safepoint: 7454500 ns, At safepoint: 36200 ns, Total: 7490700 ns
[2021-05-18T07:26:42.312+0000][6][safepoint   ] Safepoint "ICBufferFull", Time since last: 2255400 ns, Reaching safepoint: 81600 ns, At safepoint: 37300 ns, Total: 118900 ns
[2021-05-18T07:26:42.325+0000][6][safepoint   ] Safepoint "ICBufferFull", Time since last: 13372700 ns, Reaching safepoint: 196900 ns, At safepoint: 8000 ns, Total: 204900 ns
[2021-05-18T07:26:42.327+0000][6][safepoint   ] Safepoint "ICBufferFull", Time since last: 1744600 ns, Reaching safepoint: 76400 ns, At safepoint: 6700 ns, Total: 83100 ns
[2021-05-18T07:26:42.329+0000][6][safepoint   ] Safepoint "ICBufferFull", Time since last: 1800000 ns, Reaching safepoint: 113300 ns, At safepoint: 5900 ns, Total: 119200 ns
[2021-05-18T07:26:42.339+0000][6][safepoint   ] Safepoint "ICBufferFull", Time since last: 9395200 ns, Reaching safepoint: 162000 ns, At safepoint: 11000 ns, Total: 173000 ns
[2021-05-18T07:26:42.354+0000][6][safepoint   ] Safepoint "ICBufferFull", Time since last: 8110800 ns, Reaching safepoint: 6900300 ns, At safepoint: 11800 ns, Total: 6912100 ns
[2021-05-18T07:26:42.356+0000][6][safepoint   ] Safepoint "ICBufferFull", Time since last: 2302200 ns, Reaching safepoint: 98700 ns, At safepoint: 6300 ns, Total: 105000 ns
[2021-05-18T07:26:42.945+0000][6][gc,start    ] GC(1) Pause Young (Normal) (G1 Evacuation Pause)
[2021-05-18T07:26:42.945+0000][6][gc,task     ] GC(1) Using 5 workers of 5 for evacuation
[2021-05-18T07:26:42.945+0000][6][gc,age      ] GC(1) Desired survivor size 14680064 bytes, new threshold 15 (max threshold 15)
[2021-05-18T07:26:42.976+0000][6][gc,age      ] GC(1) Age table with threshold 15 (max threshold 15)
[2021-05-18T07:26:42.976+0000][6][gc,age      ] GC(1) - age   1:    2783720 bytes,    2783720 total
[2021-05-18T07:26:42.976+0000][6][gc,age      ] GC(1) - age   2:   10147536 bytes,   12931256 total
[2021-05-18T07:26:42.976+0000][6][gc,phases   ] GC(1)   Pre Evacuate Collection Set: 0.3ms
[2021-05-18T07:26:42.976+0000][6][gc,phases   ] GC(1)   Merge Heap Roots: 0.2ms
[2021-05-18T07:26:42.976+0000][6][gc,phases   ] GC(1)   Evacuate Collection Set: 28.9ms
[2021-05-18T07:26:42.976+0000][6][gc,phases   ] GC(1)   Post Evacuate Collection Set: 1.5ms
[2021-05-18T07:26:42.976+0000][6][gc,phases   ] GC(1)   Other: 0.3ms
[2021-05-18T07:26:42.976+0000][6][gc,heap     ] GC(1) Eden regions: 46->0(45)
[2021-05-18T07:26:42.976+0000][6][gc,heap     ] GC(1) Survivor regions: 3->4(7)
[2021-05-18T07:26:42.976+0000][6][gc,heap     ] GC(1) Old regions: 0->0
[2021-05-18T07:26:42.976+0000][6][gc,heap     ] GC(1) Archive regions: 2->2
[2021-05-18T07:26:42.976+0000][6][gc,heap     ] GC(1) Humongous regions: 0->0
[2021-05-18T07:26:42.976+0000][6][gc,metaspace] GC(1) Metaspace: 18279K(18624K)->18279K(18624K) NonClass: 16120K(16320K)->16120K(16320K) Class: 2158K(2304K)->2158K(2304K)
[2021-05-18T07:26:42.977+0000][6][gc          ] GC(1) Pause Young (Normal) (G1 Evacuation Pause) 198M->17M(3988M) 31.366ms
[2021-05-18T07:26:42.977+0000][6][gc,cpu      ] GC(1) User=0.07s Sys=0.02s Real=0.03s
[2021-05-18T07:26:42.977+0000][6][safepoint   ] Safepoint "G1CollectForAllocation", Time since last: 588927000 ns, Reaching safepoint: 181600 ns, At safepoint: 31469200 ns, Total: 31650800 ns
[2021-05-18T07:26:43.985+0000][6][safepoint   ] Safepoint "Cleanup", Time since last: 1000203600 ns, Reaching safepoint: 5520900 ns, At safepoint: 2516300 ns, Total: 8037200 ns
[2021-05-18T07:26:44.985+0000][6][safepoint   ] Safepoint "Cleanup", Time since last: 1000206700 ns, Reaching safepoint: 128300 ns, At safepoint: 6900 ns, Total: 135200 ns
[2021-05-18T07:26:45.272+0000][6][gc,start    ] GC(2) Pause Young (Normal) (G1 Evacuation Pause)
[2021-05-18T07:26:45.272+0000][6][gc,task     ] GC(2) Using 5 workers of 5 for evacuation
[2021-05-18T07:26:45.272+0000][6][gc,age      ] GC(2) Desired survivor size 14680064 bytes, new threshold 15 (max threshold 15)
[2021-05-18T07:26:45.307+0000][6][gc,age      ] GC(2) Age table with threshold 15 (max threshold 15)
[2021-05-18T07:26:45.307+0000][6][gc,age      ] GC(2) - age   1:    1290424 bytes,    1290424 total
[2021-05-18T07:26:45.307+0000][6][gc,age      ] GC(2) - age   2:    1926496 bytes,    3216920 total
[2021-05-18T07:26:45.307+0000][6][gc,age      ] GC(2) - age   3:   10146440 bytes,   13363360 total
[2021-05-18T07:26:45.307+0000][6][gc,phases   ] GC(2)   Pre Evacuate Collection Set: 0.3ms
[2021-05-18T07:26:45.307+0000][6][gc,phases   ] GC(2)   Merge Heap Roots: 0.0ms
[2021-05-18T07:26:45.307+0000][6][gc,phases   ] GC(2)   Evacuate Collection Set: 33.7ms
[2021-05-18T07:26:45.307+0000][6][gc,phases   ] GC(2)   Post Evacuate Collection Set: 1.1ms
[2021-05-18T07:26:45.307+0000][6][gc,phases   ] GC(2)   Other: 0.3ms
[2021-05-18T07:26:45.307+0000][6][gc,heap     ] GC(2) Eden regions: 45->0(45)
[2021-05-18T07:26:45.307+0000][6][gc,heap     ] GC(2) Survivor regions: 4->4(7)
[2021-05-18T07:26:45.307+0000][6][gc,heap     ] GC(2) Old regions: 0->0
[2021-05-18T07:26:45.307+0000][6][gc,heap     ] GC(2) Archive regions: 2->2
[2021-05-18T07:26:45.307+0000][6][gc,heap     ] GC(2) Humongous regions: 0->0
[2021-05-18T07:26:45.307+0000][6][gc,metaspace] GC(2) Metaspace: 18761K(19136K)->18761K(19136K) NonClass: 16529K(16768K)->16529K(16768K) Class: 2231K(2368K)->2231K(2368K)
[2021-05-18T07:26:45.307+0000][6][gc          ] GC(2) Pause Young (Normal) (G1 Evacuation Pause) 197M->18M(3988M) 35.512ms
[2021-05-18T07:26:45.307+0000][6][gc,cpu      ] GC(2) User=0.08s Sys=0.01s Real=0.04s
[2021-05-18T07:26:45.307+0000][6][safepoint   ] Safepoint "G1CollectForAllocation", Time since last: 286448800 ns, Reaching safepoint: 117800 ns, At safepoint: 35588500 ns, Total: 35706300 ns
[2021-05-18T07:26:46.086+0000][6][gc,start    ] GC(3) Pause Young (Normal) (G1 Evacuation Pause)
[2021-05-18T07:26:46.086+0000][6][gc,task     ] GC(3) Using 5 workers of 5 for evacuation
[2021-05-18T07:26:46.086+0000][6][gc,age      ] GC(3) Desired survivor size 14680064 bytes, new threshold 15 (max threshold 15)
[2021-05-18T07:26:46.098+0000][6][gc,age      ] GC(3) Age table with threshold 15 (max threshold 15)
[2021-05-18T07:26:46.098+0000][6][gc,age      ] GC(3) - age   1:    2289696 bytes,    2289696 total
[2021-05-18T07:26:46.098+0000][6][gc,age      ] GC(3) - age   2:    1270152 bytes,    3559848 total
[2021-05-18T07:26:46.098+0000][6][gc,age      ] GC(3) - age   3:    1926432 bytes,    5486280 total
[2021-05-18T07:26:46.098+0000][6][gc,age      ] GC(3) - age   4:   10142512 bytes,   15628792 total
[2021-05-18T07:26:46.098+0000][6][gc,phases   ] GC(3)   Pre Evacuate Collection Set: 0.2ms
[2021-05-18T07:26:46.098+0000][6][gc,phases   ] GC(3)   Merge Heap Roots: 0.1ms
[2021-05-18T07:26:46.098+0000][6][gc,phases   ] GC(3)   Evacuate Collection Set: 9.8ms
[2021-05-18T07:26:46.098+0000][6][gc,phases   ] GC(3)   Post Evacuate Collection Set: 1.1ms
[2021-05-18T07:26:46.098+0000][6][gc,phases   ] GC(3)   Other: 0.3ms
[2021-05-18T07:26:46.098+0000][6][gc,heap     ] GC(3) Eden regions: 45->0(52)
[2021-05-18T07:26:46.098+0000][6][gc,heap     ] GC(3) Survivor regions: 4->5(7)
[2021-05-18T07:26:46.098+0000][6][gc,heap     ] GC(3) Old regions: 0->0
[2021-05-18T07:26:46.098+0000][6][gc,heap     ] GC(3) Archive regions: 2->2
[2021-05-18T07:26:46.098+0000][6][gc,heap     ] GC(3) Humongous regions: 0->0
[2021-05-18T07:26:46.098+0000][6][gc,metaspace] GC(3) Metaspace: 19075K(19456K)->19075K(19456K) NonClass: 16806K(17024K)->16806K(17024K) Class: 2268K(2432K)->2268K(2432K)
[2021-05-18T07:26:46.098+0000][6][gc          ] GC(3) Pause Young (Normal) (G1 Evacuation Pause) 198M->20M(3988M) 11.631ms
[2021-05-18T07:26:46.098+0000][6][gc,cpu      ] GC(3) User=0.03s Sys=0.00s Real=0.01s
[2021-05-18T07:26:46.098+0000][6][safepoint   ] Safepoint "G1CollectForAllocation", Time since last: 778759600 ns, Reaching safepoint: 157400 ns, At safepoint: 11712600 ns, Total: 11870000 ns
[2021-05-18T07:26:46.584+0000][6][gc,start    ] GC(4) Pause Young (Normal) (G1 Evacuation Pause)
[2021-05-18T07:26:46.584+0000][6][gc,task     ] GC(4) Using 5 workers of 5 for evacuation
[2021-05-18T07:26:46.584+0000][6][gc,age      ] GC(4) Desired survivor size 16777216 bytes, new threshold 15 (max threshold 15)
[2021-05-18T07:26:46.611+0000][6][gc,age      ] GC(4) Age table with threshold 15 (max threshold 15)
[2021-05-18T07:26:46.611+0000][6][gc,age      ] GC(4) - age   1:    1121600 bytes,    1121600 total
[2021-05-18T07:26:46.611+0000][6][gc,age      ] GC(4) - age   2:    1784496 bytes,    2906096 total
[2021-05-18T07:26:46.611+0000][6][gc,age      ] GC(4) - age   3:    1269864 bytes,    4175960 total
[2021-05-18T07:26:46.611+0000][6][gc,age      ] GC(4) - age   4:    1926144 bytes,    6102104 total
[2021-05-18T07:26:46.611+0000][6][gc,age      ] GC(4) - age   5:   10142448 bytes,   16244552 total
[2021-05-18T07:26:46.611+0000][6][gc,phases   ] GC(4)   Pre Evacuate Collection Set: 0.2ms
[2021-05-18T07:26:46.611+0000][6][gc,phases   ] GC(4)   Merge Heap Roots: 0.2ms
[2021-05-18T07:26:46.611+0000][6][gc,phases   ] GC(4)   Evacuate Collection Set: 13.0ms
[2021-05-18T07:26:46.611+0000][6][gc,phases   ] GC(4)   Post Evacuate Collection Set: 13.1ms
[2021-05-18T07:26:46.611+0000][6][gc,phases   ] GC(4)   Other: 0.3ms
[2021-05-18T07:26:46.611+0000][6][gc,heap     ] GC(4) Eden regions: 52->0(593)
[2021-05-18T07:26:46.611+0000][6][gc,heap     ] GC(4) Survivor regions: 5->5(8)
[2021-05-18T07:26:46.611+0000][6][gc,heap     ] GC(4) Old regions: 0->0
[2021-05-18T07:26:46.611+0000][6][gc,heap     ] GC(4) Archive regions: 2->2
[2021-05-18T07:26:46.611+0000][6][gc,heap     ] GC(4) Humongous regions: 0->0
[2021-05-18T07:26:46.611+0000][6][gc,metaspace] GC(4) Metaspace: 19313K(19712K)->19313K(19712K) NonClass: 16999K(17216K)->16999K(17216K) Class: 2313K(2496K)->2313K(2496K)
[2021-05-18T07:26:46.611+0000][6][gc          ] GC(4) Pause Young (Normal) (G1 Evacuation Pause) 228M->20M(3988M) 26.927ms
[2021-05-18T07:26:46.611+0000][6][gc,cpu      ] GC(4) User=0.03s Sys=0.00s Real=0.02s
[2021-05-18T07:26:46.611+0000][6][safepoint   ] Safepoint "G1CollectForAllocation", Time since last: 485986800 ns, Reaching safepoint: 159100 ns, At safepoint: 27017100 ns, Total: 27176200 ns
[2021-05-18T07:26:47.612+0000][6][safepoint   ] Safepoint "Cleanup", Time since last: 1000171300 ns, Reaching safepoint: 262100 ns, At safepoint: 37200 ns, Total: 299300 ns
[2021-05-18T07:26:47.696+0000][6][gc,start    ] GC(5) Pause Young (Concurrent Start) (Metadata GC Threshold)
[2021-05-18T07:26:47.696+0000][6][gc,task     ] GC(5) Using 5 workers of 5 for evacuation
[2021-05-18T07:26:47.696+0000][6][gc,age      ] GC(5) Desired survivor size 157286400 bytes, new threshold 15 (max threshold 15)
[2021-05-18T07:26:47.734+0000][6][gc,age      ] GC(5) Age table with threshold 15 (max threshold 15)
[2021-05-18T07:26:47.734+0000][6][gc,age      ] GC(5) - age   1:    2482664 bytes,    2482664 total
[2021-05-18T07:26:47.734+0000][6][gc,age      ] GC(5) - age   2:     385840 bytes,    2868504 total
[2021-05-18T07:26:47.734+0000][6][gc,age      ] GC(5) - age   3:    1784256 bytes,    4652760 total
[2021-05-18T07:26:47.734+0000][6][gc,age      ] GC(5) - age   4:    1268152 bytes,    5920912 total
[2021-05-18T07:26:47.734+0000][6][gc,age      ] GC(5) - age   5:    1925856 bytes,    7846768 total
[2021-05-18T07:26:47.734+0000][6][gc,age      ] GC(5) - age   6:   10134488 bytes,   17981256 total
[2021-05-18T07:26:47.734+0000][6][gc,phases   ] GC(5)   Pre Evacuate Collection Set: 0.3ms
[2021-05-18T07:26:47.734+0000][6][gc,phases   ] GC(5)   Merge Heap Roots: 0.2ms
[2021-05-18T07:26:47.734+0000][6][gc,phases   ] GC(5)   Evacuate Collection Set: 35.2ms
[2021-05-18T07:26:47.734+0000][6][gc,phases   ] GC(5)   Post Evacuate Collection Set: 1.7ms
[2021-05-18T07:26:47.734+0000][6][gc,phases   ] GC(5)   Other: 0.4ms
[2021-05-18T07:26:47.734+0000][6][gc,heap     ] GC(5) Eden regions: 85->0(593)
[2021-05-18T07:26:47.734+0000][6][gc,heap     ] GC(5) Survivor regions: 5->5(75)
[2021-05-18T07:26:47.734+0000][6][gc,heap     ] GC(5) Old regions: 0->0
[2021-05-18T07:26:47.734+0000][6][gc,heap     ] GC(5) Archive regions: 2->2
[2021-05-18T07:26:47.734+0000][6][gc,heap     ] GC(5) Humongous regions: 0->0
[2021-05-18T07:26:47.734+0000][6][gc,metaspace] GC(5) Metaspace: 20746K(21248K)->20746K(21248K) NonClass: 18244K(18560K)->18244K(18560K) Class: 2502K(2688K)->2502K(2688K)
[2021-05-18T07:26:47.734+0000][6][gc          ] GC(5) Pause Young (Concurrent Start) (Metadata GC Threshold) 358M->23M(3988M) 37.901ms
[2021-05-18T07:26:47.734+0000][6][gc,cpu      ] GC(5) User=0.09s Sys=0.01s Real=0.04s
[2021-05-18T07:26:47.734+0000][6][gc          ] GC(6) Concurrent Mark Cycle
[2021-05-18T07:26:47.734+0000][6][gc,marking  ] GC(6) Concurrent Clear Claimed Marks
[2021-05-18T07:26:47.734+0000][6][gc,marking  ] GC(6) Concurrent Clear Claimed Marks 0.031ms
[2021-05-18T07:26:47.734+0000][6][gc,marking  ] GC(6) Concurrent Scan Root Regions
[2021-05-18T07:26:47.734+0000][6][safepoint   ] Safepoint "CollectForMetadataAllocation", Time since last: 84414200 ns, Reaching safepoint: 246400 ns, At safepoint: 38172300 ns, Total: 38418700 ns
[2021-05-18T07:26:47.743+0000][6][gc,marking  ] GC(6) Concurrent Scan Root Regions 8.270ms
[2021-05-18T07:26:47.743+0000][6][gc,marking  ] GC(6) Concurrent Mark
[2021-05-18T07:26:47.743+0000][6][gc,marking  ] GC(6) Concurrent Mark From Roots
[2021-05-18T07:26:47.743+0000][6][gc,task     ] GC(6) Using 1 workers of 1 for marking
[2021-05-18T07:26:47.745+0000][6][gc,marking  ] GC(6) Concurrent Mark From Roots 2.533ms
[2021-05-18T07:26:47.745+0000][6][gc,marking  ] GC(6) Concurrent Preclean
[2021-05-18T07:26:47.745+0000][6][gc,marking  ] GC(6) Concurrent Preclean 0.073ms
[2021-05-18T07:26:47.746+0000][6][gc,start    ] GC(6) Pause Remark
[2021-05-18T07:26:47.755+0000][6][gc          ] GC(6) Pause Remark 25M->25M(3988M) 8.820ms
[2021-05-18T07:26:47.755+0000][6][gc,cpu      ] GC(6) User=0.01s Sys=0.00s Real=0.01s
[2021-05-18T07:26:47.755+0000][6][safepoint   ] Safepoint "G1Concurrent", Time since last: 11038200 ns, Reaching safepoint: 921800 ns, At safepoint: 8949900 ns, Total: 9871700 ns
[2021-05-18T07:26:47.755+0000][6][gc,marking  ] GC(6) Concurrent Mark 12.707ms
[2021-05-18T07:26:47.755+0000][6][gc,marking  ] GC(6) Concurrent Rebuild Remembered Sets
[2021-05-18T07:26:47.756+0000][6][gc,marking  ] GC(6) Concurrent Rebuild Remembered Sets 0.997ms
[2021-05-18T07:26:47.757+0000][6][gc,start    ] GC(6) Pause Cleanup
[2021-05-18T07:26:47.757+0000][6][gc          ] GC(6) Pause Cleanup 25M->25M(3988M) 0.280ms
[2021-05-18T07:26:47.757+0000][6][gc,cpu      ] GC(6) User=0.00s Sys=0.00s Real=0.00s
[2021-05-18T07:26:47.757+0000][6][safepoint   ] Safepoint "G1Concurrent", Time since last: 1261300 ns, Reaching safepoint: 21600 ns, At safepoint: 392500 ns, Total: 414100 ns
[2021-05-18T07:26:47.757+0000][6][gc,marking  ] GC(6) Concurrent Cleanup for Next Mark
[2021-05-18T07:26:47.764+0000][6][gc,marking  ] GC(6) Concurrent Cleanup for Next Mark 6.473ms
[2021-05-18T07:26:47.764+0000][6][gc          ] GC(6) Concurrent Mark Cycle 29.306ms
[2021-05-18T07:26:48.758+0000][6][safepoint   ] Safepoint "Cleanup", Time since last: 1000488900 ns, Reaching safepoint: 249300 ns, At safepoint: 10600 ns, Total: 259900 ns
[2021-05-18T07:26:50.141+0000][6][safepoint   ] Safepoint "ICBufferFull", Time since last: 1383115400 ns, Reaching safepoint: 197700 ns, At safepoint: 7200 ns, Total: 204900 ns
[2021-05-18T07:26:52.072+0000][6][safepoint   ] Safepoint "Cleanup", Time since last: 1930139300 ns, Reaching safepoint: 580900 ns, At safepoint: 10700 ns, Total: 591600 ns
[2021-05-18T07:26:53.523+0000][6][safepoint   ] Safepoint "Cleanup", Time since last: 1450583700 ns, Reaching safepoint: 329000 ns, At safepoint: 56400 ns, Total: 385400 ns
[2021-05-18T07:26:54.523+0000][6][safepoint   ] Safepoint "Cleanup", Time since last: 1000128000 ns, Reaching safepoint: 166200 ns, At safepoint: 23500 ns, Total: 189700 ns
[2021-05-18T07:26:55.533+0000][6][safepoint   ] Safepoint "Cleanup", Time since last: 1000259300 ns, Reaching safepoint: 9936500 ns, At safepoint: 10800 ns, Total: 9947300 ns
[2021-05-18T07:26:56.797+0000][6][gc,start    ] GC(7) Pause Young (Concurrent Start) (Metadata GC Threshold)
[2021-05-18T07:26:56.797+0000][6][gc,task     ] GC(7) Using 5 workers of 5 for evacuation
[2021-05-18T07:26:56.797+0000][6][gc,age      ] GC(7) Desired survivor size 157286400 bytes, new threshold 15 (max threshold 15)
[2021-05-18T07:26:56.938+0000][6][gc,age      ] GC(7) Age table with threshold 15 (max threshold 15)
[2021-05-18T07:26:56.938+0000][6][gc,age      ] GC(7) - age   1:   39878464 bytes,   39878464 total
[2021-05-18T07:26:56.938+0000][6][gc,age      ] GC(7) - age   2:    2427416 bytes,   42305880 total
[2021-05-18T07:26:56.938+0000][6][gc,age      ] GC(7) - age   3:     375328 bytes,   42681208 total
[2021-05-18T07:26:56.938+0000][6][gc,age      ] GC(7) - age   4:    1770048 bytes,   44451256 total
[2021-05-18T07:26:56.938+0000][6][gc,age      ] GC(7) - age   5:    1255016 bytes,   45706272 total
[2021-05-18T07:26:56.938+0000][6][gc,age      ] GC(7) - age   6:    1909616 bytes,   47615888 total
[2021-05-18T07:26:56.938+0000][6][gc,age      ] GC(7) - age   7:   10021848 bytes,   57637736 total
[2021-05-18T07:26:56.938+0000][6][gc,phases   ] GC(7)   Pre Evacuate Collection Set: 0.3ms
[2021-05-18T07:26:56.938+0000][6][gc,phases   ] GC(7)   Merge Heap Roots: 0.2ms
[2021-05-18T07:26:56.938+0000][6][gc,phases   ] GC(7)   Evacuate Collection Set: 130.8ms
[2021-05-18T07:26:56.938+0000][6][gc,phases   ] GC(7)   Post Evacuate Collection Set: 9.0ms
[2021-05-18T07:26:56.938+0000][6][gc,phases   ] GC(7)   Other: 0.4ms
[2021-05-18T07:26:56.938+0000][6][gc,heap     ] GC(7) Eden regions: 172->0(65)
[2021-05-18T07:26:56.938+0000][6][gc,heap     ] GC(7) Survivor regions: 5->14(75)
[2021-05-18T07:26:56.938+0000][6][gc,heap     ] GC(7) Old regions: 0->0
[2021-05-18T07:26:56.938+0000][6][gc,heap     ] GC(7) Archive regions: 2->2
[2021-05-18T07:26:56.938+0000][6][gc,heap     ] GC(7) Humongous regions: 0->0
[2021-05-18T07:26:56.938+0000][6][gc,metaspace] GC(7) Metaspace: 34612K(35520K)->34612K(35520K) NonClass: 30175K(30720K)->30175K(30720K) Class: 4437K(4800K)->4437K(4800K)
[2021-05-18T07:26:56.938+0000][6][gc          ] GC(7) Pause Young (Concurrent Start) (Metadata GC Threshold) 711M->59M(3988M) 140.940ms
[2021-05-18T07:26:56.938+0000][6][gc,cpu      ] GC(7) User=0.16s Sys=0.00s Real=0.14s
[2021-05-18T07:26:56.938+0000][6][gc          ] GC(8) Concurrent Mark Cycle
[2021-05-18T07:26:56.938+0000][6][gc,marking  ] GC(8) Concurrent Clear Claimed Marks
[2021-05-18T07:26:56.938+0000][6][safepoint   ] Safepoint "CollectForMetadataAllocation", Time since last: 1263309800 ns, Reaching safepoint: 360000 ns, At safepoint: 141152600 ns, Total: 141512600 ns
[2021-05-18T07:26:56.938+0000][6][gc,marking  ] GC(8) Concurrent Clear Claimed Marks 0.073ms
[2021-05-18T07:26:56.938+0000][6][gc,marking  ] GC(8) Concurrent Scan Root Regions
[2021-05-18T07:26:56.974+0000][6][gc,marking  ] GC(8) Concurrent Scan Root Regions 36.150ms
[2021-05-18T07:26:56.974+0000][6][gc,marking  ] GC(8) Concurrent Mark
[2021-05-18T07:26:56.974+0000][6][gc,marking  ] GC(8) Concurrent Mark From Roots
[2021-05-18T07:26:56.974+0000][6][gc,task     ] GC(8) Using 1 workers of 1 for marking
[2021-05-18T07:26:56.980+0000][6][gc,marking  ] GC(8) Concurrent Mark From Roots 5.403ms
[2021-05-18T07:26:56.980+0000][6][gc,marking  ] GC(8) Concurrent Preclean
[2021-05-18T07:26:56.980+0000][6][gc,marking  ] GC(8) Concurrent Preclean 0.057ms
[2021-05-18T07:26:56.980+0000][6][gc,start    ] GC(8) Pause Remark
[2021-05-18T07:26:56.986+0000][6][gc          ] GC(8) Pause Remark 61M->61M(3988M) 5.370ms
[2021-05-18T07:26:56.986+0000][6][gc,cpu      ] GC(8) User=0.01s Sys=0.00s Real=0.01s
[2021-05-18T07:26:56.986+0000][6][safepoint   ] Safepoint "G1Concurrent", Time since last: 41923100 ns, Reaching safepoint: 189600 ns, At safepoint: 5482400 ns, Total: 5672000 ns
[2021-05-18T07:26:56.986+0000][6][gc,marking  ] GC(8) Concurrent Mark 11.260ms
[2021-05-18T07:26:56.986+0000][6][gc,marking  ] GC(8) Concurrent Rebuild Remembered Sets
[2021-05-18T07:26:56.991+0000][6][gc,marking  ] GC(8) Concurrent Rebuild Remembered Sets 5.162ms
[2021-05-18T07:26:56.991+0000][6][gc,start    ] GC(8) Pause Cleanup
[2021-05-18T07:26:56.991+0000][6][gc          ] GC(8) Pause Cleanup 61M->61M(3988M) 0.324ms
[2021-05-18T07:26:56.991+0000][6][gc,cpu      ] GC(8) User=0.00s Sys=0.00s Real=0.00s
[2021-05-18T07:26:56.991+0000][6][safepoint   ] Safepoint "G1Concurrent", Time since last: 5273400 ns, Reaching safepoint: 26800 ns, At safepoint: 362000 ns, Total: 388800 ns
[2021-05-18T07:26:56.991+0000][6][gc,marking  ] GC(8) Concurrent Cleanup for Next Mark
[2021-05-18T07:26:57.002+0000][6][gc,marking  ] GC(8) Concurrent Cleanup for Next Mark 10.233ms
[2021-05-18T07:26:57.002+0000][6][gc          ] GC(8) Concurrent Mark Cycle 63.613ms
[2021-05-18T07:26:58.775+0000][6][safepoint   ] Safepoint "Cleanup", Time since last: 1783502100 ns, Reaching safepoint: 200500 ns, At safepoint: 45500 ns, Total: 246000 ns
[2021-05-18T07:26:59.775+0000][6][safepoint   ] Safepoint "Cleanup", Time since last: 1000136400 ns, Reaching safepoint: 210700 ns, At safepoint: 25800 ns, Total: 236500 ns
[2021-05-18T07:27:00.284+0000][6][safepoint   ] Safepoint "ICBufferFull", Time since last: 508083000 ns, Reaching safepoint: 235800 ns, At safepoint: 6500 ns, Total: 242300 ns
[2021-05-18T07:27:01.641+0000][6][safepoint   ] Safepoint "Cleanup", Time since last: 1356571600 ns, Reaching safepoint: 390000 ns, At safepoint: 58800 ns, Total: 448800 ns
[2021-05-18T07:27:01.968+0000][6][gc,start    ] GC(9) Pause Young (Concurrent Start) (Metadata GC Threshold)
[2021-05-18T07:27:01.968+0000][6][gc,task     ] GC(9) Using 5 workers of 5 for evacuation
[2021-05-18T07:27:01.968+0000][6][gc,age      ] GC(9) Desired survivor size 39845888 bytes, new threshold 1 (max threshold 15)
[2021-05-18T07:27:02.017+0000][6][gc,age      ] GC(9) Age table with threshold 1 (max threshold 15)
[2021-05-18T07:27:02.017+0000][6][gc,age      ] GC(9) - age   1:   11174528 bytes,   11174528 total
[2021-05-18T07:27:02.017+0000][6][gc,phases   ] GC(9)   Pre Evacuate Collection Set: 0.3ms
[2021-05-18T07:27:02.017+0000][6][gc,phases   ] GC(9)   Merge Heap Roots: 0.1ms
[2021-05-18T07:27:02.017+0000][6][gc,phases   ] GC(9)   Evacuate Collection Set: 45.6ms
[2021-05-18T07:27:02.017+0000][6][gc,phases   ] GC(9)   Post Evacuate Collection Set: 2.3ms
[2021-05-18T07:27:02.017+0000][6][gc,phases   ] GC(9)   Other: 0.3ms
[2021-05-18T07:27:02.017+0000][6][gc,heap     ] GC(9) Eden regions: 99->0(231)
[2021-05-18T07:27:02.017+0000][6][gc,heap     ] GC(9) Survivor regions: 14->3(19)
[2021-05-18T07:27:02.017+0000][6][gc,heap     ] GC(9) Old regions: 0->14
[2021-05-18T07:27:02.017+0000][6][gc,heap     ] GC(9) Archive regions: 2->2
[2021-05-18T07:27:02.017+0000][6][gc,heap     ] GC(9) Humongous regions: 0->0
[2021-05-18T07:27:02.017+0000][6][gc,metaspace] GC(9) Metaspace: 58335K(59456K)->58335K(59456K) NonClass: 50622K(51264K)->50622K(51264K) Class: 7712K(8192K)->7712K(8192K)
[2021-05-18T07:27:02.017+0000][6][gc          ] GC(9) Pause Young (Concurrent Start) (Metadata GC Threshold) 455M->71M(3988M) 48.718ms
[2021-05-18T07:27:02.017+0000][6][gc,cpu      ] GC(9) User=0.18s Sys=0.01s Real=0.05s
[2021-05-18T07:27:02.017+0000][6][gc          ] GC(10) Concurrent Mark Cycle
[2021-05-18T07:27:02.017+0000][6][gc,marking  ] GC(10) Concurrent Clear Claimed Marks
[2021-05-18T07:27:02.017+0000][6][gc,marking  ] GC(10) Concurrent Clear Claimed Marks 0.052ms
[2021-05-18T07:27:02.017+0000][6][gc,marking  ] GC(10) Concurrent Scan Root Regions
[2021-05-18T07:27:02.017+0000][6][safepoint   ] Safepoint "CollectForMetadataAllocation", Time since last: 327211500 ns, Reaching safepoint: 223100 ns, At safepoint: 48897300 ns, Total: 49120400 ns
[2021-05-18T07:27:02.054+0000][6][safepoint   ] Safepoint "CollectForMetadataAllocation", Time since last: 35685400 ns, Reaching safepoint: 765800 ns, At safepoint: 69900 ns, Total: 835700 ns
[2021-05-18T07:27:02.083+0000][6][gc,marking  ] GC(10) Concurrent Scan Root Regions 65.636ms
[2021-05-18T07:27:02.083+0000][6][gc,marking  ] GC(10) Concurrent Mark
[2021-05-18T07:27:02.083+0000][6][gc,marking  ] GC(10) Concurrent Mark From Roots
[2021-05-18T07:27:02.083+0000][6][gc,task     ] GC(10) Using 1 workers of 1 for marking
[2021-05-18T07:27:02.092+0000][6][gc,marking  ] GC(10) Concurrent Mark From Roots 9.271ms
[2021-05-18T07:27:02.092+0000][6][gc,marking  ] GC(10) Concurrent Preclean
[2021-05-18T07:27:02.092+0000][6][gc,marking  ] GC(10) Concurrent Preclean 0.091ms
[2021-05-18T07:27:02.094+0000][6][gc,start    ] GC(10) Pause Remark
[2021-05-18T07:27:02.106+0000][6][gc          ] GC(10) Pause Remark 75M->75M(3988M) 12.213ms
[2021-05-18T07:27:02.106+0000][6][gc,cpu      ] GC(10) User=0.03s Sys=0.00s Real=0.01s
[2021-05-18T07:27:02.106+0000][6][safepoint   ] Safepoint "G1Concurrent", Time since last: 38658500 ns, Reaching safepoint: 1302700 ns, At safepoint: 12336800 ns, Total: 13639500 ns
[2021-05-18T07:27:02.106+0000][6][gc,marking  ] GC(10) Concurrent Mark 23.207ms
[2021-05-18T07:27:02.106+0000][6][gc,marking  ] GC(10) Concurrent Rebuild Remembered Sets
[2021-05-18T07:27:02.154+0000][6][gc,marking  ] GC(10) Concurrent Rebuild Remembered Sets 47.845ms
[2021-05-18T07:27:02.154+0000][6][gc,start    ] GC(10) Pause Cleanup
[2021-05-18T07:27:02.155+0000][6][gc          ] GC(10) Pause Cleanup 75M->75M(3988M) 0.233ms
[2021-05-18T07:27:02.155+0000][6][gc,cpu      ] GC(10) User=0.00s Sys=0.00s Real=0.00s
[2021-05-18T07:27:02.155+0000][6][safepoint   ] Safepoint "G1Concurrent", Time since last: 48068200 ns, Reaching safepoint: 210500 ns, At safepoint: 291700 ns, Total: 502200 ns
[2021-05-18T07:27:02.155+0000][6][gc,marking  ] GC(10) Concurrent Cleanup for Next Mark
[2021-05-18T07:27:02.160+0000][6][gc,marking  ] GC(10) Concurrent Cleanup for Next Mark 5.558ms
[2021-05-18T07:27:02.160+0000][6][gc          ] GC(10) Concurrent Mark Cycle 143.143ms
[2021-05-18T07:27:03.155+0000][6][safepoint   ] Safepoint "Cleanup", Time since last: 1000119400 ns, Reaching safepoint: 621400 ns, At safepoint: 9100 ns, Total: 630500 ns
[2021-05-18T07:27:04.343+0000][6][safepoint   ] Safepoint "ICBufferFull", Time since last: 1187105800 ns, Reaching safepoint: 205000 ns, At safepoint: 7900 ns, Total: 212900 ns
[2021-05-18T07:27:05.345+0000][6][safepoint   ] Safepoint "Cleanup", Time since last: 1002317500 ns, Reaching safepoint: 179000 ns, At safepoint: 40200 ns, Total: 219200 ns
[2021-05-18T07:27:06.283+0000][6][safepoint   ] Safepoint "ICBufferFull", Time since last: 937206900 ns, Reaching safepoint: 358000 ns, At safepoint: 28900 ns, Total: 386900 ns
[2021-05-18T07:27:06.854+0000][6][safepoint   ] Safepoint "ICBufferFull", Time since last: 571416100 ns, Reaching safepoint: 188200 ns, At safepoint: 26700 ns, Total: 214900 ns
[2021-05-18T07:27:07.915+0000][6][safepoint   ] Safepoint "ICBufferFull", Time since last: 1060470800 ns, Reaching safepoint: 253300 ns, At safepoint: 72800 ns, Total: 326100 ns
[2021-05-18T07:27:08.240+0000][6][safepoint   ] Safepoint "ICBufferFull", Time since last: 324744900 ns, Reaching safepoint: 159700 ns, At safepoint: 27200 ns, Total: 186900 ns
[2021-05-18T07:27:08.805+0000][6][safepoint   ] Safepoint "ICBufferFull", Time since last: 564576500 ns, Reaching safepoint: 158800 ns, At safepoint: 45800 ns, Total: 204600 ns
[2021-05-18T07:27:09.475+0000][6][safepoint   ] Safepoint "ICBufferFull", Time since last: 669984400 ns, Reaching safepoint: 229000 ns, At safepoint: 37900 ns, Total: 266900 ns
[2021-05-18T07:27:10.384+0000][6][safepoint   ] Safepoint "ICBufferFull", Time since last: 908298200 ns, Reaching safepoint: 353000 ns, At safepoint: 11500 ns, Total: 364500 ns
[2021-05-18T07:27:11.384+0000][6][safepoint   ] Safepoint "Cleanup", Time since last: 1000259700 ns, Reaching safepoint: 222000 ns, At safepoint: 46300 ns, Total: 268300 ns
[2021-05-18T07:27:12.385+0000][6][safepoint   ] Safepoint "Cleanup", Time since last: 1000182100 ns, Reaching safepoint: 341400 ns, At safepoint: 23800 ns, Total: 365200 ns
[2021-05-18T07:27:13.385+0000][6][safepoint   ] Safepoint "Cleanup", Time since last: 1000150800 ns, Reaching safepoint: 197800 ns, At safepoint: 8600 ns, Total: 206400 ns
[2021-05-18T07:27:14.386+0000][6][safepoint   ] Safepoint "Cleanup", Time since last: 1000158300 ns, Reaching safepoint: 235900 ns, At safepoint: 9700 ns, Total: 245600 ns
[2021-05-18T07:27:15.388+0000][6][safepoint   ] Safepoint "Cleanup", Time since last: 1002568900 ns, Reaching safepoint: 103800 ns, At safepoint: 8900 ns, Total: 112700 ns
[2021-05-18T07:27:16.751+0000][6][safepoint   ] Safepoint "Cleanup", Time since last: 1362364700 ns, Reaching safepoint: 241000 ns, At safepoint: 11000 ns, Total: 252000 ns
[2021-05-18T07:27:17.751+0000][6][safepoint   ] Safepoint "Cleanup", Time since last: 1000181500 ns, Reaching safepoint: 224700 ns, At safepoint: 10200 ns, Total: 234900 ns
[2021-05-18T07:27:19.762+0000][6][safepoint   ] Safepoint "Cleanup", Time since last: 2010168700 ns, Reaching safepoint: 168300 ns, At safepoint: 8600 ns, Total: 176900 ns
[2021-05-18T07:27:20.783+0000][6][safepoint   ] Safepoint "Cleanup", Time since last: 1010899300 ns, Reaching safepoint: 10671000 ns, At safepoint: 17900 ns, Total: 10688900 ns
[2021-05-18T07:27:21.971+0000][6][gc,start    ] GC(11) Pause Young (Concurrent Start) (Metadata GC Threshold)
[2021-05-18T07:27:21.971+0000][6][gc,task     ] GC(11) Using 5 workers of 5 for evacuation
[2021-05-18T07:27:21.971+0000][6][gc,age      ] GC(11) Desired survivor size 71303168 bytes, new threshold 15 (max threshold 15)
[2021-05-18T07:27:22.099+0000][6][gc,age      ] GC(11) Age table with threshold 15 (max threshold 15)
[2021-05-18T07:27:22.099+0000][6][gc,age      ] GC(11) - age   1:   28861280 bytes,   28861280 total
[2021-05-18T07:27:22.099+0000][6][gc,age      ] GC(11) - age   2:   10578536 bytes,   39439816 total
[2021-05-18T07:27:22.099+0000][6][gc,phases   ] GC(11)   Pre Evacuate Collection Set: 0.4ms
[2021-05-18T07:27:22.099+0000][6][gc,phases   ] GC(11)   Merge Heap Roots: 11.4ms
[2021-05-18T07:27:22.099+0000][6][gc,phases   ] GC(11)   Evacuate Collection Set: 101.4ms
[2021-05-18T07:27:22.099+0000][6][gc,phases   ] GC(11)   Post Evacuate Collection Set: 14.1ms
[2021-05-18T07:27:22.099+0000][6][gc,phases   ] GC(11)   Other: 0.4ms
[2021-05-18T07:27:22.099+0000][6][gc,heap     ] GC(11) Eden regions: 124->0(39)
[2021-05-18T07:27:22.099+0000][6][gc,heap     ] GC(11) Survivor regions: 3->10(34)
[2021-05-18T07:27:22.099+0000][6][gc,heap     ] GC(11) Old regions: 14->14
[2021-05-18T07:27:22.099+0000][6][gc,heap     ] GC(11) Archive regions: 2->2
[2021-05-18T07:27:22.099+0000][6][gc,heap     ] GC(11) Humongous regions: 2->2
[2021-05-18T07:27:22.099+0000][6][gc,metaspace] GC(11) Metaspace: 98623K(99968K)->98623K(99968K) NonClass: 85114K(85888K)->85114K(85888K) Class: 13508K(14080K)->13508K(14080K)
[2021-05-18T07:27:22.099+0000][6][gc          ] GC(11) Pause Young (Concurrent Start) (Metadata GC Threshold) 573M->107M(3988M) 127.896ms
[2021-05-18T07:27:22.099+0000][6][gc,cpu      ] GC(11) User=0.18s Sys=0.08s Real=0.13s
[2021-05-18T07:27:22.099+0000][6][gc          ] GC(12) Concurrent Mark Cycle
[2021-05-18T07:27:22.099+0000][6][gc,marking  ] GC(12) Concurrent Clear Claimed Marks
[2021-05-18T07:27:22.099+0000][6][gc,marking  ] GC(12) Concurrent Clear Claimed Marks 0.090ms
[2021-05-18T07:27:22.099+0000][6][gc,marking  ] GC(12) Concurrent Scan Root Regions
[2021-05-18T07:27:22.119+0000][6][safepoint   ] Safepoint "CollectForMetadataAllocation", Time since last: 1187642200 ns, Reaching safepoint: 266900 ns, At safepoint: 147731100 ns, Total: 147998000 ns
[2021-05-18T07:27:22.148+0000][6][gc,marking  ] GC(12) Concurrent Scan Root Regions 48.219ms
[2021-05-18T07:27:22.148+0000][6][gc,marking  ] GC(12) Concurrent Mark
[2021-05-18T07:27:22.148+0000][6][gc,marking  ] GC(12) Concurrent Mark From Roots
[2021-05-18T07:27:22.148+0000][6][gc,task     ] GC(12) Using 1 workers of 1 for marking
[2021-05-18T07:27:22.275+0000][6][safepoint   ] Safepoint "CollectForMetadataAllocation", Time since last: 156129400 ns, Reaching safepoint: 250100 ns, At safepoint: 81100 ns, Total: 331200 ns
[2021-05-18T07:27:22.276+0000][6][safepoint   ] Safepoint "CollectForMetadataAllocation", Time since last: 193700 ns, Reaching safepoint: 468600 ns, At safepoint: 52000 ns, Total: 520600 ns
[2021-05-18T07:27:22.551+0000][6][gc,marking  ] GC(12) Concurrent Mark From Roots 402.806ms
[2021-05-18T07:27:22.551+0000][6][gc,marking  ] GC(12) Concurrent Preclean
[2021-05-18T07:27:22.551+0000][6][gc,marking  ] GC(12) Concurrent Preclean 0.655ms
[2021-05-18T07:27:22.552+0000][6][gc,start    ] GC(12) Pause Remark
[2021-05-18T07:27:22.578+0000][6][gc          ] GC(12) Pause Remark 117M->117M(3988M) 25.493ms
[2021-05-18T07:27:22.578+0000][6][gc,cpu      ] GC(12) User=0.02s Sys=0.01s Real=0.02s
[2021-05-18T07:27:22.578+0000][6][safepoint   ] Safepoint "G1Concurrent", Time since last: 275279300 ns, Reaching safepoint: 667800 ns, At safepoint: 25652300 ns, Total: 26320100 ns
[2021-05-18T07:27:22.582+0000][6][gc,marking  ] GC(12) Concurrent Mark 434.424ms
[2021-05-18T07:27:22.582+0000][6][gc,marking  ] GC(12) Concurrent Rebuild Remembered Sets
[2021-05-18T07:27:22.733+0000][6][gc,marking  ] GC(12) Concurrent Rebuild Remembered Sets 150.890ms
[2021-05-18T07:27:22.733+0000][6][gc,start    ] GC(12) Pause Cleanup
[2021-05-18T07:27:22.734+0000][6][gc          ] GC(12) Pause Cleanup 118M->118M(3988M) 0.427ms
[2021-05-18T07:27:22.734+0000][6][gc,cpu      ] GC(12) User=0.00s Sys=0.00s Real=0.00s
[2021-05-18T07:27:22.734+0000][6][safepoint   ] Safepoint "G1Concurrent", Time since last: 155458900 ns, Reaching safepoint: 128100 ns, At safepoint: 503000 ns, Total: 631100 ns
[2021-05-18T07:27:22.734+0000][6][gc,marking  ] GC(12) Concurrent Cleanup for Next Mark
[2021-05-18T07:27:22.745+0000][6][gc,marking  ] GC(12) Concurrent Cleanup for Next Mark 11.256ms
[2021-05-18T07:27:22.745+0000][6][gc          ] GC(12) Concurrent Mark Cycle 645.924ms
[2021-05-18T07:27:23.735+0000][6][safepoint   ] Safepoint "Cleanup", Time since last: 1000136900 ns, Reaching safepoint: 573700 ns, At safepoint: 46900 ns, Total: 620600 ns
[2021-05-18T07:27:24.735+0000][6][safepoint   ] Safepoint "Cleanup", Time since last: 1000165200 ns, Reaching safepoint: 239900 ns, At safepoint: 22100 ns, Total: 262000 ns
[2021-05-18T07:27:26.460+0000][6][safepoint   ] Safepoint "Cleanup", Time since last: 1724337400 ns, Reaching safepoint: 440100 ns, At safepoint: 11600 ns, Total: 451700 ns
[2021-05-18T07:27:27.551+0000][6][safepoint   ] Safepoint "Cleanup", Time since last: 1091414700 ns, Reaching safepoint: 191800 ns, At safepoint: 12100 ns, Total: 203900 ns
[2021-05-18T07:27:28.046+0000][6][gc,start    ] GC(13) Pause Young (Concurrent Start) (G1 Evacuation Pause)
[2021-05-18T07:27:28.046+0000][6][gc,task     ] GC(13) Using 5 workers of 5 for evacuation
[2021-05-18T07:27:28.047+0000][6][gc,age      ] GC(13) Desired survivor size 14680064 bytes, new threshold 1 (max threshold 15)
[2021-05-18T07:27:28.089+0000][6][gc,age      ] GC(13) Age table with threshold 1 (max threshold 15)
[2021-05-18T07:27:28.089+0000][6][gc,age      ] GC(13) - age   1:    9788120 bytes,    9788120 total
[2021-05-18T07:27:28.089+0000][6][gc,phases   ] GC(13)   Pre Evacuate Collection Set: 1.6ms
[2021-05-18T07:27:28.089+0000][6][gc,phases   ] GC(13)   Merge Heap Roots: 0.2ms
[2021-05-18T07:27:28.089+0000][6][gc,phases   ] GC(13)   Evacuate Collection Set: 38.1ms
[2021-05-18T07:27:28.089+0000][6][gc,phases   ] GC(13)   Post Evacuate Collection Set: 1.8ms
[2021-05-18T07:27:28.089+0000][6][gc,phases   ] GC(13)   Other: 1.5ms
[2021-05-18T07:27:28.089+0000][6][gc,heap     ] GC(13) Eden regions: 39->0(107)
[2021-05-18T07:27:28.089+0000][6][gc,heap     ] GC(13) Survivor regions: 10->4(7)
[2021-05-18T07:27:28.089+0000][6][gc,heap     ] GC(13) Old regions: 14->23
[2021-05-18T07:27:28.089+0000][6][gc,heap     ] GC(13) Archive regions: 2->2
[2021-05-18T07:27:28.089+0000][6][gc,heap     ] GC(13) Humongous regions: 2->2
[2021-05-18T07:27:28.089+0000][6][gc,metaspace] GC(13) Metaspace: 100714K(102080K)->100714K(102080K) NonClass: 86939K(87744K)->86939K(87744K) Class: 13775K(14336K)->13775K(14336K)
[2021-05-18T07:27:28.089+0000][6][gc          ] GC(13) Pause Young (Concurrent Start) (G1 Evacuation Pause) 263M->114M(3988M) 43.255ms
[2021-05-18T07:27:28.089+0000][6][gc,cpu      ] GC(13) User=0.15s Sys=0.00s Real=0.04s
[2021-05-18T07:27:28.089+0000][6][gc          ] GC(14) Concurrent Mark Cycle
[2021-05-18T07:27:28.089+0000][6][gc,marking  ] GC(14) Concurrent Clear Claimed Marks
[2021-05-18T07:27:28.089+0000][6][safepoint   ] Safepoint "G1CollectForAllocation", Time since last: 487585600 ns, Reaching safepoint: 6848500 ns, At safepoint: 43641500 ns, Total: 50490000 ns
[2021-05-18T07:27:28.089+0000][6][gc,marking  ] GC(14) Concurrent Clear Claimed Marks 0.079ms
[2021-05-18T07:27:28.089+0000][6][gc,marking  ] GC(14) Concurrent Scan Root Regions
[2021-05-18T07:27:28.122+0000][6][gc,marking  ] GC(14) Concurrent Scan Root Regions 32.771ms
[2021-05-18T07:27:28.122+0000][6][gc,marking  ] GC(14) Concurrent Mark
[2021-05-18T07:27:28.122+0000][6][gc,marking  ] GC(14) Concurrent Mark From Roots
[2021-05-18T07:27:28.122+0000][6][gc,task     ] GC(14) Using 1 workers of 1 for marking
[2021-05-18T07:27:28.280+0000][6][gc,marking  ] GC(14) Concurrent Mark From Roots 157.684ms
[2021-05-18T07:27:28.280+0000][6][gc,marking  ] GC(14) Concurrent Preclean
[2021-05-18T07:27:28.281+0000][6][gc,marking  ] GC(14) Concurrent Preclean 0.565ms
[2021-05-18T07:27:28.281+0000][6][gc,start    ] GC(14) Pause Remark
[2021-05-18T07:27:28.291+0000][6][gc          ] GC(14) Pause Remark 124M->124M(3988M) 10.201ms
[2021-05-18T07:27:28.291+0000][6][gc,cpu      ] GC(14) User=0.01s Sys=0.00s Real=0.01s
[2021-05-18T07:27:28.291+0000][6][safepoint   ] Safepoint "G1Concurrent", Time since last: 191243100 ns, Reaching safepoint: 116700 ns, At safepoint: 10551600 ns, Total: 10668300 ns
[2021-05-18T07:27:28.296+0000][6][gc,marking  ] GC(14) Concurrent Mark 173.425ms
[2021-05-18T07:27:28.296+0000][6][gc,marking  ] GC(14) Concurrent Rebuild Remembered Sets
[2021-05-18T07:27:28.413+0000][6][gc,marking  ] GC(14) Concurrent Rebuild Remembered Sets 116.733ms
[2021-05-18T07:27:28.413+0000][6][gc,start    ] GC(14) Pause Cleanup
[2021-05-18T07:27:28.413+0000][6][gc          ] GC(14) Pause Cleanup 124M->124M(3988M) 0.209ms
[2021-05-18T07:27:28.413+0000][6][gc,cpu      ] GC(14) User=0.00s Sys=0.00s Real=0.00s
[2021-05-18T07:27:28.414+0000][6][safepoint   ] Safepoint "G1Concurrent", Time since last: 121715300 ns, Reaching safepoint: 158700 ns, At safepoint: 260200 ns, Total: 418900 ns
[2021-05-18T07:27:28.414+0000][6][gc,marking  ] GC(14) Concurrent Cleanup for Next Mark
[2021-05-18T07:27:28.420+0000][6][gc,marking  ] GC(14) Concurrent Cleanup for Next Mark 5.983ms
[2021-05-18T07:27:28.420+0000][6][gc          ] GC(14) Concurrent Mark Cycle 330.219ms
[2021-05-18T07:27:29.255+0000][6][safepoint   ] Safepoint "ICBufferFull", Time since last: 841578900 ns, Reaching safepoint: 275400 ns, At safepoint: 42900 ns, Total: 318300 ns
[2021-05-18T07:27:30.256+0000][6][safepoint   ] Safepoint "Cleanup", Time since last: 1000180700 ns, Reaching safepoint: 183300 ns, At safepoint: 26700 ns, Total: 210000 ns
[2021-05-18T07:27:32.256+0000][6][safepoint   ] Safepoint "Cleanup", Time since last: 2000345700 ns, Reaching safepoint: 177800 ns, At safepoint: 8100 ns, Total: 185900 ns
[2021-05-18T07:27:32.553+0000][6][safepoint   ] Safepoint "ICBufferFull", Time since last: 296001200 ns, Reaching safepoint: 341900 ns, At safepoint: 77900 ns, Total: 419800 ns
[2021-05-18T07:27:33.463+0000][6][safepoint   ] Safepoint "ICBufferFull", Time since last: 909533100 ns, Reaching safepoint: 242600 ns, At safepoint: 77300 ns, Total: 319900 ns
[2021-05-18T07:27:34.463+0000][6][safepoint   ] Safepoint "Cleanup", Time since last: 1000188500 ns, Reaching safepoint: 230800 ns, At safepoint: 63100 ns, Total: 293900 ns
[2021-05-18T07:27:35.463+0000][6][safepoint   ] Safepoint "Cleanup", Time since last: 1000169800 ns, Reaching safepoint: 219000 ns, At safepoint: 10700 ns, Total: 229700 ns
[2021-05-18T07:27:36.464+0000][6][safepoint   ] Safepoint "Cleanup", Time since last: 1000128500 ns, Reaching safepoint: 184700 ns, At safepoint: 7700 ns, Total: 192400 ns
[2021-05-18T07:27:37.464+0000][6][safepoint   ] Safepoint "Cleanup", Time since last: 1000147700 ns, Reaching safepoint: 137400 ns, At safepoint: 7200 ns, Total: 144600 ns
[2021-05-18T07:27:38.464+0000][6][safepoint   ] Safepoint "Cleanup", Time since last: 1000186500 ns, Reaching safepoint: 129400 ns, At safepoint: 6600 ns, Total: 136000 ns
[2021-05-18T07:27:40.465+0000][6][safepoint   ] Safepoint "Cleanup", Time since last: 2000253600 ns, Reaching safepoint: 125200 ns, At safepoint: 5800 ns, Total: 131000 ns
[2021-05-18T07:27:41.465+0000][6][safepoint   ] Safepoint "Cleanup", Time since last: 1000147200 ns, Reaching safepoint: 164200 ns, At safepoint: 6200 ns, Total: 170400 ns
[2021-05-18T07:27:42.465+0000][6][safepoint   ] Safepoint "Cleanup", Time since last: 1000126800 ns, Reaching safepoint: 137100 ns, At safepoint: 5900 ns, Total: 143000 ns
[2021-05-18T07:27:44.466+0000][6][safepoint   ] Safepoint "Cleanup", Time since last: 2000327700 ns, Reaching safepoint: 180800 ns, At safepoint: 6300 ns, Total: 187100 ns
[2021-05-18T07:27:46.249+0000][6][safepoint   ] Safepoint "Cleanup", Time since last: 1782415900 ns, Reaching safepoint: 230400 ns, At safepoint: 11700 ns, Total: 242100 ns
[2021-05-18T07:27:47.249+0000][6][safepoint   ] Safepoint "Cleanup", Time since last: 1000186400 ns, Reaching safepoint: 298500 ns, At safepoint: 9000 ns, Total: 307500 ns
[2021-05-18T07:27:48.249+0000][6][safepoint   ] Safepoint "Cleanup", Time since last: 1000192600 ns, Reaching safepoint: 136600 ns, At safepoint: 9100 ns, Total: 145700 ns
[2021-05-18T07:27:50.250+0000][6][safepoint   ] Safepoint "Cleanup", Time since last: 2000250800 ns, Reaching safepoint: 191800 ns, At safepoint: 9700 ns, Total: 201500 ns
[2021-05-18T07:27:51.250+0000][6][safepoint   ] Safepoint "Cleanup", Time since last: 1000158800 ns, Reaching safepoint: 183000 ns, At safepoint: 15500 ns, Total: 198500 ns
[2021-05-18T07:27:52.251+0000][6][safepoint   ] Safepoint "Cleanup", Time since last: 1000178400 ns, Reaching safepoint: 134900 ns, At safepoint: 6000 ns, Total: 140900 ns
[2021-05-18T07:27:53.251+0000][6][safepoint   ] Safepoint "Cleanup", Time since last: 1000134400 ns, Reaching safepoint: 140000 ns, At safepoint: 6300 ns, Total: 146300 ns
[2021-05-18T07:27:54.251+0000][6][safepoint   ] Safepoint "Cleanup", Time since last: 1000144400 ns, Reaching safepoint: 174500 ns, At safepoint: 8600 ns, Total: 183100 ns
[2021-05-18T07:27:55.251+0000][6][safepoint   ] Safepoint "Cleanup", Time since last: 1000186600 ns, Reaching safepoint: 126700 ns, At safepoint: 6100 ns, Total: 132800 ns
[2021-05-18T07:27:56.606+0000][6][safepoint   ] Safepoint "Cleanup", Time since last: 1354542600 ns, Reaching safepoint: 137700 ns, At safepoint: 48800 ns, Total: 186500 ns
[2021-05-18T07:27:57.607+0000][6][safepoint   ] Safepoint "Cleanup", Time since last: 1000190300 ns, Reaching safepoint: 212000 ns, At safepoint: 7600 ns, Total: 219600 ns
[2021-05-18T07:27:59.607+0000][6][safepoint   ] Safepoint "Cleanup", Time since last: 2000359000 ns, Reaching safepoint: 167900 ns, At safepoint: 5900 ns, Total: 173800 ns
[2021-05-18T07:28:00.607+0000][6][safepoint   ] Safepoint "Cleanup", Time since last: 1000138900 ns, Reaching safepoint: 133300 ns, At safepoint: 6200 ns, Total: 139500 ns
[2021-05-18T07:28:02.608+0000][6][safepoint   ] Safepoint "Cleanup", Time since last: 2000256200 ns, Reaching safepoint: 277600 ns, At safepoint: 14100 ns, Total: 291700 ns
[2021-05-18T07:28:04.608+0000][6][safepoint   ] Safepoint "Cleanup", Time since last: 2000364700 ns, Reaching safepoint: 135100 ns, At safepoint: 6200 ns, Total: 141300 ns
[2021-05-18T07:28:05.609+0000][6][safepoint   ] Safepoint "Cleanup", Time since last: 1000171300 ns, Reaching safepoint: 171900 ns, At safepoint: 6400 ns, Total: 178300 ns
[2021-05-18T07:28:06.609+0000][6][safepoint   ] Safepoint "Cleanup", Time since last: 1000191500 ns, Reaching safepoint: 227700 ns, At safepoint: 13100 ns, Total: 240800 ns
[2021-05-18T07:28:07.610+0000][6][safepoint   ] Safepoint "Cleanup", Time since last: 1000171000 ns, Reaching safepoint: 137100 ns, At safepoint: 6200 ns, Total: 143300 ns
[2021-05-18T07:28:08.610+0000][6][safepoint   ] Safepoint "Cleanup", Time since last: 1000170200 ns, Reaching safepoint: 146600 ns, At safepoint: 7000 ns, Total: 153600 ns
[2021-05-18T07:28:09.610+0000][6][safepoint   ] Safepoint "Cleanup", Time since last: 1000213900 ns, Reaching safepoint: 163700 ns, At safepoint: 6900 ns, Total: 170600 ns
[2021-05-18T07:28:10.611+0000][6][safepoint   ] Safepoint "Cleanup", Time since last: 1000180800 ns, Reaching safepoint: 159300 ns, At safepoint: 8700 ns, Total: 168000 ns
[2021-05-18T07:28:11.611+0000][6][safepoint   ] Safepoint "Cleanup", Time since last: 1000142600 ns, Reaching safepoint: 159300 ns, At safepoint: 23900 ns, Total: 183200 ns
[2021-05-18T07:28:12.611+0000][6][safepoint   ] Safepoint "Cleanup", Time since last: 1000178600 ns, Reaching safepoint: 138500 ns, At safepoint: 8000 ns, Total: 146500 ns
[2021-05-18T07:28:14.612+0000][6][safepoint   ] Safepoint "Cleanup", Time since last: 2000256900 ns, Reaching safepoint: 230500 ns, At safepoint: 11900 ns, Total: 242400 ns
[2021-05-18T07:28:15.612+0000][6][safepoint   ] Safepoint "Cleanup", Time since last: 1000164000 ns, Reaching safepoint: 230300 ns, At safepoint: 8600 ns, Total: 238900 ns
[2021-05-18T07:28:17.613+0000][6][safepoint   ] Safepoint "Cleanup", Time since last: 2000250100 ns, Reaching safepoint: 172000 ns, At safepoint: 8400 ns, Total: 180400 ns
[2021-05-18T07:28:18.613+0000][6][safepoint   ] Safepoint "Cleanup", Time since last: 1000147500 ns, Reaching safepoint: 207400 ns, At safepoint: 8200 ns, Total: 215600 ns
[2021-05-18T07:28:20.614+0000][6][safepoint   ] Safepoint "Cleanup", Time since last: 2000741900 ns, Reaching safepoint: 127500 ns, At safepoint: 12600 ns, Total: 140100 ns
[2021-05-18T07:28:21.614+0000][6][safepoint   ] Safepoint "Cleanup", Time since last: 1000197200 ns, Reaching safepoint: 188400 ns, At safepoint: 10800 ns, Total: 199200 ns
[2021-05-18T07:28:22.615+0000][6][safepoint   ] Safepoint "Cleanup", Time since last: 1000177000 ns, Reaching safepoint: 169400 ns, At safepoint: 9700 ns, Total: 179100 ns
[2021-05-18T07:28:23.615+0000][6][safepoint   ] Safepoint "Cleanup", Time since last: 1000179300 ns, Reaching safepoint: 220400 ns, At safepoint: 11200 ns, Total: 231600 ns
[2021-05-18T07:28:24.615+0000][6][safepoint   ] Safepoint "Cleanup", Time since last: 1000178900 ns, Reaching safepoint: 205900 ns, At safepoint: 9600 ns, Total: 215500 ns
[2021-05-18T07:28:25.616+0000][6][safepoint   ] Safepoint "Cleanup", Time since last: 1000159100 ns, Reaching safepoint: 164300 ns, At safepoint: 8200 ns, Total: 172500 ns
[2021-05-18T07:28:26.616+0000][6][safepoint   ] Safepoint "Cleanup", Time since last: 1000139200 ns, Reaching safepoint: 129000 ns, At safepoint: 8200 ns, Total: 137200 ns
[2021-05-18T07:28:27.616+0000][6][safepoint   ] Safepoint "Cleanup", Time since last: 1000218100 ns, Reaching safepoint: 146700 ns, At safepoint: 7200 ns, Total: 153900 ns
[2021-05-18T07:28:29.617+0000][6][safepoint   ] Safepoint "Cleanup", Time since last: 2000307900 ns, Reaching safepoint: 244600 ns, At safepoint: 18600 ns, Total: 263200 ns
[2021-05-18T07:28:30.617+0000][6][safepoint   ] Safepoint "Cleanup", Time since last: 1000246100 ns, Reaching safepoint: 199400 ns, At safepoint: 12000 ns, Total: 211400 ns
[2021-05-18T07:28:31.618+0000][6][safepoint   ] Safepoint "Cleanup", Time since last: 1000192300 ns, Reaching safepoint: 182700 ns, At safepoint: 6400 ns, Total: 189100 ns
[2021-05-18T07:28:32.618+0000][6][safepoint   ] Safepoint "Cleanup", Time since last: 1000145700 ns, Reaching safepoint: 302600 ns, At safepoint: 9400 ns, Total: 312000 ns
[2021-05-18T07:28:33.619+0000][6][safepoint   ] Safepoint "Cleanup", Time since last: 1000183200 ns, Reaching safepoint: 180100 ns, At safepoint: 6700 ns, Total: 186800 ns
[2021-05-18T07:28:34.619+0000][6][safepoint   ] Safepoint "Cleanup", Time since last: 1000222900 ns, Reaching safepoint: 138300 ns, At safepoint: 8400 ns, Total: 146700 ns
[2021-05-18T07:28:35.619+0000][6][safepoint   ] Safepoint "Cleanup", Time since last: 1000147400 ns, Reaching safepoint: 240700 ns, At safepoint: 10400 ns, Total: 251100 ns
[2021-05-18T07:28:36.620+0000][6][safepoint   ] Safepoint "Cleanup", Time since last: 1000274100 ns, Reaching safepoint: 134700 ns, At safepoint: 6000 ns, Total: 140700 ns
[2021-05-18T07:28:38.620+0000][6][safepoint   ] Safepoint "Cleanup", Time since last: 2000235600 ns, Reaching safepoint: 182200 ns, At safepoint: 8100 ns, Total: 190300 ns
[2021-05-18T07:28:40.621+0000][6][safepoint   ] Safepoint "Cleanup", Time since last: 2000292900 ns, Reaching safepoint: 136500 ns, At safepoint: 8200 ns, Total: 144700 ns
[2021-05-18T07:28:41.621+0000][6][safepoint   ] Safepoint "Cleanup", Time since last: 1000190600 ns, Reaching safepoint: 138900 ns, At safepoint: 6100 ns, Total: 145000 ns
[2021-05-18T07:28:44.622+0000][6][safepoint   ] Safepoint "Cleanup", Time since last: 3000412400 ns, Reaching safepoint: 163200 ns, At safepoint: 10600 ns, Total: 173800 ns
[2021-05-18T07:28:45.622+0000][6][safepoint   ] Safepoint "Cleanup", Time since last: 1000187400 ns, Reaching safepoint: 133900 ns, At safepoint: 6100 ns, Total: 140000 ns
[2021-05-18T07:28:47.622+0000][6][safepoint   ] Safepoint "Cleanup", Time since last: 2000250500 ns, Reaching safepoint: 126900 ns, At safepoint: 6000 ns, Total: 132900 ns
[2021-05-18T07:28:50.623+0000][6][safepoint   ] Safepoint "Cleanup", Time since last: 3000422800 ns, Reaching safepoint: 127600 ns, At safepoint: 6100 ns, Total: 133700 ns
[2021-05-18T07:28:52.623+0000][6][safepoint   ] Safepoint "Cleanup", Time since last: 2000307700 ns, Reaching safepoint: 147700 ns, At safepoint: 7000 ns, Total: 154700 ns
[2021-05-18T07:28:53.624+0000][6][safepoint   ] Safepoint "Cleanup", Time since last: 1000211900 ns, Reaching safepoint: 130400 ns, At safepoint: 6200 ns, Total: 136600 ns
[2021-05-18T07:28:56.624+0000][6][safepoint   ] Safepoint "Cleanup", Time since last: 3000326400 ns, Reaching safepoint: 126200 ns, At safepoint: 6100 ns, Total: 132300 ns
[2021-05-18T07:28:57.625+0000][6][safepoint   ] Safepoint "Cleanup", Time since last: 1000165700 ns, Reaching safepoint: 207800 ns, At safepoint: 6700 ns, Total: 214500 ns
[2021-05-18T07:28:59.625+0000][6][safepoint   ] Safepoint "Cleanup", Time since last: 2000298200 ns, Reaching safepoint: 167700 ns, At safepoint: 6100 ns, Total: 173800 ns
[2021-05-18T07:29:00.625+0000][6][safepoint   ] Safepoint "Cleanup", Time since last: 1000174600 ns, Reaching safepoint: 130000 ns, At safepoint: 5900 ns, Total: 135900 ns
[2021-05-18T07:29:02.626+0000][6][safepoint   ] Safepoint "Cleanup", Time since last: 2000301400 ns, Reaching safepoint: 155400 ns, At safepoint: 6000 ns, Total: 161400 ns
[2021-05-18T07:29:04.626+0000][6][safepoint   ] Safepoint "Cleanup", Time since last: 2000345500 ns, Reaching safepoint: 162200 ns, At safepoint: 6200 ns, Total: 168400 ns
[2021-05-18T07:29:04.783+0000][6][gc,start    ] GC(15) Pause Young (Normal) (G1 Evacuation Pause)
[2021-05-18T07:29:04.783+0000][6][gc,task     ] GC(15) Using 5 workers of 5 for evacuation
[2021-05-18T07:29:04.784+0000][6][gc,age      ] GC(15) Desired survivor size 29360128 bytes, new threshold 15 (max threshold 15)
[2021-05-18T07:29:04.794+0000][6][gc,age      ] GC(15) Age table with threshold 15 (max threshold 15)
[2021-05-18T07:29:04.794+0000][6][gc,age      ] GC(15) - age   1:    4751400 bytes,    4751400 total
[2021-05-18T07:29:04.794+0000][6][gc,age      ] GC(15) - age   2:    6606384 bytes,   11357784 total
[2021-05-18T07:29:04.794+0000][6][gc,phases   ] GC(15)   Pre Evacuate Collection Set: 0.3ms
[2021-05-18T07:29:04.794+0000][6][gc,phases   ] GC(15)   Merge Heap Roots: 0.2ms
[2021-05-18T07:29:04.794+0000][6][gc,phases   ] GC(15)   Evacuate Collection Set: 8.9ms
[2021-05-18T07:29:04.794+0000][6][gc,phases   ] GC(15)   Post Evacuate Collection Set: 1.4ms
[2021-05-18T07:29:04.794+0000][6][gc,phases   ] GC(15)   Other: 0.3ms
[2021-05-18T07:29:04.794+0000][6][gc,heap     ] GC(15) Eden regions: 107->0(193)
[2021-05-18T07:29:04.794+0000][6][gc,heap     ] GC(15) Survivor regions: 4->3(14)
[2021-05-18T07:29:04.794+0000][6][gc,heap     ] GC(15) Old regions: 23->23
[2021-05-18T07:29:04.794+0000][6][gc,heap     ] GC(15) Archive regions: 2->2
[2021-05-18T07:29:04.794+0000][6][gc,heap     ] GC(15) Humongous regions: 2->2
[2021-05-18T07:29:04.794+0000][6][gc,metaspace] GC(15) Metaspace: 106188K(107840K)->106188K(107840K) NonClass: 91907K(92864K)->91907K(92864K) Class: 14280K(14976K)->14280K(14976K)
[2021-05-18T07:29:04.794+0000][6][gc          ] GC(15) Pause Young (Normal) (G1 Evacuation Pause) 542M->113M(3988M) 11.123ms
[2021-05-18T07:29:04.795+0000][6][gc,cpu      ] GC(15) User=0.02s Sys=0.01s Real=0.01s
[2021-05-18T07:29:04.795+0000][6][safepoint   ] Safepoint "G1CollectForAllocation", Time since last: 156870200 ns, Reaching safepoint: 185300 ns, At safepoint: 11245500 ns, Total: 11430800 ns
[2021-05-18T07:29:05.795+0000][6][safepoint   ] Safepoint "Cleanup", Time since last: 1000182000 ns, Reaching safepoint: 115600 ns, At safepoint: 6500 ns, Total: 122100 ns
[2021-05-18T07:29:06.795+0000][6][safepoint   ] Safepoint "Cleanup", Time since last: 1000215500 ns, Reaching safepoint: 135900 ns, At safepoint: 6400 ns, Total: 142300 ns
[2021-05-18T07:29:07.796+0000][6][safepoint   ] Safepoint "Cleanup", Time since last: 1000203400 ns, Reaching safepoint: 132500 ns, At safepoint: 27400 ns, Total: 159900 ns
[2021-05-18T07:29:08.796+0000][6][safepoint   ] Safepoint "Cleanup", Time since last: 1000136900 ns, Reaching safepoint: 134500 ns, At safepoint: 6100 ns, Total: 140600 ns
[2021-05-18T07:29:10.797+0000][6][safepoint   ] Safepoint "Cleanup", Time since last: 2000329000 ns, Reaching safepoint: 399300 ns, At safepoint: 441100 ns, Total: 840400 ns
[2021-05-18T07:29:11.797+0000][6][safepoint   ] Safepoint "Cleanup", Time since last: 1000206200 ns, Reaching safepoint: 148700 ns, At safepoint: 6000 ns, Total: 154700 ns
[2021-05-18T07:29:12.798+0000][6][safepoint   ] Safepoint "Cleanup", Time since last: 1000148000 ns, Reaching safepoint: 184700 ns, At safepoint: 8500 ns, Total: 193200 ns
[2021-05-18T07:29:14.798+0000][6][safepoint   ] Safepoint "Cleanup", Time since last: 2000274800 ns, Reaching safepoint: 122200 ns, At safepoint: 13200 ns, Total: 135400 ns
[2021-05-18T07:29:15.799+0000][6][safepoint   ] Safepoint "Cleanup", Time since last: 1000189600 ns, Reaching safepoint: 165800 ns, At safepoint: 12200 ns, Total: 178000 ns
[2021-05-18T07:29:16.799+0000][6][safepoint   ] Safepoint "Cleanup", Time since last: 1000165500 ns, Reaching safepoint: 187500 ns, At safepoint: 9300 ns, Total: 196800 ns
[2021-05-18T07:29:17.799+0000][6][safepoint   ] Safepoint "Cleanup", Time since last: 1000176000 ns, Reaching safepoint: 206800 ns, At safepoint: 12200 ns, Total: 219000 ns
[2021-05-18T07:29:19.803+0000][6][safepoint   ] Safepoint "Cleanup", Time since last: 2003131800 ns, Reaching safepoint: 158800 ns, At safepoint: 39600 ns, Total: 198400 ns
[2021-05-18T07:29:20.803+0000][6][safepoint   ] Safepoint "Cleanup", Time since last: 1000168200 ns, Reaching safepoint: 200200 ns, At safepoint: 9400 ns, Total: 209600 ns
[2021-05-18T07:29:22.804+0000][6][safepoint   ] Safepoint "Cleanup", Time since last: 2000313700 ns, Reaching safepoint: 242900 ns, At safepoint: 39900 ns, Total: 282800 ns
[2021-05-18T07:29:23.804+0000][6][safepoint   ] Safepoint "Cleanup", Time since last: 1000152400 ns, Reaching safepoint: 212300 ns, At safepoint: 10300 ns, Total: 222600 ns
[2021-05-18T07:29:24.804+0000][6][safepoint   ] Safepoint "Cleanup", Time since last: 1000220800 ns, Reaching safepoint: 207600 ns, At safepoint: 10800 ns, Total: 218400 ns
[2021-05-18T07:29:25.805+0000][6][safepoint   ] Safepoint "Cleanup", Time since last: 1000152800 ns, Reaching safepoint: 190200 ns, At safepoint: 9500 ns, Total: 199700 ns
[2021-05-18T07:29:27.805+0000][6][safepoint   ] Safepoint "Cleanup", Time since last: 2000289000 ns, Reaching safepoint: 178700 ns, At safepoint: 9100 ns, Total: 187800 ns
[2021-05-18T07:29:28.806+0000][6][safepoint   ] Safepoint "Cleanup", Time since last: 1000170400 ns, Reaching safepoint: 198900 ns, At safepoint: 9500 ns, Total: 208400 ns
[2021-05-18T07:29:30.806+0000][6][safepoint   ] Safepoint "Cleanup", Time since last: 2000274700 ns, Reaching safepoint: 207700 ns, At safepoint: 10600 ns, Total: 218300 ns
[2021-05-18T07:29:31.807+0000][6][safepoint   ] Safepoint "Cleanup", Time since last: 1000226400 ns, Reaching safepoint: 306700 ns, At safepoint: 10500 ns, Total: 317200 ns
[2021-05-18T07:29:32.807+0000][6][safepoint   ] Safepoint "Cleanup", Time since last: 1000173900 ns, Reaching safepoint: 214300 ns, At safepoint: 10800 ns, Total: 225100 ns
[2021-05-18T07:29:33.807+0000][6][safepoint   ] Safepoint "Cleanup", Time since last: 1000188800 ns, Reaching safepoint: 196600 ns, At safepoint: 9500 ns, Total: 206100 ns
[2021-05-18T07:29:34.808+0000][6][safepoint   ] Safepoint "Cleanup", Time since last: 1000159700 ns, Reaching safepoint: 152900 ns, At safepoint: 8300 ns, Total: 161200 ns
[2021-05-18T07:29:35.808+0000][6][safepoint   ] Safepoint "Cleanup", Time since last: 1000187400 ns, Reaching safepoint: 171800 ns, At safepoint: 8900 ns, Total: 180700 ns
[2021-05-18T07:29:36.808+0000][6][safepoint   ] Safepoint "Cleanup", Time since last: 1000193000 ns, Reaching safepoint: 133600 ns, At safepoint: 6200 ns, Total: 139800 ns
[2021-05-18T07:29:37.809+0000][6][safepoint   ] Safepoint "Cleanup", Time since last: 1000146500 ns, Reaching safepoint: 279800 ns, At safepoint: 73200 ns, Total: 353000 ns
[2021-05-18T07:29:38.811+0000][6][safepoint   ] Safepoint "Cleanup", Time since last: 1002025100 ns, Reaching safepoint: 125700 ns, At safepoint: 9100 ns, Total: 134800 ns
[2021-05-18T07:29:39.811+0000][6][safepoint   ] Safepoint "Cleanup", Time since last: 1000163800 ns, Reaching safepoint: 134800 ns, At safepoint: 8400 ns, Total: 143200 ns
[2021-05-18T07:29:42.812+0000][6][safepoint   ] Safepoint "Cleanup", Time since last: 3000479500 ns, Reaching safepoint: 110000 ns, At safepoint: 13800 ns, Total: 123800 ns
[2021-05-18T07:29:43.812+0000][6][safepoint   ] Safepoint "Cleanup", Time since last: 1000161500 ns, Reaching safepoint: 70800 ns, At safepoint: 6000 ns, Total: 76800 ns
[2021-05-18T07:29:46.813+0000][6][safepoint   ] Safepoint "Cleanup", Time since last: 3000380000 ns, Reaching safepoint: 220100 ns, At safepoint: 13900 ns, Total: 234000 ns
[2021-05-18T07:29:47.813+0000][6][safepoint   ] Safepoint "Cleanup", Time since last: 1000149200 ns, Reaching safepoint: 189300 ns, At safepoint: 31900 ns, Total: 221200 ns
[2021-05-18T07:29:48.814+0000][6][safepoint   ] Safepoint "Cleanup", Time since last: 1000144500 ns, Reaching safepoint: 119100 ns, At safepoint: 6200 ns, Total: 125300 ns
[2021-05-18T07:29:49.814+0000][6][safepoint   ] Safepoint "Cleanup", Time since last: 1000168000 ns, Reaching safepoint: 130500 ns, At safepoint: 5900 ns, Total: 136400 ns
[2021-05-18T07:29:50.814+0000][6][safepoint   ] Safepoint "Cleanup", Time since last: 1000147800 ns, Reaching safepoint: 165700 ns, At safepoint: 6200 ns, Total: 171900 ns
[2021-05-18T07:29:52.815+0000][6][safepoint   ] Safepoint "Cleanup", Time since last: 2000393900 ns, Reaching safepoint: 143100 ns, At safepoint: 6800 ns, Total: 149900 ns
[2021-05-18T07:29:55.815+0000][6][safepoint   ] Safepoint "Cleanup", Time since last: 3000359500 ns, Reaching safepoint: 182700 ns, At safepoint: 33600 ns, Total: 216300 ns
[2021-05-18T07:29:57.816+0000][6][safepoint   ] Safepoint "Cleanup", Time since last: 2000255800 ns, Reaching safepoint: 152200 ns, At safepoint: 15100 ns, Total: 167300 ns
[2021-05-18T07:29:58.816+0000][6][safepoint   ] Safepoint "Cleanup", Time since last: 1000124400 ns, Reaching safepoint: 135500 ns, At safepoint: 8900 ns, Total: 144400 ns
[2021-05-18T07:29:59.816+0000][6][safepoint   ] Safepoint "Cleanup", Time since last: 1000189100 ns, Reaching safepoint: 210600 ns, At safepoint: 10500 ns, Total: 221100 ns
[2021-05-18T07:30:00.817+0000][6][safepoint   ] Safepoint "Cleanup", Time since last: 1000205900 ns, Reaching safepoint: 180000 ns, At safepoint: 8200 ns, Total: 188200 ns
[2021-05-18T07:30:01.817+0000][6][safepoint   ] Safepoint "Cleanup", Time since last: 1000138700 ns, Reaching safepoint: 195600 ns, At safepoint: 11200 ns, Total: 206800 ns
[2021-05-18T07:30:02.817+0000][6][safepoint   ] Safepoint "Cleanup", Time since last: 1000172000 ns, Reaching safepoint: 189800 ns, At safepoint: 10700 ns, Total: 200500 ns
[2021-05-18T07:30:04.818+0000][6][safepoint   ] Safepoint "Cleanup", Time since last: 2000226400 ns, Reaching safepoint: 135700 ns, At safepoint: 6100 ns, Total: 141800 ns
[2021-05-18T07:30:06.818+0000][6][safepoint   ] Safepoint "Cleanup", Time since last: 2000318500 ns, Reaching safepoint: 81800 ns, At safepoint: 5700 ns, Total: 87500 ns
[2021-05-18T07:30:07.819+0000][6][safepoint   ] Safepoint "Cleanup", Time since last: 1000175900 ns, Reaching safepoint: 161500 ns, At safepoint: 6600 ns, Total: 168100 ns
[2021-05-18T07:30:10.820+0000][6][safepoint   ] Safepoint "Cleanup", Time since last: 3000648100 ns, Reaching safepoint: 478800 ns, At safepoint: 19700 ns, Total: 498500 ns
[2021-05-18T07:30:11.820+0000][6][safepoint   ] Safepoint "Cleanup", Time since last: 1000249600 ns, Reaching safepoint: 120300 ns, At safepoint: 14300 ns, Total: 134600 ns
[2021-05-18T07:30:15.010+0000][6][safepoint   ] Safepoint "Cleanup", Time since last: 3189760200 ns, Reaching safepoint: 218400 ns, At safepoint: 20200 ns, Total: 238600 ns
[2021-05-18T07:30:16.010+0000][6][safepoint   ] Safepoint "Cleanup", Time since last: 1000197300 ns, Reaching safepoint: 133400 ns, At safepoint: 6400 ns, Total: 139800 ns
[2021-05-18T07:30:17.011+0000][6][safepoint   ] Safepoint "Cleanup", Time since last: 1000158600 ns, Reaching safepoint: 216100 ns, At safepoint: 12400 ns, Total: 228500 ns
[2021-05-18T07:30:19.765+0000][6][safepoint   ] Safepoint "Cleanup", Time since last: 2754118800 ns, Reaching safepoint: 316800 ns, At safepoint: 69100 ns, Total: 385900 ns
[2021-05-18T07:30:20.766+0000][6][safepoint   ] Safepoint "Cleanup", Time since last: 1000153000 ns, Reaching safepoint: 220800 ns, At safepoint: 10900 ns, Total: 231700 ns
[2021-05-18T07:30:22.766+0000][6][safepoint   ] Safepoint "Cleanup", Time since last: 2000279700 ns, Reaching safepoint: 174000 ns, At safepoint: 9400 ns, Total: 183400 ns
[2021-05-18T07:30:23.767+0000][6][safepoint   ] Safepoint "Cleanup", Time since last: 1000176200 ns, Reaching safepoint: 161500 ns, At safepoint: 13700 ns, Total: 175200 ns
[2021-05-18T07:30:24.767+0000][6][safepoint   ] Safepoint "Cleanup", Time since last: 1000145700 ns, Reaching safepoint: 205200 ns, At safepoint: 8700 ns, Total: 213900 ns
[2021-05-18T07:30:26.827+0000][6][safepoint   ] Safepoint "Cleanup", Time since last: 2059736000 ns, Reaching safepoint: 130200 ns, At safepoint: 9500 ns, Total: 139700 ns
[2021-05-18T07:30:27.827+0000][6][safepoint   ] Safepoint "Cleanup", Time since last: 1000206100 ns, Reaching safepoint: 286400 ns, At safepoint: 16600 ns, Total: 303000 ns
[2021-05-18T07:30:28.828+0000][6][safepoint   ] Safepoint "Cleanup", Time since last: 1000177400 ns, Reaching safepoint: 153000 ns, At safepoint: 6600 ns, Total: 159600 ns
[2021-05-18T07:30:30.828+0000][6][safepoint   ] Safepoint "Cleanup", Time since last: 2000335400 ns, Reaching safepoint: 157900 ns, At safepoint: 15500 ns, Total: 173400 ns
[2021-05-18T07:30:31.828+0000][6][safepoint   ] Safepoint "Cleanup", Time since last: 1000190000 ns, Reaching safepoint: 146200 ns, At safepoint: 15300 ns, Total: 161500 ns
[2021-05-18T07:30:32.829+0000][6][safepoint   ] Safepoint "Cleanup", Time since last: 1000209300 ns, Reaching safepoint: 148800 ns, At safepoint: 6400 ns, Total: 155200 ns
[2021-05-18T07:30:34.829+0000][6][safepoint   ] Safepoint "Cleanup", Time since last: 2000252400 ns, Reaching safepoint: 151700 ns, At safepoint: 7900 ns, Total: 159600 ns
[2021-05-18T07:30:35.830+0000][6][safepoint   ] Safepoint "Cleanup", Time since last: 1000187400 ns, Reaching safepoint: 200100 ns, At safepoint: 15800 ns, Total: 215900 ns
[2021-05-18T07:30:36.830+0000][6][safepoint   ] Safepoint "Cleanup", Time since last: 1000165100 ns, Reaching safepoint: 241200 ns, At safepoint: 6700 ns, Total: 247900 ns
[2021-05-18T07:30:38.831+0000][6][safepoint   ] Safepoint "Cleanup", Time since last: 2000325900 ns, Reaching safepoint: 171200 ns, At safepoint: 11000 ns, Total: 182200 ns
[2021-05-18T07:30:39.831+0000][6][safepoint   ] Safepoint "Cleanup", Time since last: 1000204300 ns, Reaching safepoint: 171200 ns, At safepoint: 6700 ns, Total: 177900 ns
[2021-05-18T07:30:40.831+0000][6][safepoint   ] Safepoint "Cleanup", Time since last: 1000158000 ns, Reaching safepoint: 140700 ns, At safepoint: 31400 ns, Total: 172100 ns
[2021-05-18T07:30:41.832+0000][6][safepoint   ] Safepoint "Cleanup", Time since last: 1000193300 ns, Reaching safepoint: 245500 ns, At safepoint: 16200 ns, Total: 261700 ns
[2021-05-18T07:30:42.832+0000][6][safepoint   ] Safepoint "Cleanup", Time since last: 1000164800 ns, Reaching safepoint: 235500 ns, At safepoint: 9000 ns, Total: 244500 ns
[2021-05-18T07:30:45.833+0000][6][safepoint   ] Safepoint "Cleanup", Time since last: 3000453900 ns, Reaching safepoint: 150700 ns, At safepoint: 6500 ns, Total: 157200 ns
[2021-05-18T07:30:46.833+0000][6][safepoint   ] Safepoint "Cleanup", Time since last: 1000133500 ns, Reaching safepoint: 186900 ns, At safepoint: 6900 ns, Total: 193800 ns
[2021-05-18T07:30:47.833+0000][6][safepoint   ] Safepoint "Cleanup", Time since last: 1000196400 ns, Reaching safepoint: 128900 ns, At safepoint: 6500 ns, Total: 135400 ns
[2021-05-18T07:30:52.834+0000][6][safepoint   ] Safepoint "Cleanup", Time since last: 5000637500 ns, Reaching safepoint: 128900 ns, At safepoint: 6100 ns, Total: 135000 ns
[2021-05-18T07:30:54.835+0000][6][safepoint   ] Safepoint "Cleanup", Time since last: 2000288000 ns, Reaching safepoint: 296500 ns, At safepoint: 36800 ns, Total: 333300 ns
[2021-05-18T07:30:55.835+0000][6][safepoint   ] Safepoint "Cleanup", Time since last: 1000149600 ns, Reaching safepoint: 154500 ns, At safepoint: 7500 ns, Total: 162000 ns
[2021-05-18T07:30:58.836+0000][6][safepoint   ] Safepoint "Cleanup", Time since last: 3000458900 ns, Reaching safepoint: 165100 ns, At safepoint: 38900 ns, Total: 204000 ns
[2021-05-18T07:30:59.836+0000][6][safepoint   ] Safepoint "Cleanup", Time since last: 1000149500 ns, Reaching safepoint: 128100 ns, At safepoint: 64100 ns, Total: 192200 ns
[2021-05-18T07:31:02.837+0000][6][safepoint   ] Safepoint "Cleanup", Time since last: 3000368700 ns, Reaching safepoint: 249400 ns, At safepoint: 10800 ns, Total: 260200 ns
[2021-05-18T07:31:04.837+0000][6][safepoint   ] Safepoint "Cleanup", Time since last: 2000259100 ns, Reaching safepoint: 153600 ns, At safepoint: 9100 ns, Total: 162700 ns
[2021-05-18T07:31:06.838+0000][6][safepoint   ] Safepoint "Cleanup", Time since last: 2000272100 ns, Reaching safepoint: 332800 ns, At safepoint: 8100 ns, Total: 340900 ns
[2021-05-18T07:31:07.838+0000][6][safepoint   ] Safepoint "Cleanup", Time since last: 1000157700 ns, Reaching safepoint: 199400 ns, At safepoint: 10700 ns, Total: 210100 ns
[2021-05-18T07:31:10.839+0000][6][safepoint   ] Safepoint "Cleanup", Time since last: 3000406600 ns, Reaching safepoint: 186500 ns, At safepoint: 8300 ns, Total: 194800 ns
[2021-05-18T07:31:11.839+0000][6][safepoint   ] Safepoint "Cleanup", Time since last: 1000142400 ns, Reaching safepoint: 98200 ns, At safepoint: 8700 ns, Total: 106900 ns
[2021-05-18T07:31:12.839+0000][6][safepoint   ] Safepoint "Cleanup", Time since last: 1000189000 ns, Reaching safepoint: 235900 ns, At safepoint: 10200 ns, Total: 246100 ns
[2021-05-18T07:31:14.840+0000][6][safepoint   ] Safepoint "Cleanup", Time since last: 2000345100 ns, Reaching safepoint: 139200 ns, At safepoint: 36000 ns, Total: 175200 ns
[2021-05-18T07:31:16.840+0000][6][safepoint   ] Safepoint "Cleanup", Time since last: 2000285000 ns, Reaching safepoint: 134400 ns, At safepoint: 6300 ns, Total: 140700 ns
[2021-05-18T07:31:19.841+0000][6][safepoint   ] Safepoint "Cleanup", Time since last: 3000399600 ns, Reaching safepoint: 200900 ns, At safepoint: 11700 ns, Total: 212600 ns
[2021-05-18T07:31:22.848+0000][6][safepoint   ] Safepoint "Cleanup", Time since last: 3006320900 ns, Reaching safepoint: 303100 ns, At safepoint: 39800 ns, Total: 342900 ns
[2021-05-18T07:31:23.852+0000][6][safepoint   ] Safepoint "Cleanup", Time since last: 1000156300 ns, Reaching safepoint: 4508900 ns, At safepoint: 49000 ns, Total: 4557900 ns
[2021-05-18T07:31:24.857+0000][6][safepoint   ] Safepoint "Cleanup", Time since last: 1004007400 ns, Reaching safepoint: 384000 ns, At safepoint: 64700 ns, Total: 448700 ns
[2021-05-18T07:31:25.857+0000][6][safepoint   ] Safepoint "Cleanup", Time since last: 1000185600 ns, Reaching safepoint: 185100 ns, At safepoint: 10700 ns, Total: 195800 ns
[2021-05-18T07:31:26.858+0000][6][safepoint   ] Safepoint "Cleanup", Time since last: 1000154700 ns, Reaching safepoint: 347300 ns, At safepoint: 15100 ns, Total: 362400 ns
[2021-05-18T07:31:28.858+0000][6][safepoint   ] Safepoint "Cleanup", Time since last: 2000291100 ns, Reaching safepoint: 194700 ns, At safepoint: 10100 ns, Total: 204800 ns
[2021-05-18T07:31:29.859+0000][6][safepoint   ] Safepoint "Cleanup", Time since last: 1000178600 ns, Reaching safepoint: 153300 ns, At safepoint: 9800 ns, Total: 163100 ns
[2021-05-18T07:31:32.859+0000][6][safepoint   ] Safepoint "Cleanup", Time since last: 3000352600 ns, Reaching safepoint: 196500 ns, At safepoint: 6400 ns, Total: 202900 ns
[2021-05-18T07:31:34.860+0000][6][safepoint   ] Safepoint "Cleanup", Time since last: 2000269100 ns, Reaching safepoint: 165700 ns, At safepoint: 11800 ns, Total: 177500 ns
[2021-05-18T07:31:35.860+0000][6][safepoint   ] Safepoint "Cleanup", Time since last: 1000171800 ns, Reaching safepoint: 155000 ns, At safepoint: 14500 ns, Total: 169500 ns
[2021-05-18T07:31:36.860+0000][6][safepoint   ] Safepoint "Cleanup", Time since last: 1000159500 ns, Reaching safepoint: 145400 ns, At safepoint: 5800 ns, Total: 151200 ns
[2021-05-18T07:31:37.861+0000][6][safepoint   ] Safepoint "Cleanup", Time since last: 1000125000 ns, Reaching safepoint: 209300 ns, At safepoint: 9400 ns, Total: 218700 ns
[2021-05-18T07:31:38.861+0000][6][safepoint   ] Safepoint "Cleanup", Time since last: 1000143700 ns, Reaching safepoint: 162900 ns, At safepoint: 7600 ns, Total: 170500 ns
[2021-05-18T07:31:39.861+0000][6][safepoint   ] Safepoint "Cleanup", Time since last: 1000154900 ns, Reaching safepoint: 192000 ns, At safepoint: 9700 ns, Total: 201700 ns
[2021-05-18T07:31:40.862+0000][6][safepoint   ] Safepoint "Cleanup", Time since last: 1000184500 ns, Reaching safepoint: 166100 ns, At safepoint: 7200 ns, Total: 173300 ns
[2021-05-18T07:31:43.862+0000][6][safepoint   ] Safepoint "Cleanup", Time since last: 3000390000 ns, Reaching safepoint: 339900 ns, At safepoint: 44500 ns, Total: 384400 ns
[2021-05-18T07:31:44.863+0000][6][safepoint   ] Safepoint "Cleanup", Time since last: 1000174300 ns, Reaching safepoint: 223500 ns, At safepoint: 11300 ns, Total: 234800 ns
[2021-05-18T07:31:45.863+0000][6][safepoint   ] Safepoint "Cleanup", Time since last: 1000174300 ns, Reaching safepoint: 141100 ns, At safepoint: 9300 ns, Total: 150400 ns
[2021-05-18T07:31:46.863+0000][6][safepoint   ] Safepoint "Cleanup", Time since last: 1000205600 ns, Reaching safepoint: 154900 ns, At safepoint: 6100 ns, Total: 161000 ns
[2021-05-18T07:31:49.864+0000][6][safepoint   ] Safepoint "Cleanup", Time since last: 3000412700 ns, Reaching safepoint: 126700 ns, At safepoint: 26800 ns, Total: 153500 ns
[2021-05-18T07:31:50.864+0000][6][safepoint   ] Safepoint "Cleanup", Time since last: 1000145300 ns, Reaching safepoint: 218700 ns, At safepoint: 9500 ns, Total: 228200 ns
[2021-05-18T07:31:51.865+0000][6][safepoint   ] Safepoint "Cleanup", Time since last: 1000160900 ns, Reaching safepoint: 176000 ns, At safepoint: 8400 ns, Total: 184400 ns
[2021-05-18T07:31:52.865+0000][6][safepoint   ] Safepoint "Cleanup", Time since last: 1000207400 ns, Reaching safepoint: 137200 ns, At safepoint: 6400 ns, Total: 143600 ns
[2021-05-18T07:31:55.866+0000][6][safepoint   ] Safepoint "Cleanup", Time since last: 3000426300 ns, Reaching safepoint: 138200 ns, At safepoint: 6700 ns, Total: 144900 ns
[2021-05-18T07:31:57.866+0000][6][safepoint   ] Safepoint "Cleanup", Time since last: 2000261800 ns, Reaching safepoint: 214000 ns, At safepoint: 7100 ns, Total: 221100 ns
[2021-05-18T07:31:58.866+0000][6][safepoint   ] Safepoint "Cleanup", Time since last: 1000129400 ns, Reaching safepoint: 127700 ns, At safepoint: 5900 ns, Total: 133600 ns
[2021-05-18T07:31:59.867+0000][6][safepoint   ] Safepoint "Cleanup", Time since last: 1000186400 ns, Reaching safepoint: 129400 ns, At safepoint: 6000 ns, Total: 135400 ns
[2021-05-18T07:32:00.867+0000][6][safepoint   ] Safepoint "Cleanup", Time since last: 1000176300 ns, Reaching safepoint: 127000 ns, At safepoint: 6200 ns, Total: 133200 ns
[2021-05-18T07:32:01.867+0000][6][safepoint   ] Safepoint "Cleanup", Time since last: 1000131700 ns, Reaching safepoint: 208300 ns, At safepoint: 9400 ns, Total: 217700 ns
[2021-05-18T07:32:02.868+0000][6][safepoint   ] Safepoint "Cleanup", Time since last: 1000165700 ns, Reaching safepoint: 180600 ns, At safepoint: 15100 ns, Total: 195700 ns
[2021-05-18T07:32:03.868+0000][6][safepoint   ] Safepoint "Cleanup", Time since last: 1000150300 ns, Reaching safepoint: 193100 ns, At safepoint: 8100 ns, Total: 201200 ns
[2021-05-18T07:32:04.868+0000][6][safepoint   ] Safepoint "Cleanup", Time since last: 1000189200 ns, Reaching safepoint: 121400 ns, At safepoint: 7300 ns, Total: 128700 ns
[2021-05-18T07:32:05.869+0000][6][safepoint   ] Safepoint "Cleanup", Time since last: 1000147400 ns, Reaching safepoint: 145000 ns, At safepoint: 6300 ns, Total: 151300 ns
[2021-05-18T07:32:06.869+0000][6][safepoint   ] Safepoint "Cleanup", Time since last: 1000185800 ns, Reaching safepoint: 156000 ns, At safepoint: 6200 ns, Total: 162200 ns
[2021-05-18T07:32:10.870+0000][6][safepoint   ] Safepoint "Cleanup", Time since last: 4000512300 ns, Reaching safepoint: 118600 ns, At safepoint: 6200 ns, Total: 124800 ns
[2021-05-18T07:32:11.870+0000][6][safepoint   ] Safepoint "Cleanup", Time since last: 1000133200 ns, Reaching safepoint: 155400 ns, At safepoint: 6800 ns, Total: 162200 ns
[2021-05-18T07:32:12.870+0000][6][safepoint   ] Safepoint "Cleanup", Time since last: 1000139800 ns, Reaching safepoint: 174500 ns, At safepoint: 9900 ns, Total: 184400 ns
[2021-05-18T07:32:13.871+0000][6][safepoint   ] Safepoint "Cleanup", Time since last: 1000141600 ns, Reaching safepoint: 124700 ns, At safepoint: 6100 ns, Total: 130800 ns
[2021-05-18T07:32:14.871+0000][6][safepoint   ] Safepoint "Cleanup", Time since last: 1000114300 ns, Reaching safepoint: 149500 ns, At safepoint: 6800 ns, Total: 156300 ns
[2021-05-18T07:32:15.871+0000][6][safepoint   ] Safepoint "Cleanup", Time since last: 1000213000 ns, Reaching safepoint: 144000 ns, At safepoint: 14600 ns, Total: 158600 ns
[2021-05-18T07:32:17.872+0000][6][safepoint   ] Safepoint "Cleanup", Time since last: 2000241600 ns, Reaching safepoint: 313100 ns, At safepoint: 12800 ns, Total: 325900 ns
[2021-05-18T07:32:19.872+0000][6][safepoint   ] Safepoint "Cleanup", Time since last: 2000292300 ns, Reaching safepoint: 193900 ns, At safepoint: 9300 ns, Total: 203200 ns
[2021-05-18T07:32:20.873+0000][6][safepoint   ] Safepoint "Cleanup", Time since last: 1000217400 ns, Reaching safepoint: 189700 ns, At safepoint: 9000 ns, Total: 198700 ns
[2021-05-18T07:32:21.873+0000][6][safepoint   ] Safepoint "Cleanup", Time since last: 1000174300 ns, Reaching safepoint: 185500 ns, At safepoint: 9200 ns, Total: 194700 ns
[2021-05-18T07:32:22.874+0000][6][safepoint   ] Safepoint "Cleanup", Time since last: 1000163800 ns, Reaching safepoint: 225800 ns, At safepoint: 10400 ns, Total: 236200 ns
[2021-05-18T07:32:24.874+0000][6][safepoint   ] Safepoint "Cleanup", Time since last: 2000380600 ns, Reaching safepoint: 227400 ns, At safepoint: 8900 ns, Total: 236300 ns
[2021-05-18T07:32:25.875+0000][6][safepoint   ] Safepoint "Cleanup", Time since last: 1000161700 ns, Reaching safepoint: 187400 ns, At safepoint: 34000 ns, Total: 221400 ns
[2021-05-18T07:32:26.875+0000][6][safepoint   ] Safepoint "Cleanup", Time since last: 1000158300 ns, Reaching safepoint: 144300 ns, At safepoint: 14700 ns, Total: 159000 ns
[2021-05-18T07:32:27.875+0000][6][safepoint   ] Safepoint "Cleanup", Time since last: 1000195100 ns, Reaching safepoint: 193700 ns, At safepoint: 10200 ns, Total: 203900 ns
[2021-05-18T07:32:28.876+0000][6][safepoint   ] Safepoint "Cleanup", Time since last: 1000171000 ns, Reaching safepoint: 194900 ns, At safepoint: 9400 ns, Total: 204300 ns
[2021-05-18T07:32:29.882+0000][6][safepoint   ] Safepoint "Cleanup", Time since last: 1005842000 ns, Reaching safepoint: 527800 ns, At safepoint: 11700 ns, Total: 539500 ns
[2021-05-18T07:32:30.903+0000][6][safepoint   ] Safepoint "Cleanup", Time since last: 1000323400 ns, Reaching safepoint: 20830600 ns, At safepoint: 59000 ns, Total: 20889600 ns
[2021-05-18T07:32:31.904+0000][6][safepoint   ] Safepoint "Cleanup", Time since last: 1000172300 ns, Reaching safepoint: 249300 ns, At safepoint: 35700 ns, Total: 285000 ns
[2021-05-18T07:32:32.904+0000][6][safepoint   ] Safepoint "Cleanup", Time since last: 1000219200 ns, Reaching safepoint: 161600 ns, At safepoint: 14600 ns, Total: 176200 ns
[2021-05-18T07:32:34.904+0000][6][safepoint   ] Safepoint "Cleanup", Time since last: 2000256400 ns, Reaching safepoint: 158300 ns, At safepoint: 8100 ns, Total: 166400 ns
[2021-05-18T07:32:35.905+0000][6][safepoint   ] Safepoint "Cleanup", Time since last: 1000130300 ns, Reaching safepoint: 165300 ns, At safepoint: 9200 ns, Total: 174500 ns
[2021-05-18T07:32:36.905+0000][6][safepoint   ] Safepoint "Cleanup", Time since last: 1000147000 ns, Reaching safepoint: 231800 ns, At safepoint: 8900 ns, Total: 240700 ns
[2021-05-18T07:32:37.905+0000][6][safepoint   ] Safepoint "Cleanup", Time since last: 1000133800 ns, Reaching safepoint: 82700 ns, At safepoint: 8700 ns, Total: 91400 ns
[2021-05-18T07:32:38.906+0000][6][safepoint   ] Safepoint "Cleanup", Time since last: 1000155100 ns, Reaching safepoint: 267700 ns, At safepoint: 12100 ns, Total: 279800 ns
[2021-05-18T07:32:39.906+0000][6][safepoint   ] Safepoint "Cleanup", Time since last: 1000180700 ns, Reaching safepoint: 150100 ns, At safepoint: 6600 ns, Total: 156700 ns
[2021-05-18T07:32:40.906+0000][6][safepoint   ] Safepoint "Cleanup", Time since last: 1000127900 ns, Reaching safepoint: 128300 ns, At safepoint: 6100 ns, Total: 134400 ns
[2021-05-18T07:32:41.907+0000][6][safepoint   ] Safepoint "Cleanup", Time since last: 1000165900 ns, Reaching safepoint: 251900 ns, At safepoint: 9900 ns, Total: 261800 ns
[2021-05-18T07:32:43.907+0000][6][safepoint   ] Safepoint "Cleanup", Time since last: 2000274200 ns, Reaching safepoint: 179300 ns, At safepoint: 7800 ns, Total: 187100 ns
[2021-05-18T07:32:46.908+0000][6][safepoint   ] Safepoint "Cleanup", Time since last: 3000371000 ns, Reaching safepoint: 185200 ns, At safepoint: 40700 ns, Total: 225900 ns
[2021-05-18T07:32:47.908+0000][6][safepoint   ] Safepoint "Cleanup", Time since last: 1000164600 ns, Reaching safepoint: 144900 ns, At safepoint: 8800 ns, Total: 153700 ns
[2021-05-18T07:32:48.909+0000][6][safepoint   ] Safepoint "Cleanup", Time since last: 1000218400 ns, Reaching safepoint: 145800 ns, At safepoint: 7300 ns, Total: 153100 ns
[2021-05-18T07:32:49.909+0000][6][safepoint   ] Safepoint "Cleanup", Time since last: 1000184700 ns, Reaching safepoint: 185600 ns, At safepoint: 77300 ns, Total: 262900 ns
[2021-05-18T07:32:50.909+0000][6][safepoint   ] Safepoint "Cleanup", Time since last: 1000189700 ns, Reaching safepoint: 174700 ns, At safepoint: 9500 ns, Total: 184200 ns
[2021-05-18T07:32:52.910+0000][6][safepoint   ] Safepoint "Cleanup", Time since last: 2000272600 ns, Reaching safepoint: 194800 ns, At safepoint: 9800 ns, Total: 204600 ns
[2021-05-18T07:32:55.910+0000][6][safepoint   ] Safepoint "Cleanup", Time since last: 3000394100 ns, Reaching safepoint: 126900 ns, At safepoint: 6500 ns, Total: 133400 ns
[2021-05-18T07:32:57.911+0000][6][safepoint   ] Safepoint "Cleanup", Time since last: 2000276300 ns, Reaching safepoint: 175900 ns, At safepoint: 7000 ns, Total: 182900 ns
[2021-05-18T07:32:58.911+0000][6][safepoint   ] Safepoint "Cleanup", Time since last: 1000167500 ns, Reaching safepoint: 114400 ns, At safepoint: 6300 ns, Total: 120700 ns
[2021-05-18T07:33:01.912+0000][6][safepoint   ] Safepoint "Cleanup", Time since last: 3000380700 ns, Reaching safepoint: 180000 ns, At safepoint: 40500 ns, Total: 220500 ns
[2021-05-18T07:33:03.431+0000][6][safepoint   ] Safepoint "Cleanup", Time since last: 1519088900 ns, Reaching safepoint: 172400 ns, At safepoint: 10900 ns, Total: 183300 ns
[2021-05-18T07:33:05.431+0000][6][safepoint   ] Safepoint "Cleanup", Time since last: 2000241600 ns, Reaching safepoint: 158600 ns, At safepoint: 8400 ns, Total: 167000 ns
[2021-05-18T07:33:07.432+0000][6][safepoint   ] Safepoint "Cleanup", Time since last: 2000250400 ns, Reaching safepoint: 128100 ns, At safepoint: 5900 ns, Total: 134000 ns
[2021-05-18T07:33:08.432+0000][6][safepoint   ] Safepoint "Cleanup", Time since last: 1000150200 ns, Reaching safepoint: 186200 ns, At safepoint: 10500 ns, Total: 196700 ns
[2021-05-18T07:33:12.433+0000][6][safepoint   ] Safepoint "Cleanup", Time since last: 4000507700 ns, Reaching safepoint: 309600 ns, At safepoint: 8000 ns, Total: 317600 ns
[2021-05-18T07:33:14.433+0000][6][safepoint   ] Safepoint "Cleanup", Time since last: 2000255300 ns, Reaching safepoint: 163700 ns, At safepoint: 7500 ns, Total: 171200 ns
[2021-05-18T07:33:17.434+0000][6][safepoint   ] Safepoint "Cleanup", Time since last: 3000338000 ns, Reaching safepoint: 162600 ns, At safepoint: 7600 ns, Total: 170200 ns
[2021-05-18T07:33:20.435+0000][6][safepoint   ] Safepoint "Cleanup", Time since last: 3000441300 ns, Reaching safepoint: 304600 ns, At safepoint: 11800 ns, Total: 316400 ns
[2021-05-18T07:33:22.435+0000][6][safepoint   ] Safepoint "Cleanup", Time since last: 2000285300 ns, Reaching safepoint: 216800 ns, At safepoint: 11600 ns, Total: 228400 ns
[2021-05-18T07:33:23.436+0000][6][safepoint   ] Safepoint "Cleanup", Time since last: 1000243900 ns, Reaching safepoint: 239200 ns, At safepoint: 11200 ns, Total: 250400 ns
[2021-05-18T07:33:26.317+0000][6][gc,start    ] GC(16) Pause Young (Normal) (G1 Evacuation Pause)
[2021-05-18T07:33:26.317+0000][6][gc,task     ] GC(16) Using 5 workers of 5 for evacuation
[2021-05-18T07:33:26.317+0000][6][gc,age      ] GC(16) Desired survivor size 52428800 bytes, new threshold 15 (max threshold 15)
[2021-05-18T07:33:26.335+0000][6][gc,age      ] GC(16) Age table with threshold 15 (max threshold 15)
[2021-05-18T07:33:26.335+0000][6][gc,age      ] GC(16) - age   1:    5208848 bytes,    5208848 total
[2021-05-18T07:33:26.335+0000][6][gc,age      ] GC(16) - age   2:    3115816 bytes,    8324664 total
[2021-05-18T07:33:26.335+0000][6][gc,age      ] GC(16) - age   3:    6605288 bytes,   14929952 total
[2021-05-18T07:33:26.335+0000][6][gc,phases   ] GC(16)   Pre Evacuate Collection Set: 0.3ms
[2021-05-18T07:33:26.335+0000][6][gc,phases   ] GC(16)   Merge Heap Roots: 0.2ms
[2021-05-18T07:33:26.335+0000][6][gc,phases   ] GC(16)   Evacuate Collection Set: 15.2ms
[2021-05-18T07:33:26.336+0000][6][gc,phases   ] GC(16)   Post Evacuate Collection Set: 2.4ms
[2021-05-18T07:33:26.336+0000][6][gc,phases   ] GC(16)   Other: 0.5ms
[2021-05-18T07:33:26.336+0000][6][gc,heap     ] GC(16) Eden regions: 193->0(594)
[2021-05-18T07:33:26.336+0000][6][gc,heap     ] GC(16) Survivor regions: 3->4(25)
[2021-05-18T07:33:26.336+0000][6][gc,heap     ] GC(16) Old regions: 23->23
[2021-05-18T07:33:26.336+0000][6][gc,heap     ] GC(16) Archive regions: 2->2
[2021-05-18T07:33:26.336+0000][6][gc,heap     ] GC(16) Humongous regions: 2->2
[2021-05-18T07:33:26.336+0000][6][gc,metaspace] GC(16) Metaspace: 109473K(111104K)->109473K(111104K) NonClass: 94932K(95872K)->94932K(95872K) Class: 14541K(15232K)->14541K(15232K)
[2021-05-18T07:33:26.336+0000][6][gc          ] GC(16) Pause Young (Normal) (G1 Evacuation Pause) 885M->116M(3988M) 18.781ms
[2021-05-18T07:33:26.336+0000][6][gc,cpu      ] GC(16) User=0.05s Sys=0.01s Real=0.02s
[2021-05-18T07:33:26.336+0000][6][safepoint   ] Safepoint "G1CollectForAllocation", Time since last: 2880953500 ns, Reaching safepoint: 164200 ns, At safepoint: 18996500 ns, Total: 19160700 ns
[2021-05-18T07:33:27.336+0000][6][safepoint   ] Safepoint "Cleanup", Time since last: 1000147400 ns, Reaching safepoint: 212200 ns, At safepoint: 11600 ns, Total: 223800 ns
[2021-05-18T07:33:28.337+0000][6][safepoint   ] Safepoint "Cleanup", Time since last: 1000177500 ns, Reaching safepoint: 184100 ns, At safepoint: 10000 ns, Total: 194100 ns
[2021-05-18T07:33:29.337+0000][6][safepoint   ] Safepoint "Cleanup", Time since last: 1000161300 ns, Reaching safepoint: 206500 ns, At safepoint: 9700 ns, Total: 216200 ns
[2021-05-18T07:33:30.337+0000][6][safepoint   ] Safepoint "Cleanup", Time since last: 1000169600 ns, Reaching safepoint: 198100 ns, At safepoint: 9200 ns, Total: 207300 ns
[2021-05-18T07:33:31.341+0000][6][safepoint   ] Safepoint "Cleanup", Time since last: 1003204500 ns, Reaching safepoint: 161500 ns, At safepoint: 10500 ns, Total: 172000 ns
[2021-05-18T07:33:36.341+0000][6][safepoint   ] Safepoint "Cleanup", Time since last: 5000634200 ns, Reaching safepoint: 133600 ns, At safepoint: 6600 ns, Total: 140200 ns
[2021-05-18T07:33:37.342+0000][6][safepoint   ] Safepoint "Cleanup", Time since last: 1000138600 ns, Reaching safepoint: 132000 ns, At safepoint: 6200 ns, Total: 138200 ns
[2021-05-18T07:33:38.342+0000][6][safepoint   ] Safepoint "Cleanup", Time since last: 1000125400 ns, Reaching safepoint: 172100 ns, At safepoint: 11100 ns, Total: 183200 ns
[2021-05-18T07:33:39.342+0000][6][safepoint   ] Safepoint "Cleanup", Time since last: 1000179700 ns, Reaching safepoint: 134800 ns, At safepoint: 6600 ns, Total: 141400 ns
[2021-05-18T07:33:40.343+0000][6][safepoint   ] Safepoint "Cleanup", Time since last: 1000170400 ns, Reaching safepoint: 52300 ns, At safepoint: 86600 ns, Total: 138900 ns
[2021-05-18T07:33:42.343+0000][6][safepoint   ] Safepoint "Cleanup", Time since last: 2000255000 ns, Reaching safepoint: 128400 ns, At safepoint: 6900 ns, Total: 135300 ns
[2021-05-18T07:33:43.343+0000][6][safepoint   ] Safepoint "Cleanup", Time since last: 1000149200 ns, Reaching safepoint: 119400 ns, At safepoint: 6400 ns, Total: 125800 ns
[2021-05-18T07:33:45.344+0000][6][safepoint   ] Safepoint "Cleanup", Time since last: 2000371400 ns, Reaching safepoint: 164400 ns, At safepoint: 7200 ns, Total: 171600 ns
[2021-05-18T07:33:48.344+0000][6][safepoint   ] Safepoint "Cleanup", Time since last: 3000454100 ns, Reaching safepoint: 104400 ns, At safepoint: 8200 ns, Total: 112600 ns
[2021-05-18T07:33:50.345+0000][6][safepoint   ] Safepoint "Cleanup", Time since last: 2000345700 ns, Reaching safepoint: 189500 ns, At safepoint: 11400 ns, Total: 200900 ns
[2021-05-18T07:33:51.345+0000][6][safepoint   ] Safepoint "Cleanup", Time since last: 1000156600 ns, Reaching safepoint: 131500 ns, At safepoint: 6500 ns, Total: 138000 ns
[2021-05-18T07:33:53.346+0000][6][safepoint   ] Safepoint "Cleanup", Time since last: 2000289600 ns, Reaching safepoint: 238000 ns, At safepoint: 8600 ns, Total: 246600 ns
[2021-05-18T07:33:58.347+0000][6][safepoint   ] Safepoint "Cleanup", Time since last: 5000789700 ns, Reaching safepoint: 162000 ns, At safepoint: 8400 ns, Total: 170400 ns
[2021-05-18T07:34:01.347+0000][6][safepoint   ] Safepoint "Cleanup", Time since last: 3000350300 ns, Reaching safepoint: 159900 ns, At safepoint: 9400 ns, Total: 169300 ns
[2021-05-18T07:34:02.348+0000][6][safepoint   ] Safepoint "Cleanup", Time since last: 1000157700 ns, Reaching safepoint: 138000 ns, At safepoint: 6900 ns, Total: 144900 ns
[2021-05-18T07:34:03.348+0000][6][safepoint   ] Safepoint "Cleanup", Time since last: 1000150700 ns, Reaching safepoint: 137000 ns, At safepoint: 8100 ns, Total: 145100 ns
[2021-05-18T07:34:05.348+0000][6][safepoint   ] Safepoint "Cleanup", Time since last: 2000267900 ns, Reaching safepoint: 140900 ns, At safepoint: 6600 ns, Total: 147500 ns
[2021-05-18T07:34:07.349+0000][6][safepoint   ] Safepoint "Cleanup", Time since last: 2000303200 ns, Reaching safepoint: 162000 ns, At safepoint: 7200 ns, Total: 169200 ns
[2021-05-18T07:34:08.349+0000][6][safepoint   ] Safepoint "Cleanup", Time since last: 1000152000 ns, Reaching safepoint: 144100 ns, At safepoint: 7300 ns, Total: 151400 ns
[2021-05-18T07:34:10.350+0000][6][safepoint   ] Safepoint "Cleanup", Time since last: 2000241100 ns, Reaching safepoint: 133500 ns, At safepoint: 6600 ns, Total: 140100 ns
[2021-05-18T07:34:11.350+0000][6][safepoint   ] Safepoint "Cleanup", Time since last: 1000184800 ns, Reaching safepoint: 130500 ns, At safepoint: 6700 ns, Total: 137200 ns
[2021-05-18T07:34:14.350+0000][6][safepoint   ] Safepoint "Cleanup", Time since last: 3000321200 ns, Reaching safepoint: 182800 ns, At safepoint: 9000 ns, Total: 191800 ns
[2021-05-18T07:34:15.351+0000][6][safepoint   ] Safepoint "Cleanup", Time since last: 1000185600 ns, Reaching safepoint: 117600 ns, At safepoint: 6700 ns, Total: 124300 ns
[2021-05-18T07:34:16.351+0000][6][safepoint   ] Safepoint "Cleanup", Time since last: 1000135600 ns, Reaching safepoint: 134300 ns, At safepoint: 6500 ns, Total: 140800 ns
[2021-05-18T07:34:17.351+0000][6][safepoint   ] Safepoint "Cleanup", Time since last: 1000160200 ns, Reaching safepoint: 138000 ns, At safepoint: 6900 ns, Total: 144900 ns
[2021-05-18T07:34:18.352+0000][6][safepoint   ] Safepoint "Cleanup", Time since last: 1000161700 ns, Reaching safepoint: 132000 ns, At safepoint: 6600 ns, Total: 138600 ns
[2021-05-18T07:34:20.352+0000][6][safepoint   ] Safepoint "Cleanup", Time since last: 2000286600 ns, Reaching safepoint: 120800 ns, At safepoint: 39300 ns, Total: 160100 ns
[2021-05-18T07:34:21.352+0000][6][safepoint   ] Safepoint "Cleanup", Time since last: 1000235900 ns, Reaching safepoint: 110700 ns, At safepoint: 6500 ns, Total: 117200 ns
[2021-05-18T07:34:22.353+0000][6][safepoint   ] Safepoint "Cleanup", Time since last: 1000160200 ns, Reaching safepoint: 211400 ns, At safepoint: 9600 ns, Total: 221000 ns
[2021-05-18T07:34:26.353+0000][6][safepoint   ] Safepoint "Cleanup", Time since last: 4000523100 ns, Reaching safepoint: 210100 ns, At safepoint: 9500 ns, Total: 219600 ns
[2021-05-18T07:34:27.358+0000][6][safepoint   ] Safepoint "Cleanup", Time since last: 1004786700 ns, Reaching safepoint: 108300 ns, At safepoint: 12500 ns, Total: 120800 ns
[2021-05-18T07:34:28.359+0000][6][safepoint   ] Safepoint "Cleanup", Time since last: 1000176300 ns, Reaching safepoint: 237400 ns, At safepoint: 11100 ns, Total: 248500 ns
[2021-05-18T07:34:29.359+0000][6][safepoint   ] Safepoint "Cleanup", Time since last: 1000175700 ns, Reaching safepoint: 191600 ns, At safepoint: 9000 ns, Total: 200600 ns
[2021-05-18T07:34:38.360+0000][6][safepoint   ] Safepoint "Cleanup", Time since last: 9001081100 ns, Reaching safepoint: 146100 ns, At safepoint: 28300 ns, Total: 174400 ns
[2021-05-18T07:34:39.361+0000][6][safepoint   ] Safepoint "Cleanup", Time since last: 1000200900 ns, Reaching safepoint: 137700 ns, At safepoint: 15200 ns, Total: 152900 ns
[2021-05-18T07:34:40.361+0000][6][safepoint   ] Safepoint "Cleanup", Time since last: 1000181200 ns, Reaching safepoint: 145900 ns, At safepoint: 6600 ns, Total: 152500 ns
[2021-05-18T07:34:42.362+0000][6][safepoint   ] Safepoint "Cleanup", Time since last: 2000291000 ns, Reaching safepoint: 160800 ns, At safepoint: 7900 ns, Total: 168700 ns
[2021-05-18T07:34:43.362+0000][6][safepoint   ] Safepoint "Cleanup", Time since last: 1000197300 ns, Reaching safepoint: 147300 ns, At safepoint: 6400 ns, Total: 153700 ns
[2021-05-18T07:34:47.363+0000][6][safepoint   ] Safepoint "Cleanup", Time since last: 4000580400 ns, Reaching safepoint: 160900 ns, At safepoint: 6100 ns, Total: 167000 ns
[2021-05-18T07:34:50.363+0000][6][safepoint   ] Safepoint "Cleanup", Time since last: 3000338900 ns, Reaching safepoint: 175500 ns, At safepoint: 10000 ns, Total: 185500 ns
[2021-05-18T07:34:51.363+0000][6][safepoint   ] Safepoint "Cleanup", Time since last: 1000146600 ns, Reaching safepoint: 133400 ns, At safepoint: 6600 ns, Total: 140000 ns
[2021-05-18T07:34:52.364+0000][6][safepoint   ] Safepoint "Cleanup", Time since last: 1000156200 ns, Reaching safepoint: 184900 ns, At safepoint: 9800 ns, Total: 194700 ns
[2021-05-18T07:34:53.364+0000][6][safepoint   ] Safepoint "Cleanup", Time since last: 1000172700 ns, Reaching safepoint: 132800 ns, At safepoint: 6800 ns, Total: 139600 ns
[2021-05-18T07:34:55.365+0000][6][safepoint   ] Safepoint "Cleanup", Time since last: 2000278900 ns, Reaching safepoint: 145700 ns, At safepoint: 16600 ns, Total: 162300 ns
[2021-05-18T07:34:56.365+0000][6][safepoint   ] Safepoint "Cleanup", Time since last: 1000129500 ns, Reaching safepoint: 164800 ns, At safepoint: 7100 ns, Total: 171900 ns
[2021-05-18T07:34:59.365+0000][6][safepoint   ] Safepoint "Cleanup", Time since last: 3000454200 ns, Reaching safepoint: 149800 ns, At safepoint: 6600 ns, Total: 156400 ns
[2021-05-18T07:35:01.366+0000][6][safepoint   ] Safepoint "Cleanup", Time since last: 2000391600 ns, Reaching safepoint: 189500 ns, At safepoint: 7000 ns, Total: 196500 ns
[2021-05-18T07:35:02.366+0000][6][safepoint   ] Safepoint "Cleanup", Time since last: 1000199400 ns, Reaching safepoint: 190800 ns, At safepoint: 9300 ns, Total: 200100 ns
[2021-05-18T07:35:03.367+0000][6][safepoint   ] Safepoint "Cleanup", Time since last: 1000233000 ns, Reaching safepoint: 94900 ns, At safepoint: 10200 ns, Total: 105100 ns
[2021-05-18T07:35:04.367+0000][6][safepoint   ] Safepoint "Cleanup", Time since last: 1000162700 ns, Reaching safepoint: 147500 ns, At safepoint: 13200 ns, Total: 160700 ns
[2021-05-18T07:35:10.368+0000][6][safepoint   ] Safepoint "Cleanup", Time since last: 6000910900 ns, Reaching safepoint: 160200 ns, At safepoint: 7200 ns, Total: 167400 ns
[2021-05-18T07:35:14.369+0000][6][safepoint   ] Safepoint "Cleanup", Time since last: 4000552700 ns, Reaching safepoint: 141400 ns, At safepoint: 6500 ns, Total: 147900 ns
[2021-05-18T07:35:15.369+0000][6][safepoint   ] Safepoint "Cleanup", Time since last: 1000158400 ns, Reaching safepoint: 197800 ns, At safepoint: 20600 ns, Total: 218400 ns
[2021-05-18T07:35:20.370+0000][6][safepoint   ] Safepoint "Cleanup", Time since last: 5000678500 ns, Reaching safepoint: 164900 ns, At safepoint: 6700 ns, Total: 171600 ns
[2021-05-18T07:35:25.371+0000][6][safepoint   ] Safepoint "Cleanup", Time since last: 5000657300 ns, Reaching safepoint: 197700 ns, At safepoint: 10500 ns, Total: 208200 ns
[2021-05-18T07:35:26.372+0000][6][safepoint   ] Safepoint "Cleanup", Time since last: 1000169700 ns, Reaching safepoint: 328800 ns, At safepoint: 13600 ns, Total: 342400 ns
[2021-05-18T07:35:28.378+0000][6][safepoint   ] Safepoint "Cleanup", Time since last: 2006256200 ns, Reaching safepoint: 174600 ns, At safepoint: 10800 ns, Total: 185400 ns
[2021-05-18T07:35:29.378+0000][6][safepoint   ] Safepoint "Cleanup", Time since last: 1000163300 ns, Reaching safepoint: 264900 ns, At safepoint: 12200 ns, Total: 277100 ns
[2021-05-18T07:35:30.379+0000][6][safepoint   ] Safepoint "Cleanup", Time since last: 1000191000 ns, Reaching safepoint: 156500 ns, At safepoint: 11100 ns, Total: 167600 ns
[2021-05-18T07:35:32.379+0000][6][safepoint   ] Safepoint "Cleanup", Time since last: 2000393100 ns, Reaching safepoint: 212800 ns, At safepoint: 11900 ns, Total: 224700 ns
[2021-05-18T07:35:33.380+0000][6][safepoint   ] Safepoint "Cleanup", Time since last: 1000177800 ns, Reaching safepoint: 205500 ns, At safepoint: 11100 ns, Total: 216600 ns
[2021-05-18T07:35:37.380+0000][6][safepoint   ] Safepoint "Cleanup", Time since last: 4000543100 ns, Reaching safepoint: 137800 ns, At safepoint: 6400 ns, Total: 144200 ns
[2021-05-18T07:35:38.381+0000][6][safepoint   ] Safepoint "Cleanup", Time since last: 1000180900 ns, Reaching safepoint: 138800 ns, At safepoint: 6400 ns, Total: 145200 ns
[2021-05-18T07:35:39.381+0000][6][safepoint   ] Safepoint "Cleanup", Time since last: 1000186200 ns, Reaching safepoint: 152300 ns, At safepoint: 6500 ns, Total: 158800 ns
[2021-05-18T07:35:40.381+0000][6][safepoint   ] Safepoint "Cleanup", Time since last: 1000135900 ns, Reaching safepoint: 169700 ns, At safepoint: 11700 ns, Total: 181400 ns
[2021-05-18T07:35:41.382+0000][6][safepoint   ] Safepoint "Cleanup", Time since last: 1000165800 ns, Reaching safepoint: 199600 ns, At safepoint: 7600 ns, Total: 207200 ns
[2021-05-18T07:35:44.382+0000][6][safepoint   ] Safepoint "Cleanup", Time since last: 3000422800 ns, Reaching safepoint: 243600 ns, At safepoint: 6500 ns, Total: 250100 ns
[2021-05-18T07:35:45.383+0000][6][safepoint   ] Safepoint "Cleanup", Time since last: 1000173900 ns, Reaching safepoint: 153800 ns, At safepoint: 10100 ns, Total: 163900 ns
[2021-05-18T07:35:47.383+0000][6][safepoint   ] Safepoint "Cleanup", Time since last: 2000265400 ns, Reaching safepoint: 187800 ns, At safepoint: 7400 ns, Total: 195200 ns
[2021-05-18T07:35:52.384+0000][6][safepoint   ] Safepoint "Cleanup", Time since last: 5000725500 ns, Reaching safepoint: 142400 ns, At safepoint: 9000 ns, Total: 151400 ns
[2021-05-18T07:35:53.385+0000][6][safepoint   ] Safepoint "Cleanup", Time since last: 1000162000 ns, Reaching safepoint: 174700 ns, At safepoint: 7700 ns, Total: 182400 ns
[2021-05-18T07:35:54.385+0000][6][safepoint   ] Safepoint "Cleanup", Time since last: 1000170100 ns, Reaching safepoint: 145400 ns, At safepoint: 10500 ns, Total: 155900 ns
[2021-05-18T07:35:55.385+0000][6][safepoint   ] Safepoint "Cleanup", Time since last: 1000146800 ns, Reaching safepoint: 143700 ns, At safepoint: 6400 ns, Total: 150100 ns
[2021-05-18T07:35:56.386+0000][6][safepoint   ] Safepoint "Cleanup", Time since last: 1000187000 ns, Reaching safepoint: 587600 ns, At safepoint: 13200 ns, Total: 600800 ns
[2021-05-18T07:35:58.386+0000][6][safepoint   ] Safepoint "Cleanup", Time since last: 2000249100 ns, Reaching safepoint: 176300 ns, At safepoint: 10000 ns, Total: 186300 ns
[2021-05-18T07:36:02.387+0000][6][safepoint   ] Safepoint "Cleanup", Time since last: 4000655200 ns, Reaching safepoint: 192600 ns, At safepoint: 8200 ns, Total: 200800 ns
[2021-05-18T07:36:05.388+0000][6][safepoint   ] Safepoint "Cleanup", Time since last: 3000349600 ns, Reaching safepoint: 224500 ns, At safepoint: 11300 ns, Total: 235800 ns
[2021-05-18T07:36:06.388+0000][6][safepoint   ] Safepoint "Cleanup", Time since last: 1000176800 ns, Reaching safepoint: 337900 ns, At safepoint: 12800 ns, Total: 350700 ns
[2021-05-18T07:36:10.389+0000][6][safepoint   ] Safepoint "Cleanup", Time since last: 4000571400 ns, Reaching safepoint: 157600 ns, At safepoint: 8800 ns, Total: 166400 ns
[2021-05-18T07:36:17.390+0000][6][safepoint   ] Safepoint "Cleanup", Time since last: 7000945700 ns, Reaching safepoint: 182200 ns, At safepoint: 16000 ns, Total: 198200 ns
[2021-05-18T07:36:20.391+0000][6][safepoint   ] Safepoint "Cleanup", Time since last: 3000494600 ns, Reaching safepoint: 139700 ns, At safepoint: 23700 ns, Total: 163400 ns
[2021-05-18T07:36:22.391+0000][6][safepoint   ] Safepoint "Cleanup", Time since last: 2000302100 ns, Reaching safepoint: 143600 ns, At safepoint: 6500 ns, Total: 150100 ns
[2021-05-18T07:36:23.392+0000][6][safepoint   ] Safepoint "Cleanup", Time since last: 1000186600 ns, Reaching safepoint: 128800 ns, At safepoint: 6600 ns, Total: 135400 ns
[2021-05-18T07:36:29.393+0000][6][safepoint   ] Safepoint "Cleanup", Time since last: 6001468800 ns, Reaching safepoint: 224800 ns, At safepoint: 11500 ns, Total: 236300 ns
[2021-05-18T07:36:30.394+0000][6][safepoint   ] Safepoint "Cleanup", Time since last: 1000167500 ns, Reaching safepoint: 185100 ns, At safepoint: 12400 ns, Total: 197500 ns
[2021-05-18T07:36:33.402+0000][6][safepoint   ] Safepoint "Cleanup", Time since last: 3007512600 ns, Reaching safepoint: 655400 ns, At safepoint: 10800 ns, Total: 666200 ns
[2021-05-18T07:36:38.403+0000][6][safepoint   ] Safepoint "Cleanup", Time since last: 5000670100 ns, Reaching safepoint: 160600 ns, At safepoint: 6700 ns, Total: 167300 ns
[2021-05-18T07:36:40.403+0000][6][safepoint   ] Safepoint "Cleanup", Time since last: 2000297400 ns, Reaching safepoint: 132600 ns, At safepoint: 6700 ns, Total: 139300 ns
[2021-05-18T07:36:41.403+0000][6][safepoint   ] Safepoint "Cleanup", Time since last: 1000134300 ns, Reaching safepoint: 154100 ns, At safepoint: 7400 ns, Total: 161500 ns
[2021-05-18T07:36:42.404+0000][6][safepoint   ] Safepoint "Cleanup", Time since last: 1000121500 ns, Reaching safepoint: 138300 ns, At safepoint: 6600 ns, Total: 144900 ns
[2021-05-18T07:36:44.404+0000][6][safepoint   ] Safepoint "Cleanup", Time since last: 2000359400 ns, Reaching safepoint: 135700 ns, At safepoint: 6200 ns, Total: 141900 ns
[2021-05-18T07:36:52.993+0000][6][safepoint   ] Safepoint "Cleanup", Time since last: 8588362700 ns, Reaching safepoint: 175100 ns, At safepoint: 9600 ns, Total: 184700 ns
[2021-05-18T07:36:54.350+0000][6][safepoint   ] Safepoint "Cleanup", Time since last: 1357193100 ns, Reaching safepoint: 156600 ns, At safepoint: 6700 ns, Total: 163300 ns
[2021-05-18T07:36:59.351+0000][6][safepoint   ] Safepoint "Cleanup", Time since last: 5000541900 ns, Reaching safepoint: 178400 ns, At safepoint: 8400 ns, Total: 186800 ns
[2021-05-18T07:37:00.351+0000][6][safepoint   ] Safepoint "Cleanup", Time since last: 1000153200 ns, Reaching safepoint: 172600 ns, At safepoint: 7400 ns, Total: 180000 ns
[2021-05-18T07:37:01.352+0000][6][safepoint   ] Safepoint "Cleanup", Time since last: 1000164600 ns, Reaching safepoint: 177900 ns, At safepoint: 9400 ns, Total: 187300 ns
[2021-05-18T07:37:02.352+0000][6][safepoint   ] Safepoint "Cleanup", Time since last: 1000168300 ns, Reaching safepoint: 189900 ns, At safepoint: 10000 ns, Total: 199900 ns
[2021-05-18T07:37:05.353+0000][6][safepoint   ] Safepoint "Cleanup", Time since last: 3000478400 ns, Reaching safepoint: 178400 ns, At safepoint: 7800 ns, Total: 186200 ns
[2021-05-18T07:37:07.342+0000][6][safepoint   ] Safepoint "Cleanup", Time since last: 1988789300 ns, Reaching safepoint: 250600 ns, At safepoint: 14900 ns, Total: 265500 ns
[2021-05-18T07:37:08.342+0000][6][safepoint   ] Safepoint "Cleanup", Time since last: 1000149500 ns, Reaching safepoint: 165600 ns, At safepoint: 6600 ns, Total: 172200 ns
[2021-05-18T07:37:10.342+0000][6][safepoint   ] Safepoint "Cleanup", Time since last: 2000325400 ns, Reaching safepoint: 96500 ns, At safepoint: 10000 ns, Total: 106500 ns
[2021-05-18T07:37:11.343+0000][6][safepoint   ] Safepoint "Cleanup", Time since last: 1000180200 ns, Reaching safepoint: 257500 ns, At safepoint: 10100 ns, Total: 267600 ns
[2021-05-18T07:37:13.343+0000][6][safepoint   ] Safepoint "Cleanup", Time since last: 2000307300 ns, Reaching safepoint: 144600 ns, At safepoint: 6800 ns, Total: 151400 ns
[2021-05-18T07:37:14.344+0000][6][safepoint   ] Safepoint "Cleanup", Time since last: 1000166700 ns, Reaching safepoint: 125900 ns, At safepoint: 6200 ns, Total: 132100 ns
[2021-05-18T07:37:15.344+0000][6][safepoint   ] Safepoint "Cleanup", Time since last: 1000152900 ns, Reaching safepoint: 143400 ns, At safepoint: 7500 ns, Total: 150900 ns
[2021-05-18T07:37:17.344+0000][6][safepoint   ] Safepoint "Cleanup", Time since last: 2000324000 ns, Reaching safepoint: 182900 ns, At safepoint: 6700 ns, Total: 189600 ns
[2021-05-18T07:37:18.345+0000][6][safepoint   ] Safepoint "Cleanup", Time since last: 1000204700 ns, Reaching safepoint: 152100 ns, At safepoint: 9600 ns, Total: 161700 ns
[2021-05-18T07:37:20.345+0000][6][safepoint   ] Safepoint "Cleanup", Time since last: 2000314400 ns, Reaching safepoint: 161100 ns, At safepoint: 6300 ns, Total: 167400 ns
[2021-05-18T07:37:21.346+0000][6][safepoint   ] Safepoint "Cleanup", Time since last: 1000132600 ns, Reaching safepoint: 253400 ns, At safepoint: 12700 ns, Total: 266100 ns
[2021-05-18T07:37:22.346+0000][6][safepoint   ] Safepoint "Cleanup", Time since last: 1000166300 ns, Reaching safepoint: 321100 ns, At safepoint: 16900 ns, Total: 338000 ns
[2021-05-18T07:37:23.347+0000][6][safepoint   ] Safepoint "Cleanup", Time since last: 1000170500 ns, Reaching safepoint: 163700 ns, At safepoint: 7700 ns, Total: 171400 ns
[2021-05-18T07:37:24.347+0000][6][safepoint   ] Safepoint "Cleanup", Time since last: 1000148300 ns, Reaching safepoint: 137500 ns, At safepoint: 47400 ns, Total: 184900 ns
[2021-05-18T07:37:25.347+0000][6][safepoint   ] Safepoint "Cleanup", Time since last: 1000233900 ns, Reaching safepoint: 166000 ns, At safepoint: 15400 ns, Total: 181400 ns
[2021-05-18T07:37:26.348+0000][6][safepoint   ] Safepoint "Cleanup", Time since last: 1000162300 ns, Reaching safepoint: 197000 ns, At safepoint: 10100 ns, Total: 207100 ns
[2021-05-18T07:37:29.348+0000][6][safepoint   ] Safepoint "Cleanup", Time since last: 3000364400 ns, Reaching safepoint: 177400 ns, At safepoint: 8800 ns, Total: 186200 ns
[2021-05-18T07:37:30.349+0000][6][safepoint   ] Safepoint "Cleanup", Time since last: 1000179800 ns, Reaching safepoint: 222900 ns, At safepoint: 15400 ns, Total: 238300 ns
[2021-05-18T07:37:31.349+0000][6][safepoint   ] Safepoint "Cleanup", Time since last: 1000157400 ns, Reaching safepoint: 173100 ns, At safepoint: 9300 ns, Total: 182400 ns
[2021-05-18T07:37:32.349+0000][6][safepoint   ] Safepoint "Cleanup", Time since last: 1000204400 ns, Reaching safepoint: 193600 ns, At safepoint: 11200 ns, Total: 204800 ns
[2021-05-18T07:37:33.350+0000][6][safepoint   ] Safepoint "Cleanup", Time since last: 1000181300 ns, Reaching safepoint: 293600 ns, At safepoint: 10600 ns, Total: 304200 ns
[2021-05-18T07:37:35.350+0000][6][safepoint   ] Safepoint "Cleanup", Time since last: 2000348300 ns, Reaching safepoint: 145800 ns, At safepoint: 14200 ns, Total: 160000 ns
[2021-05-18T07:37:37.360+0000][6][safepoint   ] Safepoint "Cleanup", Time since last: 2008953200 ns, Reaching safepoint: 221500 ns, At safepoint: 16600 ns, Total: 238100 ns
[2021-05-18T07:37:38.360+0000][6][safepoint   ] Safepoint "Cleanup", Time since last: 1000176400 ns, Reaching safepoint: 223300 ns, At safepoint: 11400 ns, Total: 234700 ns
[2021-05-18T07:37:39.360+0000][6][safepoint   ] Safepoint "Cleanup", Time since last: 1000232200 ns, Reaching safepoint: 130400 ns, At safepoint: 6400 ns, Total: 136800 ns
[2021-05-18T07:37:40.361+0000][6][safepoint   ] Safepoint "Cleanup", Time since last: 1000135800 ns, Reaching safepoint: 137700 ns, At safepoint: 6900 ns, Total: 144600 ns
[2021-05-18T07:37:41.361+0000][6][safepoint   ] Safepoint "Cleanup", Time since last: 1000206500 ns, Reaching safepoint: 168900 ns, At safepoint: 6300 ns, Total: 175200 ns
[2021-05-18T07:37:42.361+0000][6][safepoint   ] Safepoint "Cleanup", Time since last: 1000147000 ns, Reaching safepoint: 162500 ns, At safepoint: 7300 ns, Total: 169800 ns
[2021-05-18T07:37:44.362+0000][6][safepoint   ] Safepoint "Cleanup", Time since last: 2000277000 ns, Reaching safepoint: 142700 ns, At safepoint: 6500 ns, Total: 149200 ns
[2021-05-18T07:37:45.362+0000][6][safepoint   ] Safepoint "Cleanup", Time since last: 1000173300 ns, Reaching safepoint: 236800 ns, At safepoint: 7800 ns, Total: 244600 ns
[2021-05-18T07:37:47.363+0000][6][safepoint   ] Safepoint "Cleanup", Time since last: 2000299700 ns, Reaching safepoint: 138800 ns, At safepoint: 6600 ns, Total: 145400 ns
[2021-05-18T07:37:48.363+0000][6][safepoint   ] Safepoint "Cleanup", Time since last: 1000164400 ns, Reaching safepoint: 135000 ns, At safepoint: 6900 ns, Total: 141900 ns
[2021-05-18T07:37:50.363+0000][6][safepoint   ] Safepoint "Cleanup", Time since last: 2000267300 ns, Reaching safepoint: 130100 ns, At safepoint: 6200 ns, Total: 136300 ns
[2021-05-18T07:37:53.364+0000][6][safepoint   ] Safepoint "Cleanup", Time since last: 3000413700 ns, Reaching safepoint: 185600 ns, At safepoint: 13300 ns, Total: 198900 ns
[2021-05-18T07:37:57.365+0000][6][safepoint   ] Safepoint "Cleanup", Time since last: 4000535700 ns, Reaching safepoint: 137400 ns, At safepoint: 9100 ns, Total: 146500 ns
[2021-05-18T07:38:02.365+0000][6][safepoint   ] Safepoint "Cleanup", Time since last: 5000586800 ns, Reaching safepoint: 97200 ns, At safepoint: 6500 ns, Total: 103700 ns
[2021-05-18T07:38:03.366+0000][6][safepoint   ] Safepoint "Cleanup", Time since last: 1000625800 ns, Reaching safepoint: 207700 ns, At safepoint: 9000 ns, Total: 216700 ns
[2021-05-18T07:38:05.367+0000][6][safepoint   ] Safepoint "Cleanup", Time since last: 2000760000 ns, Reaching safepoint: 200200 ns, At safepoint: 10100 ns, Total: 210300 ns
[2021-05-18T07:38:06.369+0000][6][safepoint   ] Safepoint "Cleanup", Time since last: 1001256700 ns, Reaching safepoint: 202500 ns, At safepoint: 16500 ns, Total: 219000 ns
[2021-05-18T07:38:17.371+0000][6][safepoint   ] Safepoint "Cleanup", Time since last: 11001836600 ns, Reaching safepoint: 130300 ns, At safepoint: 6400 ns, Total: 136700 ns
[2021-05-18T07:38:20.371+0000][6][safepoint   ] Safepoint "Cleanup", Time since last: 3000640400 ns, Reaching safepoint: 195300 ns, At safepoint: 6800 ns, Total: 202100 ns
[2021-05-18T07:38:22.372+0000][6][safepoint   ] Safepoint "Cleanup", Time since last: 2000776600 ns, Reaching safepoint: 158700 ns, At safepoint: 10900 ns, Total: 169600 ns
[2021-05-18T07:38:31.379+0000][6][safepoint   ] Safepoint "Cleanup", Time since last: 9006424200 ns, Reaching safepoint: 237900 ns, At safepoint: 9000 ns, Total: 246900 ns
[2021-05-18T07:38:40.383+0000][6][safepoint   ] Safepoint "Cleanup", Time since last: 9003829500 ns, Reaching safepoint: 154600 ns, At safepoint: 5800 ns, Total: 160400 ns
[2021-05-18T07:38:41.384+0000][6][safepoint   ] Safepoint "Cleanup", Time since last: 1000747900 ns, Reaching safepoint: 172000 ns, At safepoint: 8400 ns, Total: 180400 ns
[2021-05-18T07:38:42.385+0000][6][safepoint   ] Safepoint "Cleanup", Time since last: 1000661500 ns, Reaching safepoint: 139700 ns, At safepoint: 9500 ns, Total: 149200 ns
[2021-05-18T07:38:43.386+0000][6][safepoint   ] Safepoint "Cleanup", Time since last: 1000649600 ns, Reaching safepoint: 127400 ns, At safepoint: 6500 ns, Total: 133900 ns
[2021-05-18T07:38:44.386+0000][6][safepoint   ] Safepoint "Cleanup", Time since last: 1000520900 ns, Reaching safepoint: 220200 ns, At safepoint: 10300 ns, Total: 230500 ns
[2021-05-18T07:38:52.394+0000][6][safepoint   ] Safepoint "Cleanup", Time since last: 8007214300 ns, Reaching safepoint: 166200 ns, At safepoint: 12700 ns, Total: 178900 ns
[2021-05-18T07:38:53.394+0000][6][safepoint   ] Safepoint "Cleanup", Time since last: 1000645100 ns, Reaching safepoint: 117200 ns, At safepoint: 6700 ns, Total: 123900 ns
[2021-05-18T07:39:05.396+0000][6][safepoint   ] Safepoint "Cleanup", Time since last: 12001899200 ns, Reaching safepoint: 103300 ns, At safepoint: 6800 ns, Total: 110100 ns
[2021-05-18T07:39:06.397+0000][6][safepoint   ] Safepoint "Cleanup", Time since last: 1000644400 ns, Reaching safepoint: 223800 ns, At safepoint: 11000 ns, Total: 234800 ns
[2021-05-18T07:39:07.398+0000][6][safepoint   ] Safepoint "Cleanup", Time since last: 1000567400 ns, Reaching safepoint: 156200 ns, At safepoint: 10200 ns, Total: 166400 ns
[2021-05-18T07:39:08.399+0000][6][safepoint   ] Safepoint "Cleanup", Time since last: 1000483500 ns, Reaching safepoint: 251200 ns, At safepoint: 7600 ns, Total: 258800 ns
[2021-05-18T07:39:10.400+0000][6][safepoint   ] Safepoint "Cleanup", Time since last: 2000769900 ns, Reaching safepoint: 132700 ns, At safepoint: 6800 ns, Total: 139500 ns
[2021-05-18T07:39:11.401+0000][6][safepoint   ] Safepoint "Cleanup", Time since last: 1000726300 ns, Reaching safepoint: 226300 ns, At safepoint: 12100 ns, Total: 238400 ns
[2021-05-18T07:39:17.407+0000][6][safepoint   ] Safepoint "Cleanup", Time since last: 6006056000 ns, Reaching safepoint: 129000 ns, At safepoint: 7500 ns, Total: 136500 ns
[2021-05-18T07:39:18.408+0000][6][safepoint   ] Safepoint "Cleanup", Time since last: 1000778400 ns, Reaching safepoint: 167200 ns, At safepoint: 6200 ns, Total: 173400 ns
[2021-05-18T07:39:20.409+0000][6][safepoint   ] Safepoint "Cleanup", Time since last: 2000997700 ns, Reaching safepoint: 157600 ns, At safepoint: 16000 ns, Total: 173600 ns
[2021-05-18T07:39:23.410+0000][6][safepoint   ] Safepoint "Cleanup", Time since last: 3000869500 ns, Reaching safepoint: 259600 ns, At safepoint: 7700 ns, Total: 267300 ns
[2021-05-18T07:39:27.412+0000][6][safepoint   ] Safepoint "Cleanup", Time since last: 4001282700 ns, Reaching safepoint: 190400 ns, At safepoint: 6500 ns, Total: 196900 ns
[2021-05-18T07:39:29.413+0000][6][safepoint   ] Safepoint "Cleanup", Time since last: 2000834400 ns, Reaching safepoint: 217100 ns, At safepoint: 13400 ns, Total: 230500 ns
[2021-05-18T07:39:30.415+0000][6][safepoint   ] Safepoint "Cleanup", Time since last: 1001868600 ns, Reaching safepoint: 191100 ns, At safepoint: 11100 ns, Total: 202200 ns
[2021-05-18T07:39:31.420+0000][6][safepoint   ] Safepoint "Cleanup", Time since last: 1004777000 ns, Reaching safepoint: 205400 ns, At safepoint: 10500 ns, Total: 215900 ns
[2021-05-18T07:39:40.426+0000][6][safepoint   ] Safepoint "Cleanup", Time since last: 9006102700 ns, Reaching safepoint: 157100 ns, At safepoint: 6500 ns, Total: 163600 ns
[2021-05-18T07:39:41.427+0000][6][safepoint   ] Safepoint "Cleanup", Time since last: 1000470200 ns, Reaching safepoint: 198700 ns, At safepoint: 10700 ns, Total: 209400 ns
[2021-05-18T07:39:42.428+0000][6][safepoint   ] Safepoint "Cleanup", Time since last: 1000656800 ns, Reaching safepoint: 208600 ns, At safepoint: 9400 ns, Total: 218000 ns
[2021-05-18T07:39:44.428+0000][6][safepoint   ] Safepoint "Cleanup", Time since last: 2000691400 ns, Reaching safepoint: 194700 ns, At safepoint: 9200 ns, Total: 203900 ns
[2021-05-18T07:39:46.429+0000][6][safepoint   ] Safepoint "Cleanup", Time since last: 2000697500 ns, Reaching safepoint: 170200 ns, At safepoint: 6200 ns, Total: 176400 ns
[2021-05-18T07:39:48.430+0000][6][safepoint   ] Safepoint "Cleanup", Time since last: 2000729700 ns, Reaching safepoint: 161600 ns, At safepoint: 58200 ns, Total: 219800 ns
[2021-05-18T07:39:53.432+0000][6][safepoint   ] Safepoint "Cleanup", Time since last: 5001178400 ns, Reaching safepoint: 170700 ns, At safepoint: 7500 ns, Total: 178200 ns
[2021-05-18T07:39:54.432+0000][6][safepoint   ] Safepoint "Cleanup", Time since last: 1000607400 ns, Reaching safepoint: 204100 ns, At safepoint: 9400 ns, Total: 213500 ns
[2021-05-18T07:40:04.435+0000][6][safepoint   ] Safepoint "Cleanup", Time since last: 10001735900 ns, Reaching safepoint: 359700 ns, At safepoint: 56100 ns, Total: 415800 ns
[2021-05-18T07:40:05.435+0000][6][safepoint   ] Safepoint "Cleanup", Time since last: 1000618100 ns, Reaching safepoint: 151500 ns, At safepoint: 8600 ns, Total: 160100 ns
[2021-05-18T07:40:06.436+0000][6][safepoint   ] Safepoint "Cleanup", Time since last: 1000619600 ns, Reaching safepoint: 120800 ns, At safepoint: 6500 ns, Total: 127300 ns
[2021-05-18T07:40:08.437+0000][6][safepoint   ] Safepoint "Cleanup", Time since last: 2000732000 ns, Reaching safepoint: 172300 ns, At safepoint: 7000 ns, Total: 179300 ns
[2021-05-18T07:40:09.438+0000][6][safepoint   ] Safepoint "Cleanup", Time since last: 1000594300 ns, Reaching safepoint: 160700 ns, At safepoint: 10700 ns, Total: 171400 ns
[2021-05-18T07:40:11.440+0000][6][safepoint   ] Safepoint "Cleanup", Time since last: 2002258800 ns, Reaching safepoint: 224900 ns, At safepoint: 9200 ns, Total: 234100 ns
[2021-05-18T07:40:12.441+0000][6][safepoint   ] Safepoint "Cleanup", Time since last: 1000640500 ns, Reaching safepoint: 204100 ns, At safepoint: 10400 ns, Total: 214500 ns
[2021-05-18T07:40:13.442+0000][6][safepoint   ] Safepoint "Cleanup", Time since last: 1000657600 ns, Reaching safepoint: 131000 ns, At safepoint: 6400 ns, Total: 137400 ns
[2021-05-18T07:40:17.443+0000][6][safepoint   ] Safepoint "Cleanup", Time since last: 4000986000 ns, Reaching safepoint: 173000 ns, At safepoint: 9900 ns, Total: 182900 ns
[2021-05-18T07:40:18.450+0000][6][safepoint   ] Safepoint "Cleanup", Time since last: 1000666200 ns, Reaching safepoint: 6456200 ns, At safepoint: 80400 ns, Total: 6536600 ns
[2021-05-18T07:40:20.457+0000][6][safepoint   ] Safepoint "Cleanup", Time since last: 2006498600 ns, Reaching safepoint: 128800 ns, At safepoint: 6500 ns, Total: 135300 ns
[2021-05-18T07:40:22.894+0000][6][safepoint   ] Safepoint "Cleanup", Time since last: 2436647700 ns, Reaching safepoint: 178700 ns, At safepoint: 7300 ns, Total: 186000 ns
[2021-05-18T07:40:29.895+0000][6][safepoint   ] Safepoint "Cleanup", Time since last: 7001359100 ns, Reaching safepoint: 196600 ns, At safepoint: 10200 ns, Total: 206800 ns
[2021-05-18T07:40:31.897+0000][6][safepoint   ] Safepoint "Cleanup", Time since last: 2001345800 ns, Reaching safepoint: 242400 ns, At safepoint: 10700 ns, Total: 253100 ns
[2021-05-18T07:40:40.912+0000][6][safepoint   ] Safepoint "Cleanup", Time since last: 9014439800 ns, Reaching safepoint: 200200 ns, At safepoint: 7800 ns, Total: 208000 ns
[2021-05-18T07:40:41.914+0000][6][safepoint   ] Safepoint "Cleanup", Time since last: 1002467800 ns, Reaching safepoint: 122800 ns, At safepoint: 10700 ns, Total: 133500 ns
[2021-05-18T07:40:42.915+0000][6][safepoint   ] Safepoint "Cleanup", Time since last: 1000498600 ns, Reaching safepoint: 141700 ns, At safepoint: 7000 ns, Total: 148700 ns
[2021-05-18T07:40:52.917+0000][6][safepoint   ] Safepoint "Cleanup", Time since last: 10001554700 ns, Reaching safepoint: 136600 ns, At safepoint: 6800 ns, Total: 143400 ns
[2021-05-18T07:40:53.917+0000][6][safepoint   ] Safepoint "Cleanup", Time since last: 1000481400 ns, Reaching safepoint: 225700 ns, At safepoint: 7300 ns, Total: 233000 ns
[2021-05-18T07:40:54.918+0000][6][safepoint   ] Safepoint "Cleanup", Time since last: 1000574000 ns, Reaching safepoint: 132800 ns, At safepoint: 6900 ns, Total: 139700 ns
[2021-05-18T07:41:01.919+0000][6][safepoint   ] Safepoint "Cleanup", Time since last: 7001263000 ns, Reaching safepoint: 142300 ns, At safepoint: 6300 ns, Total: 148600 ns
[2021-05-18T07:41:02.920+0000][6][safepoint   ] Safepoint "Cleanup", Time since last: 1000597400 ns, Reaching safepoint: 243300 ns, At safepoint: 11700 ns, Total: 255000 ns
[2021-05-18T07:41:04.921+0000][6][safepoint   ] Safepoint "Cleanup", Time since last: 2000813100 ns, Reaching safepoint: 189300 ns, At safepoint: 8700 ns, Total: 198000 ns
[2021-05-18T07:41:05.922+0000][6][safepoint   ] Safepoint "Cleanup", Time since last: 1000537400 ns, Reaching safepoint: 149700 ns, At safepoint: 9100 ns, Total: 158800 ns
[2021-05-18T07:41:07.923+0000][6][safepoint   ] Safepoint "Cleanup", Time since last: 2000753800 ns, Reaching safepoint: 133900 ns, At safepoint: 9500 ns, Total: 143400 ns
[2021-05-18T07:41:13.924+0000][6][safepoint   ] Safepoint "Cleanup", Time since last: 6001156700 ns, Reaching safepoint: 133500 ns, At safepoint: 10600 ns, Total: 144100 ns
[2021-05-18T07:41:17.925+0000][6][safepoint   ] Safepoint "Cleanup", Time since last: 4000900400 ns, Reaching safepoint: 184400 ns, At safepoint: 28600 ns, Total: 213000 ns
[2021-05-18T07:41:19.926+0000][6][safepoint   ] Safepoint "Cleanup", Time since last: 2000550000 ns, Reaching safepoint: 130600 ns, At safepoint: 6900 ns, Total: 137500 ns
[2021-05-18T07:41:21.927+0000][6][safepoint   ] Safepoint "Cleanup", Time since last: 2000738200 ns, Reaching safepoint: 159700 ns, At safepoint: 7700 ns, Total: 167400 ns
[2021-05-18T07:41:26.928+0000][6][safepoint   ] Safepoint "Cleanup", Time since last: 5001069100 ns, Reaching safepoint: 216900 ns, At safepoint: 10200 ns, Total: 227100 ns
[2021-05-18T07:41:28.929+0000][6][safepoint   ] Safepoint "Cleanup", Time since last: 2000687200 ns, Reaching safepoint: 225300 ns, At safepoint: 29600 ns, Total: 254900 ns
[2021-05-18T07:41:29.930+0000][6][safepoint   ] Safepoint "Cleanup", Time since last: 1000428900 ns, Reaching safepoint: 145600 ns, At safepoint: 9500 ns, Total: 155100 ns
[2021-05-18T07:41:31.931+0000][6][safepoint   ] Safepoint "Cleanup", Time since last: 2000678800 ns, Reaching safepoint: 185100 ns, At safepoint: 10200 ns, Total: 195300 ns
[2021-05-18T07:41:34.933+0000][6][safepoint   ] Safepoint "Cleanup", Time since last: 3002706500 ns, Reaching safepoint: 230800 ns, At safepoint: 10300 ns, Total: 241100 ns
[2021-05-18T07:41:37.938+0000][6][safepoint   ] Safepoint "Cleanup", Time since last: 3004511300 ns, Reaching safepoint: 191000 ns, At safepoint: 9900 ns, Total: 200900 ns
[2021-05-18T07:41:40.941+0000][6][safepoint   ] Safepoint "Cleanup", Time since last: 3002393000 ns, Reaching safepoint: 213400 ns, At safepoint: 8400 ns, Total: 221800 ns
[2021-05-18T07:41:41.978+0000][6][safepoint   ] Safepoint "Cleanup", Time since last: 1036640200 ns, Reaching safepoint: 205200 ns, At safepoint: 12200 ns, Total: 217400 ns
[2021-05-18T07:41:42.979+0000][6][safepoint   ] Safepoint "Cleanup", Time since last: 1001651600 ns, Reaching safepoint: 151700 ns, At safepoint: 7100 ns, Total: 158800 ns
[2021-05-18T07:41:46.981+0000][6][safepoint   ] Safepoint "Cleanup", Time since last: 4000932600 ns, Reaching safepoint: 132200 ns, At safepoint: 6200 ns, Total: 138400 ns
[2021-05-18T07:41:52.982+0000][6][safepoint   ] Safepoint "Cleanup", Time since last: 6001169700 ns, Reaching safepoint: 160100 ns, At safepoint: 8200 ns, Total: 168300 ns
[2021-05-18T07:42:01.984+0000][6][safepoint   ] Safepoint "Cleanup", Time since last: 9001891600 ns, Reaching safepoint: 180600 ns, At safepoint: 7700 ns, Total: 188300 ns
[2021-05-18T07:42:04.985+0000][6][safepoint   ] Safepoint "Cleanup", Time since last: 3000925800 ns, Reaching safepoint: 324200 ns, At safepoint: 45500 ns, Total: 369700 ns
[2021-05-18T07:42:06.986+0000][6][safepoint   ] Safepoint "Cleanup", Time since last: 2000961700 ns, Reaching safepoint: 153900 ns, At safepoint: 7100 ns, Total: 161000 ns
[2021-05-18T07:42:07.987+0000][6][safepoint   ] Safepoint "Cleanup", Time since last: 1000639300 ns, Reaching safepoint: 132600 ns, At safepoint: 6800 ns, Total: 139400 ns
[2021-05-18T07:42:14.989+0000][6][safepoint   ] Safepoint "Cleanup", Time since last: 7001211300 ns, Reaching safepoint: 141300 ns, At safepoint: 6500 ns, Total: 147800 ns
[2021-05-18T07:42:15.989+0000][6][safepoint   ] Safepoint "Cleanup", Time since last: 1000712700 ns, Reaching safepoint: 224400 ns, At safepoint: 19000 ns, Total: 243400 ns
[2021-05-18T07:42:16.990+0000][6][safepoint   ] Safepoint "Cleanup", Time since last: 1000650900 ns, Reaching safepoint: 84600 ns, At safepoint: 28400 ns, Total: 113000 ns
[2021-05-18T07:42:17.991+0000][6][safepoint   ] Safepoint "Cleanup", Time since last: 1000825400 ns, Reaching safepoint: 136000 ns, At safepoint: 7300 ns, Total: 143300 ns
[2021-05-18T07:42:19.992+0000][6][safepoint   ] Safepoint "Cleanup", Time since last: 2000740500 ns, Reaching safepoint: 190700 ns, At safepoint: 12300 ns, Total: 203000 ns
[2021-05-18T07:42:22.993+0000][6][safepoint   ] Safepoint "Cleanup", Time since last: 3000877800 ns, Reaching safepoint: 164000 ns, At safepoint: 6900 ns, Total: 170900 ns
[2021-05-18T07:42:25.994+0000][6][safepoint   ] Safepoint "Cleanup", Time since last: 3000833300 ns, Reaching safepoint: 132900 ns, At safepoint: 6800 ns, Total: 139700 ns
[2021-05-18T07:42:26.995+0000][6][safepoint   ] Safepoint "Cleanup", Time since last: 1000602600 ns, Reaching safepoint: 151700 ns, At safepoint: 6800 ns, Total: 158500 ns
[2021-05-18T07:42:28.996+0000][6][safepoint   ] Safepoint "Cleanup", Time since last: 2000836400 ns, Reaching safepoint: 287000 ns, At safepoint: 30900 ns, Total: 317900 ns
[2021-05-18T07:42:29.997+0000][6][safepoint   ] Safepoint "Cleanup", Time since last: 1000484600 ns, Reaching safepoint: 127100 ns, At safepoint: 6400 ns, Total: 133500 ns
[2021-05-18T07:42:41.000+0000][6][safepoint   ] Safepoint "Cleanup", Time since last: 11002704000 ns, Reaching safepoint: 269100 ns, At safepoint: 10700 ns, Total: 279800 ns
[2021-05-18T07:42:43.012+0000][6][safepoint   ] Safepoint "Cleanup", Time since last: 2012305000 ns, Reaching safepoint: 202800 ns, At safepoint: 19600 ns, Total: 222400 ns
[2021-05-18T07:42:44.014+0000][6][safepoint   ] Safepoint "Cleanup", Time since last: 1001516200 ns, Reaching safepoint: 148000 ns, At safepoint: 9000 ns, Total: 157000 ns
[2021-05-18T07:42:53.016+0000][6][safepoint   ] Safepoint "Cleanup", Time since last: 9001718700 ns, Reaching safepoint: 146100 ns, At safepoint: 8700 ns, Total: 154800 ns
[2021-05-18T07:42:54.016+0000][6][safepoint   ] Safepoint "Cleanup", Time since last: 1000555900 ns, Reaching safepoint: 141000 ns, At safepoint: 6400 ns, Total: 147400 ns
[2021-05-18T07:43:05.018+0000][6][safepoint   ] Safepoint "Cleanup", Time since last: 11001792700 ns, Reaching safepoint: 144700 ns, At safepoint: 27200 ns, Total: 171900 ns
[2021-05-18T07:43:11.019+0000][6][safepoint   ] Safepoint "Cleanup", Time since last: 6000846800 ns, Reaching safepoint: 191100 ns, At safepoint: 10600 ns, Total: 201700 ns
[2021-05-18T07:43:16.021+0000][6][safepoint   ] Safepoint "Cleanup", Time since last: 5000978100 ns, Reaching safepoint: 153500 ns, At safepoint: 7200 ns, Total: 160700 ns
[2021-05-18T07:43:17.021+0000][6][safepoint   ] Safepoint "Cleanup", Time since last: 1000614500 ns, Reaching safepoint: 193900 ns, At safepoint: 11100 ns, Total: 205000 ns
[2021-05-18T07:43:18.022+0000][6][safepoint   ] Safepoint "Cleanup", Time since last: 1000693900 ns, Reaching safepoint: 169000 ns, At safepoint: 35300 ns, Total: 204300 ns
[2021-05-18T07:43:20.023+0000][6][safepoint   ] Safepoint "Cleanup", Time since last: 2000581100 ns, Reaching safepoint: 128900 ns, At safepoint: 6100 ns, Total: 135000 ns
[2021-05-18T07:43:26.024+0000][6][safepoint   ] Safepoint "Cleanup", Time since last: 6001086100 ns, Reaching safepoint: 130800 ns, At safepoint: 6400 ns, Total: 137200 ns
[2021-05-18T07:43:29.025+0000][6][safepoint   ] Safepoint "Cleanup", Time since last: 3000771400 ns, Reaching safepoint: 268600 ns, At safepoint: 50300 ns, Total: 318900 ns
[2021-05-18T07:43:30.026+0000][6][safepoint   ] Safepoint "Cleanup", Time since last: 1000496300 ns, Reaching safepoint: 161400 ns, At safepoint: 6600 ns, Total: 168000 ns
[2021-05-18T07:43:31.027+0000][6][safepoint   ] Safepoint "Cleanup", Time since last: 1000525400 ns, Reaching safepoint: 186300 ns, At safepoint: 8200 ns, Total: 194500 ns
[2021-05-18T07:43:38.028+0000][6][safepoint   ] Safepoint "Cleanup", Time since last: 7001276500 ns, Reaching safepoint: 210200 ns, At safepoint: 15100 ns, Total: 225300 ns
[2021-05-18T07:43:41.052+0000][6][safepoint   ] Safepoint "Cleanup", Time since last: 3023543400 ns, Reaching safepoint: 196200 ns, At safepoint: 10400 ns, Total: 206600 ns
[2021-05-18T07:43:42.054+0000][6][safepoint   ] Safepoint "Cleanup", Time since last: 1001593900 ns, Reaching safepoint: 174600 ns, At safepoint: 9600 ns, Total: 184200 ns
[2021-05-18T07:43:47.082+0000][6][safepoint   ] Safepoint "Cleanup", Time since last: 5027597000 ns, Reaching safepoint: 172600 ns, At safepoint: 48800 ns, Total: 221400 ns
[2021-05-18T07:43:53.083+0000][6][safepoint   ] Safepoint "Cleanup", Time since last: 6001193300 ns, Reaching safepoint: 233400 ns, At safepoint: 12600 ns, Total: 246000 ns
[2021-05-18T07:43:54.084+0000][6][safepoint   ] Safepoint "Cleanup", Time since last: 1000641300 ns, Reaching safepoint: 141100 ns, At safepoint: 6300 ns, Total: 147400 ns
[2021-05-18T07:44:02.085+0000][6][safepoint   ] Safepoint "Cleanup", Time since last: 8001401000 ns, Reaching safepoint: 151300 ns, At safepoint: 6300 ns, Total: 157600 ns
[2021-05-18T07:44:05.086+0000][6][safepoint   ] Safepoint "Cleanup", Time since last: 3000789300 ns, Reaching safepoint: 136200 ns, At safepoint: 6500 ns, Total: 142700 ns
[2021-05-18T07:44:07.087+0000][6][safepoint   ] Safepoint "Cleanup", Time since last: 2000595300 ns, Reaching safepoint: 146500 ns, At safepoint: 7500 ns, Total: 154000 ns
[2021-05-18T07:44:17.089+0000][6][safepoint   ] Safepoint "Cleanup", Time since last: 10001552000 ns, Reaching safepoint: 389700 ns, At safepoint: 11900 ns, Total: 401600 ns
[2021-05-18T07:44:18.090+0000][6][safepoint   ] Safepoint "Cleanup", Time since last: 1000633600 ns, Reaching safepoint: 189900 ns, At safepoint: 10600 ns, Total: 200500 ns
[2021-05-18T07:44:20.091+0000][6][safepoint   ] Safepoint "Cleanup", Time since last: 2000927300 ns, Reaching safepoint: 161100 ns, At safepoint: 6200 ns, Total: 167300 ns
[2021-05-18T07:44:21.092+0000][6][safepoint   ] Safepoint "Cleanup", Time since last: 1000672400 ns, Reaching safepoint: 191100 ns, At safepoint: 8400 ns, Total: 199500 ns
[2021-05-18T07:44:23.093+0000][6][safepoint   ] Safepoint "Cleanup", Time since last: 2000661500 ns, Reaching safepoint: 116100 ns, At safepoint: 6500 ns, Total: 122600 ns
[2021-05-18T07:44:26.094+0000][6][safepoint   ] Safepoint "Cleanup", Time since last: 3000694600 ns, Reaching safepoint: 190100 ns, At safepoint: 7000 ns, Total: 197100 ns
[2021-05-18T07:44:30.095+0000][6][safepoint   ] Safepoint "Cleanup", Time since last: 4001008400 ns, Reaching safepoint: 162000 ns, At safepoint: 10400 ns, Total: 172400 ns
[2021-05-18T07:44:41.097+0000][6][safepoint   ] Safepoint "Cleanup", Time since last: 11001838800 ns, Reaching safepoint: 304600 ns, At safepoint: 14800 ns, Total: 319400 ns
[2021-05-18T07:44:43.118+0000][6][safepoint   ] Safepoint "Cleanup", Time since last: 2006967400 ns, Reaching safepoint: 14467700 ns, At safepoint: 49800 ns, Total: 14517500 ns
[2021-05-18T07:44:53.134+0000][6][safepoint   ] Safepoint "Cleanup", Time since last: 10015870900 ns, Reaching safepoint: 93000 ns, At safepoint: 38900 ns, Total: 131900 ns
[2021-05-18T07:44:54.135+0000][6][safepoint   ] Safepoint "Cleanup", Time since last: 1000423700 ns, Reaching safepoint: 174500 ns, At safepoint: 8700 ns, Total: 183200 ns
[2021-05-18T07:44:55.136+0000][6][safepoint   ] Safepoint "Cleanup", Time since last: 1000488600 ns, Reaching safepoint: 127200 ns, At safepoint: 6500 ns, Total: 133700 ns
[2021-05-18T07:44:56.136+0000][6][safepoint   ] Safepoint "Cleanup", Time since last: 1000722900 ns, Reaching safepoint: 83200 ns, At safepoint: 8500 ns, Total: 91700 ns
[2021-05-18T07:45:02.138+0000][6][safepoint   ] Safepoint "Cleanup", Time since last: 6001032600 ns, Reaching safepoint: 139500 ns, At safepoint: 6900 ns, Total: 146400 ns
[2021-05-18T07:45:03.138+0000][6][safepoint   ] Safepoint "Cleanup", Time since last: 1000595600 ns, Reaching safepoint: 155700 ns, At safepoint: 6500 ns, Total: 162200 ns
[2021-05-18T07:45:05.139+0000][6][safepoint   ] Safepoint "Cleanup", Time since last: 2000722900 ns, Reaching safepoint: 158500 ns, At safepoint: 28200 ns, Total: 186700 ns
[2021-05-18T07:45:11.141+0000][6][safepoint   ] Safepoint "Cleanup", Time since last: 6001212200 ns, Reaching safepoint: 133500 ns, At safepoint: 6700 ns, Total: 140200 ns
[2021-05-18T07:45:14.142+0000][6][safepoint   ] Safepoint "Cleanup", Time since last: 3000864200 ns, Reaching safepoint: 131000 ns, At safepoint: 6800 ns, Total: 137800 ns
[2021-05-18T07:45:17.143+0000][6][safepoint   ] Safepoint "Cleanup", Time since last: 3000900000 ns, Reaching safepoint: 153400 ns, At safepoint: 7900 ns, Total: 161300 ns
[2021-05-18T07:45:18.143+0000][6][safepoint   ] Safepoint "Cleanup", Time since last: 1000587700 ns, Reaching safepoint: 140300 ns, At safepoint: 6400 ns, Total: 146700 ns
[2021-05-18T07:45:20.144+0000][6][safepoint   ] Safepoint "Cleanup", Time since last: 2000852600 ns, Reaching safepoint: 235000 ns, At safepoint: 7700 ns, Total: 242700 ns
[2021-05-18T07:45:23.145+0000][6][safepoint   ] Safepoint "Cleanup", Time since last: 3000769000 ns, Reaching safepoint: 127700 ns, At safepoint: 6700 ns, Total: 134400 ns
[2021-05-18T07:45:24.146+0000][6][safepoint   ] Safepoint "Cleanup", Time since last: 1000622700 ns, Reaching safepoint: 177000 ns, At safepoint: 11000 ns, Total: 188000 ns
[2021-05-18T07:45:26.147+0000][6][safepoint   ] Safepoint "Cleanup", Time since last: 2000933900 ns, Reaching safepoint: 249100 ns, At safepoint: 27500 ns, Total: 276600 ns
[2021-05-18T07:45:29.148+0000][6][safepoint   ] Safepoint "Cleanup", Time since last: 3000938500 ns, Reaching safepoint: 139600 ns, At safepoint: 8200 ns, Total: 147800 ns
[2021-05-18T07:45:30.151+0000][6][safepoint   ] Safepoint "Cleanup", Time since last: 1002071800 ns, Reaching safepoint: 182800 ns, At safepoint: 10300 ns, Total: 193100 ns
