[2021-05-18T07:55:32.353+0000][175][gc] Using G1
[2021-05-18T07:55:32.385+0000][175][gc,init] Version: 16+36 (release)
[2021-05-18T07:55:32.386+0000][175][gc,init] CPUs: 5 total, 5 available
[2021-05-18T07:55:32.386+0000][175][gc,init] Memory: 7973M
[2021-05-18T07:55:32.386+0000][175][gc,init] Large Page Support: Disabled
[2021-05-18T07:55:32.386+0000][175][gc,init] NUMA Support: Disabled
[2021-05-18T07:55:32.386+0000][175][gc,init] Compressed Oops: Enabled (Zero based)
[2021-05-18T07:55:32.386+0000][175][gc,init] Heap Region Size: 2M
[2021-05-18T07:55:32.386+0000][175][gc,init] Heap Min Capacity: 3986M
[2021-05-18T07:55:32.386+0000][175][gc,init] Heap Initial Capacity: 3986M
[2021-05-18T07:55:32.386+0000][175][gc,init] Heap Max Capacity: 3986M
[2021-05-18T07:55:32.386+0000][175][gc,init] Pre-touch: Disabled
[2021-05-18T07:55:32.386+0000][175][gc,init] Parallel Workers: 5
[2021-05-18T07:55:32.386+0000][175][gc,init] Concurrent Workers: 1
[2021-05-18T07:55:32.386+0000][175][gc,init] Concurrent Refinement Workers: 5
[2021-05-18T07:55:32.386+0000][175][gc,init] Periodic GC: Disabled
[2021-05-18T07:55:32.386+0000][175][gc,metaspace] CDS disabled.
[2021-05-18T07:55:32.386+0000][175][gc,metaspace] Compressed class space mapped at: 0x00000007c0000000-0x0000000800000000, reserved size: 1073741824
[2021-05-18T07:55:32.386+0000][175][gc,metaspace] Narrow klass base: 0x0000000000000000, Narrow klass shift: 3, Narrow klass range: 0x800000000
[2021-05-18T07:55:32.690+0000][175][gc,heap,exit] Heap
[2021-05-18T07:55:32.690+0000][175][gc,heap,exit]  garbage-first heap   total 4081664K, used 3074K [0x00000006c6e00000, 0x00000007c0000000)
[2021-05-18T07:55:32.690+0000][175][gc,heap,exit]   region size 2048K, 2 young (4096K), 0 survivors (0K)
[2021-05-18T07:55:32.690+0000][175][gc,heap,exit]  Metaspace       used 3563K, committed 3648K, reserved 1056768K
[2021-05-18T07:55:32.690+0000][175][gc,heap,exit]   class space    used 282K, committed 320K, reserved 1048576K
