[2021-05-18T07:58:45.887+0000][6][gc] Using G1
[2021-05-18T07:58:46.683+0000][6][gc,init] Version: 16+36 (release)
[2021-05-18T07:58:46.683+0000][6][gc,init] CPUs: 5 total, 5 available
[2021-05-18T07:58:46.683+0000][6][gc,init] Memory: 7973M
[2021-05-18T07:58:46.683+0000][6][gc,init] Large Page Support: Disabled
[2021-05-18T07:58:46.683+0000][6][gc,init] NUMA Support: Disabled
[2021-05-18T07:58:46.683+0000][6][gc,init] Compressed Oops: Enabled (Zero based)
[2021-05-18T07:58:46.683+0000][6][gc,init] Heap Region Size: 4M
[2021-05-18T07:58:46.683+0000][6][gc,init] Heap Min Capacity: 3988M
[2021-05-18T07:58:46.683+0000][6][gc,init] Heap Initial Capacity: 3988M
[2021-05-18T07:58:46.683+0000][6][gc,init] Heap Max Capacity: 3988M
[2021-05-18T07:58:46.683+0000][6][gc,init] Pre-touch: Enabled
[2021-05-18T07:58:46.683+0000][6][gc,init] Parallel Workers: 5
[2021-05-18T07:58:46.683+0000][6][gc,init] Concurrent Workers: 1
[2021-05-18T07:58:46.683+0000][6][gc,init] Concurrent Refinement Workers: 5
[2021-05-18T07:58:46.683+0000][6][gc,init] Periodic GC: Disabled
[2021-05-18T07:58:46.683+0000][6][gc,metaspace] CDS archive(s) mapped at: [0x0000000800000000-0x0000000800bea000-0x0000000800bea000), size 12492800, SharedBaseAddress: 0x0000000800000000, ArchiveRelocationMode: 0.
[2021-05-18T07:58:46.683+0000][6][gc,metaspace] Compressed class space mapped at: 0x0000000800c00000-0x0000000840c00000, reserved size: 1073741824
[2021-05-18T07:58:46.683+0000][6][gc,metaspace] Narrow klass base: 0x0000000800000000, Narrow klass shift: 3, Narrow klass range: 0x100000000
[2021-05-18T07:58:48.421+0000][6][safepoint   ] Safepoint "Cleanup", Time since last: 1701175500 ns, Reaching safepoint: 6828400 ns, At safepoint: 42000 ns, Total: 6870400 ns
[2021-05-18T07:58:49.478+0000][6][safepoint   ] Safepoint "Cleanup", Time since last: 1056354200 ns, Reaching safepoint: 189800 ns, At safepoint: 64600 ns, Total: 254400 ns
[2021-05-18T07:58:50.744+0000][6][safepoint   ] Safepoint "Cleanup", Time since last: 1258128800 ns, Reaching safepoint: 7608400 ns, At safepoint: 61600 ns, Total: 7670000 ns
[2021-05-18T07:58:52.632+0000][6][safepoint   ] Safepoint "Cleanup", Time since last: 1880476600 ns, Reaching safepoint: 7908900 ns, At safepoint: 83900 ns, Total: 7992800 ns
[2021-05-18T07:58:53.634+0000][6][safepoint   ] Safepoint "Cleanup", Time since last: 1000934400 ns, Reaching safepoint: 1303100 ns, At safepoint: 25700 ns, Total: 1328800 ns
[2021-05-18T07:58:54.790+0000][6][safepoint   ] Safepoint "Cleanup", Time since last: 1155311700 ns, Reaching safepoint: 234200 ns, At safepoint: 36500 ns, Total: 270700 ns
[2021-05-18T07:58:55.810+0000][6][safepoint   ] Safepoint "Cleanup", Time since last: 1008909100 ns, Reaching safepoint: 10560200 ns, At safepoint: 198800 ns, Total: 10759000 ns
[2021-05-18T07:58:56.810+0000][6][safepoint   ] Safepoint "Cleanup", Time since last: 1000236700 ns, Reaching safepoint: 522200 ns, At safepoint: 12400 ns, Total: 534600 ns
[2021-05-18T07:58:56.823+0000][6][safepoint   ] Safepoint "ICBufferFull", Time since last: 12549500 ns, Reaching safepoint: 125700 ns, At safepoint: 7000 ns, Total: 132700 ns
[2021-05-18T07:58:56.850+0000][6][safepoint   ] Safepoint "ICBufferFull", Time since last: 25500600 ns, Reaching safepoint: 1218200 ns, At safepoint: 8200 ns, Total: 1226400 ns
[2021-05-18T07:58:56.860+0000][6][safepoint   ] Safepoint "ICBufferFull", Time since last: 9446800 ns, Reaching safepoint: 143900 ns, At safepoint: 37100 ns, Total: 181000 ns
[2021-05-18T07:58:56.865+0000][6][safepoint   ] Safepoint "ICBufferFull", Time since last: 5683100 ns, Reaching safepoint: 117200 ns, At safepoint: 6700 ns, Total: 123900 ns
[2021-05-18T07:58:56.897+0000][6][safepoint   ] Safepoint "ICBufferFull", Time since last: 31530100 ns, Reaching safepoint: 187800 ns, At safepoint: 38900 ns, Total: 226700 ns
[2021-05-18T07:58:56.909+0000][6][safepoint   ] Safepoint "ICBufferFull", Time since last: 11887000 ns, Reaching safepoint: 133600 ns, At safepoint: 8800 ns, Total: 142400 ns
[2021-05-18T07:58:56.915+0000][6][safepoint   ] Safepoint "ICBufferFull", Time since last: 5834100 ns, Reaching safepoint: 122500 ns, At safepoint: 7300 ns, Total: 129800 ns
[2021-05-18T07:58:56.921+0000][6][safepoint   ] Safepoint "ICBufferFull", Time since last: 6268800 ns, Reaching safepoint: 37000 ns, At safepoint: 7800 ns, Total: 44800 ns
[2021-05-18T07:58:56.932+0000][6][safepoint   ] Safepoint "ICBufferFull", Time since last: 10362200 ns, Reaching safepoint: 43600 ns, At safepoint: 7700 ns, Total: 51300 ns
[2021-05-18T07:58:56.955+0000][6][safepoint   ] Safepoint "ICBufferFull", Time since last: 22829400 ns, Reaching safepoint: 127900 ns, At safepoint: 8400 ns, Total: 136300 ns
[2021-05-18T07:58:56.964+0000][6][safepoint   ] Safepoint "ICBufferFull", Time since last: 9420000 ns, Reaching safepoint: 29000 ns, At safepoint: 124300 ns, Total: 153300 ns
[2021-05-18T07:58:56.972+0000][6][safepoint   ] Safepoint "ICBufferFull", Time since last: 7120600 ns, Reaching safepoint: 88200 ns, At safepoint: 5900 ns, Total: 94100 ns
[2021-05-18T07:58:56.976+0000][6][safepoint   ] Safepoint "ICBufferFull", Time since last: 4285100 ns, Reaching safepoint: 43900 ns, At safepoint: 5600 ns, Total: 49500 ns
[2021-05-18T07:58:56.984+0000][6][safepoint   ] Safepoint "ICBufferFull", Time since last: 7815000 ns, Reaching safepoint: 107000 ns, At safepoint: 39400 ns, Total: 146400 ns
[2021-05-18T07:58:57.645+0000][6][gc,start    ] GC(0) Pause Young (Normal) (G1 Evacuation Pause)
[2021-05-18T07:58:57.645+0000][6][gc,task     ] GC(0) Using 5 workers of 5 for evacuation
[2021-05-18T07:58:57.645+0000][6][gc,age      ] GC(0) Desired survivor size 14680064 bytes, new threshold 15 (max threshold 15)
[2021-05-18T07:58:57.662+0000][6][gc,age      ] GC(0) Age table with threshold 15 (max threshold 15)
[2021-05-18T07:58:57.662+0000][6][gc,age      ] GC(0) - age   1:   10752312 bytes,   10752312 total
[2021-05-18T07:58:57.662+0000][6][gc,phases   ] GC(0)   Pre Evacuate Collection Set: 0.2ms
[2021-05-18T07:58:57.662+0000][6][gc,phases   ] GC(0)   Merge Heap Roots: 0.1ms
[2021-05-18T07:58:57.662+0000][6][gc,phases   ] GC(0)   Evacuate Collection Set: 14.7ms
[2021-05-18T07:58:57.662+0000][6][gc,phases   ] GC(0)   Post Evacuate Collection Set: 1.9ms
[2021-05-18T07:58:57.662+0000][6][gc,phases   ] GC(0)   Other: 0.3ms
[2021-05-18T07:58:57.662+0000][6][gc,heap     ] GC(0) Eden regions: 49->0(46)
[2021-05-18T07:58:57.662+0000][6][gc,heap     ] GC(0) Survivor regions: 0->3(7)
[2021-05-18T07:58:57.662+0000][6][gc,heap     ] GC(0) Old regions: 0->0
[2021-05-18T07:58:57.662+0000][6][gc,heap     ] GC(0) Archive regions: 2->2
[2021-05-18T07:58:57.662+0000][6][gc,heap     ] GC(0) Humongous regions: 0->0
[2021-05-18T07:58:57.662+0000][6][gc,metaspace] GC(0) Metaspace: 17868K(18176K)->17868K(18176K) NonClass: 15762K(15936K)->15762K(15936K) Class: 2105K(2240K)->2105K(2240K)
[2021-05-18T07:58:57.662+0000][6][gc          ] GC(0) Pause Young (Normal) (G1 Evacuation Pause) 199M->14M(3988M) 17.289ms
[2021-05-18T07:58:57.662+0000][6][gc,cpu      ] GC(0) User=0.02s Sys=0.00s Real=0.02s
[2021-05-18T07:58:57.662+0000][6][safepoint   ] Safepoint "G1CollectForAllocation", Time since last: 660953400 ns, Reaching safepoint: 129300 ns, At safepoint: 17378400 ns, Total: 17507700 ns
[2021-05-18T07:58:58.890+0000][6][gc,start    ] GC(1) Pause Young (Normal) (G1 Evacuation Pause)
[2021-05-18T07:58:58.890+0000][6][gc,task     ] GC(1) Using 5 workers of 5 for evacuation
[2021-05-18T07:58:58.890+0000][6][gc,age      ] GC(1) Desired survivor size 14680064 bytes, new threshold 15 (max threshold 15)
[2021-05-18T07:58:58.907+0000][6][gc,age      ] GC(1) Age table with threshold 15 (max threshold 15)
[2021-05-18T07:58:58.907+0000][6][gc,age      ] GC(1) - age   1:    2693848 bytes,    2693848 total
[2021-05-18T07:58:58.907+0000][6][gc,age      ] GC(1) - age   2:   10178304 bytes,   12872152 total
[2021-05-18T07:58:58.907+0000][6][gc,phases   ] GC(1)   Pre Evacuate Collection Set: 0.2ms
[2021-05-18T07:58:58.907+0000][6][gc,phases   ] GC(1)   Merge Heap Roots: 0.2ms
[2021-05-18T07:58:58.907+0000][6][gc,phases   ] GC(1)   Evacuate Collection Set: 14.1ms
[2021-05-18T07:58:58.907+0000][6][gc,phases   ] GC(1)   Post Evacuate Collection Set: 1.8ms
[2021-05-18T07:58:58.907+0000][6][gc,phases   ] GC(1)   Other: 0.5ms
[2021-05-18T07:58:58.907+0000][6][gc,heap     ] GC(1) Eden regions: 46->0(45)
[2021-05-18T07:58:58.907+0000][6][gc,heap     ] GC(1) Survivor regions: 3->4(7)
[2021-05-18T07:58:58.907+0000][6][gc,heap     ] GC(1) Old regions: 0->0
[2021-05-18T07:58:58.907+0000][6][gc,heap     ] GC(1) Archive regions: 2->2
[2021-05-18T07:58:58.907+0000][6][gc,heap     ] GC(1) Humongous regions: 0->0
[2021-05-18T07:58:58.907+0000][6][gc,metaspace] GC(1) Metaspace: 18404K(18752K)->18404K(18752K) NonClass: 16233K(16448K)->16233K(16448K) Class: 2171K(2304K)->2171K(2304K)
[2021-05-18T07:58:58.907+0000][6][gc          ] GC(1) Pause Young (Normal) (G1 Evacuation Pause) 198M->16M(3988M) 17.030ms
[2021-05-18T07:58:58.907+0000][6][gc,cpu      ] GC(1) User=0.05s Sys=0.00s Real=0.02s
[2021-05-18T07:58:58.907+0000][6][safepoint   ] Safepoint "G1CollectForAllocation", Time since last: 1227584600 ns, Reaching safepoint: 321100 ns, At safepoint: 17239600 ns, Total: 17560700 ns
[2021-05-18T07:58:59.541+0000][6][gc,start    ] GC(2) Pause Young (Normal) (G1 Evacuation Pause)
[2021-05-18T07:58:59.541+0000][6][gc,task     ] GC(2) Using 5 workers of 5 for evacuation
[2021-05-18T07:58:59.541+0000][6][gc,age      ] GC(2) Desired survivor size 14680064 bytes, new threshold 15 (max threshold 15)
[2021-05-18T07:58:59.555+0000][6][gc,age      ] GC(2) Age table with threshold 15 (max threshold 15)
[2021-05-18T07:58:59.555+0000][6][gc,age      ] GC(2) - age   1:    3860488 bytes,    3860488 total
[2021-05-18T07:58:59.555+0000][6][gc,age      ] GC(2) - age   2:    1926632 bytes,    5787120 total
[2021-05-18T07:58:59.555+0000][6][gc,age      ] GC(2) - age   3:   10177208 bytes,   15964328 total
[2021-05-18T07:58:59.555+0000][6][gc,phases   ] GC(2)   Pre Evacuate Collection Set: 0.2ms
[2021-05-18T07:58:59.555+0000][6][gc,phases   ] GC(2)   Merge Heap Roots: 0.1ms
[2021-05-18T07:58:59.555+0000][6][gc,phases   ] GC(2)   Evacuate Collection Set: 12.6ms
[2021-05-18T07:58:59.555+0000][6][gc,phases   ] GC(2)   Post Evacuate Collection Set: 1.5ms
[2021-05-18T07:58:59.555+0000][6][gc,phases   ] GC(2)   Other: 0.2ms
[2021-05-18T07:58:59.555+0000][6][gc,heap     ] GC(2) Eden regions: 45->0(45)
[2021-05-18T07:58:59.555+0000][6][gc,heap     ] GC(2) Survivor regions: 4->4(7)
[2021-05-18T07:58:59.555+0000][6][gc,heap     ] GC(2) Old regions: 0->0
[2021-05-18T07:58:59.555+0000][6][gc,heap     ] GC(2) Archive regions: 2->2
[2021-05-18T07:58:59.555+0000][6][gc,heap     ] GC(2) Humongous regions: 0->0
[2021-05-18T07:58:59.555+0000][6][gc,metaspace] GC(2) Metaspace: 18876K(19200K)->18876K(19200K) NonClass: 16632K(16832K)->16632K(16832K) Class: 2244K(2368K)->2244K(2368K)
[2021-05-18T07:58:59.555+0000][6][gc          ] GC(2) Pause Young (Normal) (G1 Evacuation Pause) 196M->19M(3988M) 14.795ms
[2021-05-18T07:58:59.555+0000][6][gc,cpu      ] GC(2) User=0.06s Sys=0.00s Real=0.02s
[2021-05-18T07:58:59.555+0000][6][safepoint   ] Safepoint "G1CollectForAllocation", Time since last: 632902800 ns, Reaching safepoint: 123100 ns, At safepoint: 14890800 ns, Total: 15013900 ns
[2021-05-18T07:59:00.072+0000][6][gc,start    ] GC(3) Pause Young (Normal) (G1 Evacuation Pause)
[2021-05-18T07:59:00.072+0000][6][gc,task     ] GC(3) Using 5 workers of 5 for evacuation
[2021-05-18T07:59:00.072+0000][6][gc,age      ] GC(3) Desired survivor size 14680064 bytes, new threshold 3 (max threshold 15)
[2021-05-18T07:59:00.086+0000][6][gc,age      ] GC(3) Age table with threshold 3 (max threshold 15)
[2021-05-18T07:59:00.086+0000][6][gc,age      ] GC(3) - age   1:    2238184 bytes,    2238184 total
[2021-05-18T07:59:00.086+0000][6][gc,age      ] GC(3) - age   2:    1001400 bytes,    3239584 total
[2021-05-18T07:59:00.086+0000][6][gc,age      ] GC(3) - age   3:    1926568 bytes,    5166152 total
[2021-05-18T07:59:00.086+0000][6][gc,phases   ] GC(3)   Pre Evacuate Collection Set: 1.0ms
[2021-05-18T07:59:00.086+0000][6][gc,phases   ] GC(3)   Merge Heap Roots: 0.2ms
[2021-05-18T07:59:00.086+0000][6][gc,phases   ] GC(3)   Evacuate Collection Set: 8.1ms
[2021-05-18T07:59:00.086+0000][6][gc,phases   ] GC(3)   Post Evacuate Collection Set: 4.9ms
[2021-05-18T07:59:00.086+0000][6][gc,phases   ] GC(3)   Other: 0.3ms
[2021-05-18T07:59:00.086+0000][6][gc,heap     ] GC(3) Eden regions: 45->0(59)
[2021-05-18T07:59:00.086+0000][6][gc,heap     ] GC(3) Survivor regions: 4->2(7)
[2021-05-18T07:59:00.086+0000][6][gc,heap     ] GC(3) Old regions: 0->3
[2021-05-18T07:59:00.086+0000][6][gc,heap     ] GC(3) Archive regions: 2->2
[2021-05-18T07:59:00.086+0000][6][gc,heap     ] GC(3) Humongous regions: 0->0
[2021-05-18T07:59:00.086+0000][6][gc,metaspace] GC(3) Metaspace: 19196K(19584K)->19196K(19584K) NonClass: 16913K(17152K)->16913K(17152K) Class: 2282K(2432K)->2282K(2432K)
[2021-05-18T07:59:00.087+0000][6][gc          ] GC(3) Pause Young (Normal) (G1 Evacuation Pause) 199M->20M(3988M) 14.737ms
[2021-05-18T07:59:00.087+0000][6][gc,cpu      ] GC(3) User=0.02s Sys=0.00s Real=0.02s
[2021-05-18T07:59:00.087+0000][6][safepoint   ] Safepoint "G1CollectForAllocation", Time since last: 516294100 ns, Reaching safepoint: 95300 ns, At safepoint: 14871500 ns, Total: 14966800 ns
[2021-05-18T07:59:00.721+0000][6][gc,start    ] GC(4) Pause Young (Normal) (G1 Evacuation Pause)
[2021-05-18T07:59:00.721+0000][6][gc,task     ] GC(4) Using 5 workers of 5 for evacuation
[2021-05-18T07:59:00.721+0000][6][gc,age      ] GC(4) Desired survivor size 16777216 bytes, new threshold 15 (max threshold 15)
[2021-05-18T07:59:00.736+0000][6][gc,age      ] GC(4) Age table with threshold 15 (max threshold 15)
[2021-05-18T07:59:00.736+0000][6][gc,age      ] GC(4) - age   1:     519728 bytes,     519728 total
[2021-05-18T07:59:00.736+0000][6][gc,age      ] GC(4) - age   2:    2052848 bytes,    2572576 total
[2021-05-18T07:59:00.736+0000][6][gc,age      ] GC(4) - age   3:    1001112 bytes,    3573688 total
[2021-05-18T07:59:00.736+0000][6][gc,age      ] GC(4) - age   4:    1926280 bytes,    5499968 total
[2021-05-18T07:59:00.736+0000][6][gc,phases   ] GC(4)   Pre Evacuate Collection Set: 0.2ms
[2021-05-18T07:59:00.736+0000][6][gc,phases   ] GC(4)   Merge Heap Roots: 0.1ms
[2021-05-18T07:59:00.736+0000][6][gc,phases   ] GC(4)   Evacuate Collection Set: 13.2ms
[2021-05-18T07:59:00.736+0000][6][gc,phases   ] GC(4)   Post Evacuate Collection Set: 0.9ms
[2021-05-18T07:59:00.736+0000][6][gc,phases   ] GC(4)   Other: 0.4ms
[2021-05-18T07:59:00.736+0000][6][gc,heap     ] GC(4) Eden regions: 59->0(596)
[2021-05-18T07:59:00.736+0000][6][gc,heap     ] GC(4) Survivor regions: 2->2(8)
[2021-05-18T07:59:00.736+0000][6][gc,heap     ] GC(4) Old regions: 3->3
[2021-05-18T07:59:00.736+0000][6][gc,heap     ] GC(4) Archive regions: 2->2
[2021-05-18T07:59:00.736+0000][6][gc,heap     ] GC(4) Humongous regions: 0->0
[2021-05-18T07:59:00.736+0000][6][gc,metaspace] GC(4) Metaspace: 19545K(19968K)->19545K(19968K) NonClass: 17197K(17472K)->17197K(17472K) Class: 2347K(2496K)->2347K(2496K)
[2021-05-18T07:59:00.736+0000][6][gc          ] GC(4) Pause Young (Normal) (G1 Evacuation Pause) 256M->19M(3988M) 14.941ms
[2021-05-18T07:59:00.736+0000][6][gc,cpu      ] GC(4) User=0.03s Sys=0.01s Real=0.02s
[2021-05-18T07:59:00.736+0000][6][safepoint   ] Safepoint "G1CollectForAllocation", Time since last: 634657200 ns, Reaching safepoint: 47500 ns, At safepoint: 15017500 ns, Total: 15065000 ns
[2021-05-18T07:59:01.737+0000][6][safepoint   ] Safepoint "Cleanup", Time since last: 1000107900 ns, Reaching safepoint: 301200 ns, At safepoint: 29500 ns, Total: 330700 ns
[2021-05-18T07:59:01.903+0000][6][gc,start    ] GC(5) Pause Young (Concurrent Start) (Metadata GC Threshold)
[2021-05-18T07:59:01.903+0000][6][gc,task     ] GC(5) Using 5 workers of 5 for evacuation
[2021-05-18T07:59:01.903+0000][6][gc,age      ] GC(5) Desired survivor size 157286400 bytes, new threshold 15 (max threshold 15)
[2021-05-18T07:59:01.909+0000][6][gc,age      ] GC(5) Age table with threshold 15 (max threshold 15)
[2021-05-18T07:59:01.909+0000][6][gc,age      ] GC(5) - age   1:    1959112 bytes,    1959112 total
[2021-05-18T07:59:01.909+0000][6][gc,age      ] GC(5) - age   2:     494232 bytes,    2453344 total
[2021-05-18T07:59:01.909+0000][6][gc,age      ] GC(5) - age   3:    2052608 bytes,    4505952 total
[2021-05-18T07:59:01.909+0000][6][gc,age      ] GC(5) - age   4:     999400 bytes,    5505352 total
[2021-05-18T07:59:01.909+0000][6][gc,age      ] GC(5) - age   5:    1926184 bytes,    7431536 total
[2021-05-18T07:59:01.910+0000][6][gc,phases   ] GC(5)   Pre Evacuate Collection Set: 0.4ms
[2021-05-18T07:59:01.910+0000][6][gc,phases   ] GC(5)   Merge Heap Roots: 0.2ms
[2021-05-18T07:59:01.910+0000][6][gc,phases   ] GC(5)   Evacuate Collection Set: 4.7ms
[2021-05-18T07:59:01.910+0000][6][gc,phases   ] GC(5)   Post Evacuate Collection Set: 0.8ms
[2021-05-18T07:59:01.910+0000][6][gc,phases   ] GC(5)   Other: 0.7ms
[2021-05-18T07:59:01.910+0000][6][gc,heap     ] GC(5) Eden regions: 68->0(596)
[2021-05-18T07:59:01.910+0000][6][gc,heap     ] GC(5) Survivor regions: 2->2(75)
[2021-05-18T07:59:01.910+0000][6][gc,heap     ] GC(5) Old regions: 3->3
[2021-05-18T07:59:01.910+0000][6][gc,heap     ] GC(5) Archive regions: 2->2
[2021-05-18T07:59:01.910+0000][6][gc,heap     ] GC(5) Humongous regions: 0->0
[2021-05-18T07:59:01.910+0000][6][gc,metaspace] GC(5) Metaspace: 20741K(21248K)->20741K(21248K) NonClass: 18238K(18496K)->18238K(18496K) Class: 2503K(2752K)->2503K(2752K)
[2021-05-18T07:59:01.910+0000][6][gc          ] GC(5) Pause Young (Concurrent Start) (Metadata GC Threshold) 291M->21M(3988M) 6.861ms
[2021-05-18T07:59:01.910+0000][6][gc,cpu      ] GC(5) User=0.03s Sys=0.00s Real=0.00s
[2021-05-18T07:59:01.910+0000][6][gc          ] GC(6) Concurrent Mark Cycle
[2021-05-18T07:59:01.910+0000][6][gc,marking  ] GC(6) Concurrent Clear Claimed Marks
[2021-05-18T07:59:01.910+0000][6][gc,marking  ] GC(6) Concurrent Clear Claimed Marks 0.036ms
[2021-05-18T07:59:01.910+0000][6][gc,marking  ] GC(6) Concurrent Scan Root Regions
[2021-05-18T07:59:01.910+0000][6][safepoint   ] Safepoint "CollectForMetadataAllocation", Time since last: 165770000 ns, Reaching safepoint: 136800 ns, At safepoint: 7011100 ns, Total: 7147900 ns
[2021-05-18T07:59:01.914+0000][6][gc,marking  ] GC(6) Concurrent Scan Root Regions 4.498ms
[2021-05-18T07:59:01.914+0000][6][gc,marking  ] GC(6) Concurrent Mark
[2021-05-18T07:59:01.914+0000][6][gc,marking  ] GC(6) Concurrent Mark From Roots
[2021-05-18T07:59:01.914+0000][6][gc,task     ] GC(6) Using 1 workers of 1 for marking
[2021-05-18T07:59:01.946+0000][6][gc,marking  ] GC(6) Concurrent Mark From Roots 31.574ms
[2021-05-18T07:59:01.946+0000][6][gc,marking  ] GC(6) Concurrent Preclean
[2021-05-18T07:59:01.946+0000][6][gc,marking  ] GC(6) Concurrent Preclean 0.142ms
[2021-05-18T07:59:01.953+0000][6][gc,start    ] GC(6) Pause Remark
[2021-05-18T07:59:01.958+0000][6][gc          ] GC(6) Pause Remark 37M->37M(3988M) 4.975ms
[2021-05-18T07:59:01.958+0000][6][gc,cpu      ] GC(6) User=0.02s Sys=0.00s Real=0.00s
[2021-05-18T07:59:01.958+0000][6][safepoint   ] Safepoint "G1Concurrent", Time since last: 36491800 ns, Reaching safepoint: 7062700 ns, At safepoint: 5066700 ns, Total: 12129400 ns
[2021-05-18T07:59:01.958+0000][6][gc,marking  ] GC(6) Concurrent Mark 43.991ms
[2021-05-18T07:59:01.958+0000][6][gc,marking  ] GC(6) Concurrent Rebuild Remembered Sets
[2021-05-18T07:59:01.979+0000][6][gc,marking  ] GC(6) Concurrent Rebuild Remembered Sets 20.626ms
[2021-05-18T07:59:01.988+0000][6][gc,start    ] GC(6) Pause Cleanup
[2021-05-18T07:59:01.989+0000][6][gc          ] GC(6) Pause Cleanup 45M->45M(3988M) 0.299ms
[2021-05-18T07:59:01.989+0000][6][gc,cpu      ] GC(6) User=0.00s Sys=0.00s Real=0.00s
[2021-05-18T07:59:01.989+0000][6][safepoint   ] Safepoint "G1Concurrent", Time since last: 20756600 ns, Reaching safepoint: 9155400 ns, At safepoint: 355200 ns, Total: 9510600 ns
[2021-05-18T07:59:01.989+0000][6][gc,marking  ] GC(6) Concurrent Cleanup for Next Mark
[2021-05-18T07:59:01.996+0000][6][gc,marking  ] GC(6) Concurrent Cleanup for Next Mark 7.306ms
[2021-05-18T07:59:01.996+0000][6][gc          ] GC(6) Concurrent Mark Cycle 86.308ms
[2021-05-18T07:59:02.990+0000][6][safepoint   ] Safepoint "Cleanup", Time since last: 1000199700 ns, Reaching safepoint: 1141600 ns, At safepoint: 56600 ns, Total: 1198200 ns
[2021-05-18T07:59:03.990+0000][6][safepoint   ] Safepoint "Cleanup", Time since last: 1000131100 ns, Reaching safepoint: 271900 ns, At safepoint: 9400 ns, Total: 281300 ns
[2021-05-18T07:59:05.901+0000][6][safepoint   ] Safepoint "Cleanup", Time since last: 1909199300 ns, Reaching safepoint: 826100 ns, At safepoint: 68600 ns, Total: 894700 ns
[2021-05-18T07:59:07.185+0000][6][safepoint   ] Safepoint "Cleanup", Time since last: 1283772600 ns, Reaching safepoint: 230000 ns, At safepoint: 11700 ns, Total: 241700 ns
[2021-05-18T07:59:08.397+0000][6][safepoint   ] Safepoint "Cleanup", Time since last: 1211719400 ns, Reaching safepoint: 370700 ns, At safepoint: 41800 ns, Total: 412500 ns
[2021-05-18T07:59:09.397+0000][6][safepoint   ] Safepoint "Cleanup", Time since last: 1000171400 ns, Reaching safepoint: 257900 ns, At safepoint: 9300 ns, Total: 267200 ns
[2021-05-18T07:59:10.401+0000][6][safepoint   ] Safepoint "Cleanup", Time since last: 1000149700 ns, Reaching safepoint: 3473100 ns, At safepoint: 28900 ns, Total: 3502000 ns
[2021-05-18T07:59:11.404+0000][6][safepoint   ] Safepoint "Cleanup", Time since last: 1002686300 ns, Reaching safepoint: 292900 ns, At safepoint: 37900 ns, Total: 330800 ns
[2021-05-18T07:59:12.416+0000][6][safepoint   ] Safepoint "Cleanup", Time since last: 1007318800 ns, Reaching safepoint: 5321200 ns, At safepoint: 14900 ns, Total: 5336100 ns
[2021-05-18T07:59:13.947+0000][6][safepoint   ] Safepoint "Cleanup", Time since last: 1530246400 ns, Reaching safepoint: 314400 ns, At safepoint: 9500 ns, Total: 323900 ns
[2021-05-18T07:59:14.958+0000][6][safepoint   ] Safepoint "Cleanup", Time since last: 1000129100 ns, Reaching safepoint: 11289700 ns, At safepoint: 16600 ns, Total: 11306300 ns
[2021-05-18T07:59:15.959+0000][6][safepoint   ] Safepoint "Cleanup", Time since last: 1000136800 ns, Reaching safepoint: 547500 ns, At safepoint: 12000 ns, Total: 559500 ns
[2021-05-18T07:59:16.378+0000][6][gc,start    ] GC(7) Pause Young (Concurrent Start) (Metadata GC Threshold)
[2021-05-18T07:59:16.378+0000][6][gc,task     ] GC(7) Using 5 workers of 5 for evacuation
[2021-05-18T07:59:16.378+0000][6][gc,age      ] GC(7) Desired survivor size 157286400 bytes, new threshold 15 (max threshold 15)
[2021-05-18T07:59:16.551+0000][6][gc,age      ] GC(7) Age table with threshold 15 (max threshold 15)
[2021-05-18T07:59:16.551+0000][6][gc,age      ] GC(7) - age   1:   40286792 bytes,   40286792 total
[2021-05-18T07:59:16.551+0000][6][gc,age      ] GC(7) - age   2:    1919240 bytes,   42206032 total
[2021-05-18T07:59:16.551+0000][6][gc,age      ] GC(7) - age   3:     490376 bytes,   42696408 total
[2021-05-18T07:59:16.551+0000][6][gc,age      ] GC(7) - age   4:    2045232 bytes,   44741640 total
[2021-05-18T07:59:16.551+0000][6][gc,age      ] GC(7) - age   5:     992488 bytes,   45734128 total
[2021-05-18T07:59:16.551+0000][6][gc,age      ] GC(7) - age   6:    1916664 bytes,   47650792 total
[2021-05-18T07:59:16.551+0000][6][gc,phases   ] GC(7)   Pre Evacuate Collection Set: 0.4ms
[2021-05-18T07:59:16.551+0000][6][gc,phases   ] GC(7)   Merge Heap Roots: 0.2ms
[2021-05-18T07:59:16.551+0000][6][gc,phases   ] GC(7)   Evacuate Collection Set: 159.3ms
[2021-05-18T07:59:16.551+0000][6][gc,phases   ] GC(7)   Post Evacuate Collection Set: 12.5ms
[2021-05-18T07:59:16.551+0000][6][gc,phases   ] GC(7)   Other: 0.5ms
[2021-05-18T07:59:16.551+0000][6][gc,heap     ] GC(7) Eden regions: 181->0(69)
[2021-05-18T07:59:16.551+0000][6][gc,heap     ] GC(7) Survivor regions: 2->12(75)
[2021-05-18T07:59:16.551+0000][6][gc,heap     ] GC(7) Old regions: 3->3
[2021-05-18T07:59:16.551+0000][6][gc,heap     ] GC(7) Archive regions: 2->2
[2021-05-18T07:59:16.551+0000][6][gc,heap     ] GC(7) Humongous regions: 0->0
[2021-05-18T07:59:16.551+0000][6][gc,metaspace] GC(7) Metaspace: 34698K(35520K)->34698K(35520K) NonClass: 30242K(30720K)->30242K(30720K) Class: 4456K(4800K)->4456K(4800K)
[2021-05-18T07:59:16.551+0000][6][gc          ] GC(7) Pause Young (Concurrent Start) (Metadata GC Threshold) 745M->59M(3988M) 173.079ms
[2021-05-18T07:59:16.551+0000][6][gc,cpu      ] GC(7) User=0.21s Sys=0.10s Real=0.17s
[2021-05-18T07:59:16.552+0000][6][safepoint   ] Safepoint "CollectForMetadataAllocation", Time since last: 419084300 ns, Reaching safepoint: 125400 ns, At safepoint: 173280400 ns, Total: 173405800 ns
[2021-05-18T07:59:16.560+0000][6][gc          ] GC(8) Concurrent Mark Cycle
[2021-05-18T07:59:16.560+0000][6][gc,marking  ] GC(8) Concurrent Clear Claimed Marks
[2021-05-18T07:59:16.560+0000][6][gc,marking  ] GC(8) Concurrent Clear Claimed Marks 0.056ms
[2021-05-18T07:59:16.560+0000][6][gc,marking  ] GC(8) Concurrent Scan Root Regions
[2021-05-18T07:59:16.619+0000][6][safepoint   ] Safepoint "CollectForMetadataAllocation", Time since last: 66590900 ns, Reaching safepoint: 238900 ns, At safepoint: 97100 ns, Total: 336000 ns
[2021-05-18T07:59:16.706+0000][6][gc,marking  ] GC(8) Concurrent Scan Root Regions 145.780ms
[2021-05-18T07:59:16.706+0000][6][gc,marking  ] GC(8) Concurrent Mark
[2021-05-18T07:59:16.706+0000][6][gc,marking  ] GC(8) Concurrent Mark From Roots
[2021-05-18T07:59:16.706+0000][6][gc,task     ] GC(8) Using 1 workers of 1 for marking
[2021-05-18T07:59:16.754+0000][6][gc,marking  ] GC(8) Concurrent Mark From Roots 47.730ms
[2021-05-18T07:59:16.782+0000][6][gc,marking  ] GC(8) Concurrent Preclean
[2021-05-18T07:59:16.782+0000][6][gc,marking  ] GC(8) Concurrent Preclean 0.161ms
[2021-05-18T07:59:16.794+0000][6][gc,start    ] GC(8) Pause Remark
[2021-05-18T07:59:16.814+0000][6][gc          ] GC(8) Pause Remark 63M->63M(3988M) 20.622ms
[2021-05-18T07:59:16.814+0000][6][gc,cpu      ] GC(8) User=0.01s Sys=0.01s Real=0.02s
[2021-05-18T07:59:16.814+0000][6][safepoint   ] Safepoint "G1Concurrent", Time since last: 164376700 ns, Reaching safepoint: 10664500 ns, At safepoint: 20759000 ns, Total: 31423500 ns
[2021-05-18T07:59:16.814+0000][6][gc,marking  ] GC(8) Concurrent Mark 108.144ms
[2021-05-18T07:59:16.814+0000][6][gc,marking  ] GC(8) Concurrent Rebuild Remembered Sets
[2021-05-18T07:59:16.830+0000][6][gc,marking  ] GC(8) Concurrent Rebuild Remembered Sets 15.640ms
[2021-05-18T07:59:16.836+0000][6][gc,start    ] GC(8) Pause Cleanup
[2021-05-18T07:59:16.836+0000][6][gc          ] GC(8) Pause Cleanup 63M->63M(3988M) 0.315ms
[2021-05-18T07:59:16.836+0000][6][gc,cpu      ] GC(8) User=0.00s Sys=0.00s Real=0.00s
[2021-05-18T07:59:16.836+0000][6][safepoint   ] Safepoint "G1Concurrent", Time since last: 15824900 ns, Reaching safepoint: 5517000 ns, At safepoint: 401100 ns, Total: 5918100 ns
[2021-05-18T07:59:16.836+0000][6][gc,marking  ] GC(8) Concurrent Cleanup for Next Mark
[2021-05-18T07:59:16.854+0000][6][gc,marking  ] GC(8) Concurrent Cleanup for Next Mark 18.106ms
[2021-05-18T07:59:16.854+0000][6][gc          ] GC(8) Concurrent Mark Cycle 294.077ms
[2021-05-18T07:59:17.861+0000][6][safepoint   ] Safepoint "Cleanup", Time since last: 1001607500 ns, Reaching safepoint: 22821000 ns, At safepoint: 26600 ns, Total: 22847600 ns
[2021-05-18T07:59:19.173+0000][6][safepoint   ] Safepoint "Cleanup", Time since last: 1307030600 ns, Reaching safepoint: 5588900 ns, At safepoint: 77500 ns, Total: 5666400 ns
[2021-05-18T07:59:20.180+0000][6][safepoint   ] Safepoint "Cleanup", Time since last: 1006426400 ns, Reaching safepoint: 183900 ns, At safepoint: 37600 ns, Total: 221500 ns
[2021-05-18T07:59:21.661+0000][6][safepoint   ] Safepoint "Cleanup", Time since last: 1481052700 ns, Reaching safepoint: 207200 ns, At safepoint: 8600 ns, Total: 215800 ns
[2021-05-18T07:59:22.662+0000][6][safepoint   ] Safepoint "Cleanup", Time since last: 1000162200 ns, Reaching safepoint: 370000 ns, At safepoint: 103800 ns, Total: 473800 ns
[2021-05-18T07:59:24.036+0000][6][safepoint   ] Safepoint "Cleanup", Time since last: 1373768900 ns, Reaching safepoint: 284400 ns, At safepoint: 66200 ns, Total: 350600 ns
[2021-05-18T07:59:24.554+0000][6][safepoint   ] Safepoint "ICBufferFull", Time since last: 517556600 ns, Reaching safepoint: 818200 ns, At safepoint: 49800 ns, Total: 868000 ns
[2021-05-18T07:59:24.649+0000][6][gc,start    ] GC(9) Pause Young (Concurrent Start) (Metadata GC Threshold)
[2021-05-18T07:59:24.649+0000][6][gc,task     ] GC(9) Using 5 workers of 5 for evacuation
[2021-05-18T07:59:24.649+0000][6][gc,age      ] GC(9) Desired survivor size 39845888 bytes, new threshold 1 (max threshold 15)
[2021-05-18T07:59:24.709+0000][6][gc,age      ] GC(9) Age table with threshold 1 (max threshold 15)
[2021-05-18T07:59:24.709+0000][6][gc,age      ] GC(9) - age   1:   11547352 bytes,   11547352 total
[2021-05-18T07:59:24.709+0000][6][gc,phases   ] GC(9)   Pre Evacuate Collection Set: 0.3ms
[2021-05-18T07:59:24.709+0000][6][gc,phases   ] GC(9)   Merge Heap Roots: 0.2ms
[2021-05-18T07:59:24.709+0000][6][gc,phases   ] GC(9)   Evacuate Collection Set: 57.1ms
[2021-05-18T07:59:24.709+0000][6][gc,phases   ] GC(9)   Post Evacuate Collection Set: 2.7ms
[2021-05-18T07:59:24.710+0000][6][gc,phases   ] GC(9)   Other: 0.4ms
[2021-05-18T07:59:24.710+0000][6][gc,heap     ] GC(9) Eden regions: 99->0(160)
[2021-05-18T07:59:24.710+0000][6][gc,heap     ] GC(9) Survivor regions: 12->4(19)
[2021-05-18T07:59:24.710+0000][6][gc,heap     ] GC(9) Old regions: 3->14
[2021-05-18T07:59:24.710+0000][6][gc,heap     ] GC(9) Archive regions: 2->2
[2021-05-18T07:59:24.710+0000][6][gc,heap     ] GC(9) Humongous regions: 0->0
[2021-05-18T07:59:24.710+0000][6][gc,metaspace] GC(9) Metaspace: 59200K(60288K)->59200K(60288K) NonClass: 51372K(51968K)->51372K(51968K) Class: 7828K(8320K)->7828K(8320K)
[2021-05-18T07:59:24.710+0000][6][gc          ] GC(9) Pause Young (Concurrent Start) (Metadata GC Threshold) 453M->74M(3988M) 60.881ms
[2021-05-18T07:59:24.710+0000][6][gc,cpu      ] GC(9) User=0.23s Sys=0.01s Real=0.06s
[2021-05-18T07:59:24.710+0000][6][gc          ] GC(10) Concurrent Mark Cycle
[2021-05-18T07:59:24.710+0000][6][gc,marking  ] GC(10) Concurrent Clear Claimed Marks
[2021-05-18T07:59:24.710+0000][6][safepoint   ] Safepoint "CollectForMetadataAllocation", Time since last: 94192300 ns, Reaching safepoint: 182900 ns, At safepoint: 61136500 ns, Total: 61319400 ns
[2021-05-18T07:59:24.710+0000][6][gc,marking  ] GC(10) Concurrent Clear Claimed Marks 0.070ms
[2021-05-18T07:59:24.710+0000][6][gc,marking  ] GC(10) Concurrent Scan Root Regions
[2021-05-18T07:59:24.753+0000][6][gc,marking  ] GC(10) Concurrent Scan Root Regions 43.002ms
[2021-05-18T07:59:24.753+0000][6][gc,marking  ] GC(10) Concurrent Mark
[2021-05-18T07:59:24.753+0000][6][gc,marking  ] GC(10) Concurrent Mark From Roots
[2021-05-18T07:59:24.753+0000][6][gc,task     ] GC(10) Using 1 workers of 1 for marking
[2021-05-18T07:59:24.773+0000][6][gc,marking  ] GC(10) Concurrent Mark From Roots 20.234ms
[2021-05-18T07:59:24.773+0000][6][gc,marking  ] GC(10) Concurrent Preclean
[2021-05-18T07:59:24.773+0000][6][gc,marking  ] GC(10) Concurrent Preclean 0.145ms
[2021-05-18T07:59:24.774+0000][6][gc,start    ] GC(10) Pause Remark
[2021-05-18T07:59:24.781+0000][6][gc          ] GC(10) Pause Remark 76M->76M(3988M) 6.787ms
[2021-05-18T07:59:24.781+0000][6][gc,cpu      ] GC(10) User=0.03s Sys=0.00s Real=0.00s
[2021-05-18T07:59:24.781+0000][6][safepoint   ] Safepoint "G1Concurrent", Time since last: 63637000 ns, Reaching safepoint: 416300 ns, At safepoint: 6896100 ns, Total: 7312400 ns
[2021-05-18T07:59:24.781+0000][6][gc,marking  ] GC(10) Concurrent Mark 27.889ms
[2021-05-18T07:59:24.781+0000][6][gc,marking  ] GC(10) Concurrent Rebuild Remembered Sets
[2021-05-18T07:59:24.830+0000][6][gc,marking  ] GC(10) Concurrent Rebuild Remembered Sets 49.620ms
[2021-05-18T07:59:24.831+0000][6][gc,start    ] GC(10) Pause Cleanup
[2021-05-18T07:59:24.831+0000][6][gc          ] GC(10) Pause Cleanup 78M->78M(3988M) 0.215ms
[2021-05-18T07:59:24.831+0000][6][gc,cpu      ] GC(10) User=0.00s Sys=0.00s Real=0.00s
[2021-05-18T07:59:24.831+0000][6][safepoint   ] Safepoint "G1Concurrent", Time since last: 49889900 ns, Reaching safepoint: 236200 ns, At safepoint: 352400 ns, Total: 588600 ns
[2021-05-18T07:59:24.831+0000][6][gc,marking  ] GC(10) Concurrent Cleanup for Next Mark
[2021-05-18T07:59:24.837+0000][6][gc,marking  ] GC(10) Concurrent Cleanup for Next Mark 5.894ms
[2021-05-18T07:59:24.837+0000][6][gc          ] GC(10) Concurrent Mark Cycle 127.530ms
[2021-05-18T07:59:25.832+0000][6][safepoint   ] Safepoint "Cleanup", Time since last: 1000143600 ns, Reaching safepoint: 400500 ns, At safepoint: 50200 ns, Total: 450700 ns
[2021-05-18T07:59:27.019+0000][6][safepoint   ] Safepoint "Cleanup", Time since last: 1187342000 ns, Reaching safepoint: 240100 ns, At safepoint: 38700 ns, Total: 278800 ns
[2021-05-18T07:59:28.020+0000][6][safepoint   ] Safepoint "Cleanup", Time since last: 1000156100 ns, Reaching safepoint: 491000 ns, At safepoint: 41800 ns, Total: 532800 ns
[2021-05-18T07:59:28.607+0000][6][safepoint   ] Safepoint "ICBufferFull", Time since last: 586242100 ns, Reaching safepoint: 182900 ns, At safepoint: 34000 ns, Total: 216900 ns
[2021-05-18T07:59:28.928+0000][6][safepoint   ] Safepoint "ICBufferFull", Time since last: 321345100 ns, Reaching safepoint: 342500 ns, At safepoint: 70000 ns, Total: 412500 ns
[2021-05-18T07:59:30.106+0000][6][safepoint   ] Safepoint "Cleanup", Time since last: 1177205300 ns, Reaching safepoint: 209600 ns, At safepoint: 9300 ns, Total: 218900 ns
[2021-05-18T07:59:31.078+0000][6][safepoint   ] Safepoint "ICBufferFull", Time since last: 972091800 ns, Reaching safepoint: 445200 ns, At safepoint: 102200 ns, Total: 547400 ns
[2021-05-18T07:59:32.079+0000][6][safepoint   ] Safepoint "Cleanup", Time since last: 1000154700 ns, Reaching safepoint: 405900 ns, At safepoint: 56600 ns, Total: 462500 ns
[2021-05-18T07:59:32.640+0000][6][safepoint   ] Safepoint "ICBufferFull", Time since last: 560458400 ns, Reaching safepoint: 415800 ns, At safepoint: 11600 ns, Total: 427400 ns
[2021-05-18T07:59:33.372+0000][6][safepoint   ] Safepoint "ICBufferFull", Time since last: 731963900 ns, Reaching safepoint: 298500 ns, At safepoint: 44900 ns, Total: 343400 ns
[2021-05-18T07:59:34.429+0000][6][safepoint   ] Safepoint "ICBufferFull", Time since last: 1056710500 ns, Reaching safepoint: 286300 ns, At safepoint: 13400 ns, Total: 299700 ns
[2021-05-18T07:59:35.327+0000][6][safepoint   ] Safepoint "ICBufferFull", Time since last: 897443900 ns, Reaching safepoint: 221400 ns, At safepoint: 32400 ns, Total: 253800 ns
[2021-05-18T07:59:35.717+0000][6][gc,start    ] GC(11) Pause Young (Concurrent Start) (Metadata GC Threshold)
[2021-05-18T07:59:35.717+0000][6][gc,task     ] GC(11) Using 5 workers of 5 for evacuation
[2021-05-18T07:59:35.717+0000][6][gc,age      ] GC(11) Desired survivor size 52428800 bytes, new threshold 15 (max threshold 15)
[2021-05-18T07:59:35.743+0000][6][gc,age      ] GC(11) Age table with threshold 15 (max threshold 15)
[2021-05-18T07:59:35.743+0000][6][gc,age      ] GC(11) - age   1:   26398744 bytes,   26398744 total
[2021-05-18T07:59:35.743+0000][6][gc,age      ] GC(11) - age   2:   10948048 bytes,   37346792 total
[2021-05-18T07:59:35.743+0000][6][gc,phases   ] GC(11)   Pre Evacuate Collection Set: 0.3ms
[2021-05-18T07:59:35.743+0000][6][gc,phases   ] GC(11)   Merge Heap Roots: 0.2ms
[2021-05-18T07:59:35.743+0000][6][gc,phases   ] GC(11)   Evacuate Collection Set: 22.6ms
[2021-05-18T07:59:35.743+0000][6][gc,phases   ] GC(11)   Post Evacuate Collection Set: 2.6ms
[2021-05-18T07:59:35.743+0000][6][gc,phases   ] GC(11)   Other: 0.4ms
[2021-05-18T07:59:35.743+0000][6][gc,heap     ] GC(11) Eden regions: 117->0(60)
[2021-05-18T07:59:35.743+0000][6][gc,heap     ] GC(11) Survivor regions: 4->10(25)
[2021-05-18T07:59:35.743+0000][6][gc,heap     ] GC(11) Old regions: 14->14
[2021-05-18T07:59:35.743+0000][6][gc,heap     ] GC(11) Archive regions: 2->2
[2021-05-18T07:59:35.743+0000][6][gc,heap     ] GC(11) Humongous regions: 2->2
[2021-05-18T07:59:35.743+0000][6][gc,metaspace] GC(11) Metaspace: 99187K(100608K)->99187K(100608K) NonClass: 85658K(86464K)->85658K(86464K) Class: 13528K(14144K)->13528K(14144K)
[2021-05-18T07:59:35.743+0000][6][gc          ] GC(11) Pause Young (Concurrent Start) (Metadata GC Threshold) 547M->105M(3988M) 26.117ms
[2021-05-18T07:59:35.743+0000][6][gc,cpu      ] GC(11) User=0.10s Sys=0.01s Real=0.03s
[2021-05-18T07:59:35.743+0000][6][gc          ] GC(12) Concurrent Mark Cycle
[2021-05-18T07:59:35.743+0000][6][gc,marking  ] GC(12) Concurrent Clear Claimed Marks
[2021-05-18T07:59:35.743+0000][6][gc,marking  ] GC(12) Concurrent Clear Claimed Marks 0.063ms
[2021-05-18T07:59:35.743+0000][6][gc,marking  ] GC(12) Concurrent Scan Root Regions
[2021-05-18T07:59:35.743+0000][6][safepoint   ] Safepoint "CollectForMetadataAllocation", Time since last: 383593600 ns, Reaching safepoint: 6041100 ns, At safepoint: 26388000 ns, Total: 32429100 ns
[2021-05-18T07:59:35.800+0000][6][gc,marking  ] GC(12) Concurrent Scan Root Regions 57.487ms
[2021-05-18T07:59:35.800+0000][6][gc,marking  ] GC(12) Concurrent Mark
[2021-05-18T07:59:35.800+0000][6][gc,marking  ] GC(12) Concurrent Mark From Roots
[2021-05-18T07:59:35.801+0000][6][gc,task     ] GC(12) Using 1 workers of 1 for marking
[2021-05-18T07:59:35.813+0000][6][safepoint   ] Safepoint "CollectForMetadataAllocation", Time since last: 69722100 ns, Reaching safepoint: 510800 ns, At safepoint: 106200 ns, Total: 617000 ns
[2021-05-18T07:59:35.951+0000][6][safepoint   ] Safepoint "CollectForMetadataAllocation", Time since last: 137586500 ns, Reaching safepoint: 167000 ns, At safepoint: 108400 ns, Total: 275400 ns
[2021-05-18T07:59:35.976+0000][6][gc,marking  ] GC(12) Concurrent Mark From Roots 175.245ms
[2021-05-18T07:59:35.976+0000][6][gc,marking  ] GC(12) Concurrent Preclean
[2021-05-18T07:59:35.976+0000][6][gc,marking  ] GC(12) Concurrent Preclean 0.421ms
[2021-05-18T07:59:35.976+0000][6][gc,start    ] GC(12) Pause Remark
[2021-05-18T07:59:35.984+0000][6][gc          ] GC(12) Pause Remark 138M->138M(3988M) 7.630ms
[2021-05-18T07:59:35.984+0000][6][gc,cpu      ] GC(12) User=0.02s Sys=0.00s Real=0.01s
[2021-05-18T07:59:35.984+0000][6][safepoint   ] Safepoint "G1Concurrent", Time since last: 25065300 ns, Reaching safepoint: 201100 ns, At safepoint: 7775400 ns, Total: 7976500 ns
[2021-05-18T07:59:35.984+0000][6][gc,marking  ] GC(12) Concurrent Mark 183.809ms
[2021-05-18T07:59:35.984+0000][6][gc,marking  ] GC(12) Concurrent Rebuild Remembered Sets
[2021-05-18T07:59:36.111+0000][6][gc,marking  ] GC(12) Concurrent Rebuild Remembered Sets 126.617ms
[2021-05-18T07:59:36.111+0000][6][gc,start    ] GC(12) Pause Cleanup
[2021-05-18T07:59:36.112+0000][6][gc          ] GC(12) Pause Cleanup 157M->157M(3988M) 0.435ms
[2021-05-18T07:59:36.112+0000][6][gc,cpu      ] GC(12) User=0.00s Sys=0.00s Real=0.00s
[2021-05-18T07:59:36.112+0000][6][safepoint   ] Safepoint "G1Concurrent", Time since last: 126795200 ns, Reaching safepoint: 118900 ns, At safepoint: 561500 ns, Total: 680400 ns
[2021-05-18T07:59:36.112+0000][6][gc,marking  ] GC(12) Concurrent Cleanup for Next Mark
[2021-05-18T07:59:36.122+0000][6][gc,marking  ] GC(12) Concurrent Cleanup for Next Mark 10.194ms
[2021-05-18T07:59:36.122+0000][6][gc          ] GC(12) Concurrent Mark Cycle 379.600ms
[2021-05-18T07:59:36.813+0000][6][safepoint   ] Safepoint "ICBufferFull", Time since last: 700666300 ns, Reaching safepoint: 236600 ns, At safepoint: 45000 ns, Total: 281600 ns
[2021-05-18T07:59:37.813+0000][6][safepoint   ] Safepoint "Cleanup", Time since last: 1000201300 ns, Reaching safepoint: 385500 ns, At safepoint: 49600 ns, Total: 435100 ns
[2021-05-18T07:59:38.814+0000][6][safepoint   ] Safepoint "Cleanup", Time since last: 1000146700 ns, Reaching safepoint: 188600 ns, At safepoint: 13400 ns, Total: 202000 ns
[2021-05-18T07:59:39.814+0000][6][safepoint   ] Safepoint "Cleanup", Time since last: 1000183300 ns, Reaching safepoint: 279800 ns, At safepoint: 11600 ns, Total: 291400 ns
[2021-05-18T07:59:41.125+0000][6][safepoint   ] Safepoint "ICBufferFull", Time since last: 1310638300 ns, Reaching safepoint: 326400 ns, At safepoint: 68300 ns, Total: 394700 ns
[2021-05-18T07:59:42.125+0000][6][safepoint   ] Safepoint "Cleanup", Time since last: 1000210500 ns, Reaching safepoint: 134300 ns, At safepoint: 6500 ns, Total: 140800 ns
[2021-05-18T07:59:43.126+0000][6][safepoint   ] Safepoint "Cleanup", Time since last: 1000153100 ns, Reaching safepoint: 153500 ns, At safepoint: 6300 ns, Total: 159800 ns
[2021-05-18T07:59:43.642+0000][6][safepoint   ] Safepoint "ICBufferFull", Time since last: 516251400 ns, Reaching safepoint: 368100 ns, At safepoint: 28200 ns, Total: 396300 ns
[2021-05-18T07:59:44.643+0000][6][safepoint   ] Safepoint "Cleanup", Time since last: 1000151600 ns, Reaching safepoint: 228000 ns, At safepoint: 46100 ns, Total: 274100 ns
[2021-05-18T07:59:45.662+0000][6][safepoint   ] Safepoint "ICBufferFull", Time since last: 1019088600 ns, Reaching safepoint: 373000 ns, At safepoint: 34700 ns, Total: 407700 ns
[2021-05-18T07:59:46.663+0000][6][safepoint   ] Safepoint "Cleanup", Time since last: 1000174700 ns, Reaching safepoint: 325900 ns, At safepoint: 12300 ns, Total: 338200 ns
[2021-05-18T07:59:48.663+0000][6][safepoint   ] Safepoint "Cleanup", Time since last: 2000257000 ns, Reaching safepoint: 149100 ns, At safepoint: 7000 ns, Total: 156100 ns
[2021-05-18T07:59:49.664+0000][6][safepoint   ] Safepoint "Cleanup", Time since last: 1000274500 ns, Reaching safepoint: 167900 ns, At safepoint: 7400 ns, Total: 175300 ns
[2021-05-18T07:59:50.664+0000][6][safepoint   ] Safepoint "Cleanup", Time since last: 1000195500 ns, Reaching safepoint: 102900 ns, At safepoint: 9800 ns, Total: 112700 ns
[2021-05-18T07:59:51.664+0000][6][safepoint   ] Safepoint "Cleanup", Time since last: 1000248000 ns, Reaching safepoint: 126800 ns, At safepoint: 10200 ns, Total: 137000 ns
[2021-05-18T07:59:52.665+0000][6][safepoint   ] Safepoint "Cleanup", Time since last: 1000134200 ns, Reaching safepoint: 128900 ns, At safepoint: 7000 ns, Total: 135900 ns
[2021-05-18T07:59:53.665+0000][6][safepoint   ] Safepoint "Cleanup", Time since last: 1000152800 ns, Reaching safepoint: 100100 ns, At safepoint: 6700 ns, Total: 106800 ns
[2021-05-18T07:59:54.223+0000][6][gc,start    ] GC(13) Pause Young (Concurrent Start) (G1 Evacuation Pause)
[2021-05-18T07:59:54.223+0000][6][gc,task     ] GC(13) Using 5 workers of 5 for evacuation
[2021-05-18T07:59:54.224+0000][6][gc,age      ] GC(13) Desired survivor size 16777216 bytes, new threshold 1 (max threshold 15)
[2021-05-18T07:59:54.270+0000][6][gc,age      ] GC(13) Age table with threshold 1 (max threshold 15)
[2021-05-18T07:59:54.270+0000][6][gc,age      ] GC(13) - age   1:   10401112 bytes,   10401112 total
[2021-05-18T07:59:54.270+0000][6][gc,phases   ] GC(13)   Pre Evacuate Collection Set: 0.9ms
[2021-05-18T07:59:54.270+0000][6][gc,phases   ] GC(13)   Merge Heap Roots: 0.3ms
[2021-05-18T07:59:54.270+0000][6][gc,phases   ] GC(13)   Evacuate Collection Set: 43.4ms
[2021-05-18T07:59:54.270+0000][6][gc,phases   ] GC(13)   Post Evacuate Collection Set: 1.7ms
[2021-05-18T07:59:54.270+0000][6][gc,phases   ] GC(13)   Other: 0.4ms
[2021-05-18T07:59:54.270+0000][6][gc,heap     ] GC(13) Eden regions: 53->0(173)
[2021-05-18T07:59:54.270+0000][6][gc,heap     ] GC(13) Survivor regions: 10->4(8)
[2021-05-18T07:59:54.270+0000][6][gc,heap     ] GC(13) Old regions: 14->23
[2021-05-18T07:59:54.270+0000][6][gc,heap     ] GC(13) Archive regions: 2->2
[2021-05-18T07:59:54.270+0000][6][gc,heap     ] GC(13) Humongous regions: 2->2
[2021-05-18T07:59:54.270+0000][6][gc,metaspace] GC(13) Metaspace: 103548K(105152K)->103548K(105152K) NonClass: 89447K(90368K)->89447K(90368K) Class: 14100K(14784K)->14100K(14784K)
[2021-05-18T07:59:54.270+0000][6][gc          ] GC(13) Pause Young (Concurrent Start) (G1 Evacuation Pause) 317M->114M(3988M) 46.798ms
[2021-05-18T07:59:54.270+0000][6][gc,cpu      ] GC(13) User=0.12s Sys=0.00s Real=0.04s
[2021-05-18T07:59:54.270+0000][6][gc          ] GC(14) Concurrent Mark Cycle
[2021-05-18T07:59:54.270+0000][6][gc,marking  ] GC(14) Concurrent Clear Claimed Marks
[2021-05-18T07:59:54.270+0000][6][safepoint   ] Safepoint "G1CollectForAllocation", Time since last: 557685700 ns, Reaching safepoint: 503700 ns, At safepoint: 47003100 ns, Total: 47506800 ns
[2021-05-18T07:59:54.270+0000][6][gc,marking  ] GC(14) Concurrent Clear Claimed Marks 0.222ms
[2021-05-18T07:59:54.270+0000][6][gc,marking  ] GC(14) Concurrent Scan Root Regions
[2021-05-18T07:59:54.316+0000][6][gc,marking  ] GC(14) Concurrent Scan Root Regions 45.502ms
[2021-05-18T07:59:54.316+0000][6][gc,marking  ] GC(14) Concurrent Mark
[2021-05-18T07:59:54.316+0000][6][gc,marking  ] GC(14) Concurrent Mark From Roots
[2021-05-18T07:59:54.316+0000][6][gc,task     ] GC(14) Using 1 workers of 1 for marking
[2021-05-18T07:59:54.478+0000][6][gc,marking  ] GC(14) Concurrent Mark From Roots 162.052ms
[2021-05-18T07:59:54.478+0000][6][gc,marking  ] GC(14) Concurrent Preclean
[2021-05-18T07:59:54.479+0000][6][gc,marking  ] GC(14) Concurrent Preclean 0.674ms
[2021-05-18T07:59:54.479+0000][6][gc,start    ] GC(14) Pause Remark
[2021-05-18T07:59:54.486+0000][6][gc          ] GC(14) Pause Remark 122M->122M(3988M) 7.444ms
[2021-05-18T07:59:54.486+0000][6][gc,cpu      ] GC(14) User=0.03s Sys=0.00s Real=0.01s
[2021-05-18T07:59:54.486+0000][6][safepoint   ] Safepoint "G1Concurrent", Time since last: 208664600 ns, Reaching safepoint: 105600 ns, At safepoint: 7556300 ns, Total: 7661900 ns
[2021-05-18T07:59:54.487+0000][6][gc,marking  ] GC(14) Concurrent Mark 170.633ms
[2021-05-18T07:59:54.487+0000][6][gc,marking  ] GC(14) Concurrent Rebuild Remembered Sets
[2021-05-18T07:59:54.596+0000][6][gc,marking  ] GC(14) Concurrent Rebuild Remembered Sets 109.713ms
[2021-05-18T07:59:54.597+0000][6][gc,start    ] GC(14) Pause Cleanup
[2021-05-18T07:59:54.597+0000][6][gc          ] GC(14) Pause Cleanup 123M->123M(3988M) 0.218ms
[2021-05-18T07:59:54.597+0000][6][gc,cpu      ] GC(14) User=0.00s Sys=0.00s Real=0.00s
[2021-05-18T07:59:54.597+0000][6][safepoint   ] Safepoint "G1Concurrent", Time since last: 110061700 ns, Reaching safepoint: 77800 ns, At safepoint: 302400 ns, Total: 380200 ns
[2021-05-18T07:59:54.597+0000][6][gc,marking  ] GC(14) Concurrent Cleanup for Next Mark
[2021-05-18T07:59:54.605+0000][6][gc,marking  ] GC(14) Concurrent Cleanup for Next Mark 7.555ms
[2021-05-18T07:59:54.605+0000][6][gc          ] GC(14) Concurrent Mark Cycle 335.349ms
[2021-05-18T07:59:55.597+0000][6][safepoint   ] Safepoint "Cleanup", Time since last: 1000120700 ns, Reaching safepoint: 182200 ns, At safepoint: 10600 ns, Total: 192800 ns
[2021-05-18T07:59:56.598+0000][6][safepoint   ] Safepoint "Cleanup", Time since last: 1000143700 ns, Reaching safepoint: 153800 ns, At safepoint: 11000 ns, Total: 164800 ns
[2021-05-18T07:59:57.598+0000][6][safepoint   ] Safepoint "Cleanup", Time since last: 1000140200 ns, Reaching safepoint: 165100 ns, At safepoint: 9400 ns, Total: 174500 ns
[2021-05-18T07:59:58.598+0000][6][safepoint   ] Safepoint "Cleanup", Time since last: 1000127500 ns, Reaching safepoint: 142400 ns, At safepoint: 7300 ns, Total: 149700 ns
[2021-05-18T07:59:59.745+0000][6][safepoint   ] Safepoint "Cleanup", Time since last: 1147164700 ns, Reaching safepoint: 166100 ns, At safepoint: 7300 ns, Total: 173400 ns
[2021-05-18T08:00:00.746+0000][6][safepoint   ] Safepoint "Cleanup", Time since last: 1000143900 ns, Reaching safepoint: 140400 ns, At safepoint: 8200 ns, Total: 148600 ns
[2021-05-18T08:00:01.746+0000][6][safepoint   ] Safepoint "Cleanup", Time since last: 1000192000 ns, Reaching safepoint: 287000 ns, At safepoint: 8600 ns, Total: 295600 ns
[2021-05-18T08:00:02.747+0000][6][safepoint   ] Safepoint "Cleanup", Time since last: 1000167900 ns, Reaching safepoint: 469800 ns, At safepoint: 73400 ns, Total: 543200 ns
[2021-05-18T08:00:03.747+0000][6][safepoint   ] Safepoint "Cleanup", Time since last: 1000172400 ns, Reaching safepoint: 217500 ns, At safepoint: 34800 ns, Total: 252300 ns
[2021-05-18T08:00:04.748+0000][6][safepoint   ] Safepoint "Cleanup", Time since last: 1000144700 ns, Reaching safepoint: 188600 ns, At safepoint: 6300 ns, Total: 194900 ns
[2021-05-18T08:00:05.753+0000][6][safepoint   ] Safepoint "Cleanup", Time since last: 1004660000 ns, Reaching safepoint: 192900 ns, At safepoint: 9900 ns, Total: 202800 ns
[2021-05-18T08:00:06.753+0000][6][safepoint   ] Safepoint "Cleanup", Time since last: 1000184000 ns, Reaching safepoint: 188400 ns, At safepoint: 10900 ns, Total: 199300 ns
[2021-05-18T08:00:07.753+0000][6][safepoint   ] Safepoint "Cleanup", Time since last: 1000170000 ns, Reaching safepoint: 218900 ns, At safepoint: 42800 ns, Total: 261700 ns
[2021-05-18T08:00:08.754+0000][6][safepoint   ] Safepoint "Cleanup", Time since last: 1000157400 ns, Reaching safepoint: 198400 ns, At safepoint: 13000 ns, Total: 211400 ns
[2021-05-18T08:00:09.754+0000][6][safepoint   ] Safepoint "Cleanup", Time since last: 1000181300 ns, Reaching safepoint: 216100 ns, At safepoint: 11800 ns, Total: 227900 ns
[2021-05-18T08:00:10.755+0000][6][safepoint   ] Safepoint "Cleanup", Time since last: 1000187300 ns, Reaching safepoint: 244500 ns, At safepoint: 11400 ns, Total: 255900 ns
[2021-05-18T08:00:11.755+0000][6][safepoint   ] Safepoint "Cleanup", Time since last: 1000220500 ns, Reaching safepoint: 277000 ns, At safepoint: 11000 ns, Total: 288000 ns
[2021-05-18T08:00:12.756+0000][6][safepoint   ] Safepoint "Cleanup", Time since last: 1000207500 ns, Reaching safepoint: 216000 ns, At safepoint: 10700 ns, Total: 226700 ns
[2021-05-18T08:00:13.759+0000][6][safepoint   ] Safepoint "Cleanup", Time since last: 1002848800 ns, Reaching safepoint: 201100 ns, At safepoint: 11100 ns, Total: 212200 ns
[2021-05-18T08:00:14.759+0000][6][safepoint   ] Safepoint "Cleanup", Time since last: 1000166700 ns, Reaching safepoint: 176100 ns, At safepoint: 8800 ns, Total: 184900 ns
[2021-05-18T08:00:15.759+0000][6][safepoint   ] Safepoint "Cleanup", Time since last: 1000186000 ns, Reaching safepoint: 118400 ns, At safepoint: 8900 ns, Total: 127300 ns
[2021-05-18T08:00:16.760+0000][6][safepoint   ] Safepoint "Cleanup", Time since last: 1000174700 ns, Reaching safepoint: 128900 ns, At safepoint: 10100 ns, Total: 139000 ns
[2021-05-18T08:00:17.760+0000][6][safepoint   ] Safepoint "Cleanup", Time since last: 1000183700 ns, Reaching safepoint: 312200 ns, At safepoint: 11300 ns, Total: 323500 ns
[2021-05-18T08:00:18.761+0000][6][safepoint   ] Safepoint "Cleanup", Time since last: 1000198600 ns, Reaching safepoint: 186400 ns, At safepoint: 9200 ns, Total: 195600 ns
[2021-05-18T08:00:19.761+0000][6][safepoint   ] Safepoint "Cleanup", Time since last: 1000168500 ns, Reaching safepoint: 282200 ns, At safepoint: 10200 ns, Total: 292400 ns
[2021-05-18T08:00:20.761+0000][6][safepoint   ] Safepoint "Cleanup", Time since last: 1000199500 ns, Reaching safepoint: 133100 ns, At safepoint: 6500 ns, Total: 139600 ns
[2021-05-18T08:00:21.762+0000][6][safepoint   ] Safepoint "Cleanup", Time since last: 1000147300 ns, Reaching safepoint: 148000 ns, At safepoint: 7700 ns, Total: 155700 ns
[2021-05-18T08:00:22.762+0000][6][safepoint   ] Safepoint "Cleanup", Time since last: 1000164200 ns, Reaching safepoint: 262200 ns, At safepoint: 19800 ns, Total: 282000 ns
[2021-05-18T08:00:23.762+0000][6][safepoint   ] Safepoint "Cleanup", Time since last: 1000150100 ns, Reaching safepoint: 152500 ns, At safepoint: 9400 ns, Total: 161900 ns
[2021-05-18T08:00:24.763+0000][6][safepoint   ] Safepoint "Cleanup", Time since last: 1000152200 ns, Reaching safepoint: 162400 ns, At safepoint: 6900 ns, Total: 169300 ns
[2021-05-18T08:00:25.763+0000][6][safepoint   ] Safepoint "Cleanup", Time since last: 1000153300 ns, Reaching safepoint: 133400 ns, At safepoint: 6700 ns, Total: 140100 ns
[2021-05-18T08:00:28.764+0000][6][safepoint   ] Safepoint "Cleanup", Time since last: 3000332100 ns, Reaching safepoint: 155400 ns, At safepoint: 9900 ns, Total: 165300 ns
[2021-05-18T08:00:30.764+0000][6][safepoint   ] Safepoint "Cleanup", Time since last: 2000272400 ns, Reaching safepoint: 183300 ns, At safepoint: 48500 ns, Total: 231800 ns
[2021-05-18T08:00:31.764+0000][6][safepoint   ] Safepoint "Cleanup", Time since last: 1000155100 ns, Reaching safepoint: 162100 ns, At safepoint: 6800 ns, Total: 168900 ns
[2021-05-18T08:00:32.765+0000][6][safepoint   ] Safepoint "Cleanup", Time since last: 1000188100 ns, Reaching safepoint: 203600 ns, At safepoint: 46700 ns, Total: 250300 ns
[2021-05-18T08:00:33.765+0000][6][safepoint   ] Safepoint "Cleanup", Time since last: 1000147200 ns, Reaching safepoint: 151000 ns, At safepoint: 8100 ns, Total: 159100 ns
[2021-05-18T08:00:34.765+0000][6][safepoint   ] Safepoint "Cleanup", Time since last: 1000143700 ns, Reaching safepoint: 224000 ns, At safepoint: 12400 ns, Total: 236400 ns
[2021-05-18T08:00:35.766+0000][6][safepoint   ] Safepoint "Cleanup", Time since last: 1000228300 ns, Reaching safepoint: 110000 ns, At safepoint: 9500 ns, Total: 119500 ns
[2021-05-18T08:00:36.766+0000][6][safepoint   ] Safepoint "Cleanup", Time since last: 1000186700 ns, Reaching safepoint: 174100 ns, At safepoint: 6900 ns, Total: 181000 ns
[2021-05-18T08:00:37.766+0000][6][safepoint   ] Safepoint "Cleanup", Time since last: 1000140800 ns, Reaching safepoint: 129100 ns, At safepoint: 6100 ns, Total: 135200 ns
[2021-05-18T08:00:38.767+0000][6][safepoint   ] Safepoint "Cleanup", Time since last: 1000154000 ns, Reaching safepoint: 177800 ns, At safepoint: 8900 ns, Total: 186700 ns
[2021-05-18T08:00:39.767+0000][6][safepoint   ] Safepoint "Cleanup", Time since last: 1000168900 ns, Reaching safepoint: 152300 ns, At safepoint: 6200 ns, Total: 158500 ns
[2021-05-18T08:00:40.767+0000][6][safepoint   ] Safepoint "Cleanup", Time since last: 1000145600 ns, Reaching safepoint: 162300 ns, At safepoint: 11400 ns, Total: 173700 ns
[2021-05-18T08:00:42.768+0000][6][safepoint   ] Safepoint "Cleanup", Time since last: 2000248200 ns, Reaching safepoint: 165000 ns, At safepoint: 6700 ns, Total: 171700 ns
[2021-05-18T08:00:43.768+0000][6][safepoint   ] Safepoint "Cleanup", Time since last: 1000153000 ns, Reaching safepoint: 212300 ns, At safepoint: 8700 ns, Total: 221000 ns
[2021-05-18T08:00:44.769+0000][6][safepoint   ] Safepoint "Cleanup", Time since last: 1000145300 ns, Reaching safepoint: 187100 ns, At safepoint: 10100 ns, Total: 197200 ns
[2021-05-18T08:00:45.769+0000][6][safepoint   ] Safepoint "Cleanup", Time since last: 1000219900 ns, Reaching safepoint: 148500 ns, At safepoint: 6500 ns, Total: 155000 ns
[2021-05-18T08:00:46.769+0000][6][safepoint   ] Safepoint "Cleanup", Time since last: 1000175300 ns, Reaching safepoint: 154900 ns, At safepoint: 9900 ns, Total: 164800 ns
[2021-05-18T08:00:47.770+0000][6][safepoint   ] Safepoint "Cleanup", Time since last: 1000146000 ns, Reaching safepoint: 227700 ns, At safepoint: 10700 ns, Total: 238400 ns
[2021-05-18T08:00:49.014+0000][6][safepoint   ] Safepoint "Cleanup", Time since last: 1244020300 ns, Reaching safepoint: 327600 ns, At safepoint: 10400 ns, Total: 338000 ns
[2021-05-18T08:00:50.014+0000][6][safepoint   ] Safepoint "Cleanup", Time since last: 1000139300 ns, Reaching safepoint: 141900 ns, At safepoint: 6400 ns, Total: 148300 ns
[2021-05-18T08:00:51.015+0000][6][safepoint   ] Safepoint "Cleanup", Time since last: 1000167300 ns, Reaching safepoint: 109700 ns, At safepoint: 6200 ns, Total: 115900 ns
[2021-05-18T08:00:53.015+0000][6][safepoint   ] Safepoint "Cleanup", Time since last: 2000307900 ns, Reaching safepoint: 173600 ns, At safepoint: 7800 ns, Total: 181400 ns
[2021-05-18T08:00:56.016+0000][6][safepoint   ] Safepoint "Cleanup", Time since last: 3000388600 ns, Reaching safepoint: 433100 ns, At safepoint: 46000 ns, Total: 479100 ns
[2021-05-18T08:00:57.016+0000][6][safepoint   ] Safepoint "Cleanup", Time since last: 1000174700 ns, Reaching safepoint: 190100 ns, At safepoint: 79600 ns, Total: 269700 ns
[2021-05-18T08:00:58.016+0000][6][safepoint   ] Safepoint "Cleanup", Time since last: 1000137100 ns, Reaching safepoint: 103000 ns, At safepoint: 11700 ns, Total: 114700 ns
[2021-05-18T08:00:59.017+0000][6][safepoint   ] Safepoint "Cleanup", Time since last: 1000136400 ns, Reaching safepoint: 201500 ns, At safepoint: 10300 ns, Total: 211800 ns
[2021-05-18T08:01:00.017+0000][6][safepoint   ] Safepoint "Cleanup", Time since last: 1000199300 ns, Reaching safepoint: 281200 ns, At safepoint: 11400 ns, Total: 292600 ns
[2021-05-18T08:01:01.018+0000][6][safepoint   ] Safepoint "Cleanup", Time since last: 1000179000 ns, Reaching safepoint: 125700 ns, At safepoint: 6200 ns, Total: 131900 ns
[2021-05-18T08:01:02.018+0000][6][safepoint   ] Safepoint "Cleanup", Time since last: 1000152500 ns, Reaching safepoint: 164700 ns, At safepoint: 6100 ns, Total: 170800 ns
[2021-05-18T08:01:03.018+0000][6][safepoint   ] Safepoint "Cleanup", Time since last: 1000128400 ns, Reaching safepoint: 165200 ns, At safepoint: 6600 ns, Total: 171800 ns
[2021-05-18T08:01:05.019+0000][6][safepoint   ] Safepoint "Cleanup", Time since last: 2000327900 ns, Reaching safepoint: 363500 ns, At safepoint: 51300 ns, Total: 414800 ns
[2021-05-18T08:01:06.020+0000][6][safepoint   ] Safepoint "Cleanup", Time since last: 1000224900 ns, Reaching safepoint: 273100 ns, At safepoint: 12200 ns, Total: 285300 ns
[2021-05-18T08:01:07.020+0000][6][safepoint   ] Safepoint "Cleanup", Time since last: 1000160100 ns, Reaching safepoint: 179300 ns, At safepoint: 10700 ns, Total: 190000 ns
[2021-05-18T08:01:08.020+0000][6][safepoint   ] Safepoint "Cleanup", Time since last: 1000160500 ns, Reaching safepoint: 218000 ns, At safepoint: 10200 ns, Total: 228200 ns
[2021-05-18T08:01:11.021+0000][6][safepoint   ] Safepoint "Cleanup", Time since last: 3000454400 ns, Reaching safepoint: 213900 ns, At safepoint: 10400 ns, Total: 224300 ns
[2021-05-18T08:01:12.021+0000][6][safepoint   ] Safepoint "Cleanup", Time since last: 1000185000 ns, Reaching safepoint: 180900 ns, At safepoint: 9800 ns, Total: 190700 ns
[2021-05-18T08:01:13.022+0000][6][safepoint   ] Safepoint "Cleanup", Time since last: 1000170800 ns, Reaching safepoint: 156800 ns, At safepoint: 13200 ns, Total: 170000 ns
[2021-05-18T08:01:14.022+0000][6][safepoint   ] Safepoint "Cleanup", Time since last: 1000296200 ns, Reaching safepoint: 231700 ns, At safepoint: 11700 ns, Total: 243400 ns
[2021-05-18T08:01:15.023+0000][6][safepoint   ] Safepoint "Cleanup", Time since last: 1000164000 ns, Reaching safepoint: 313800 ns, At safepoint: 44100 ns, Total: 357900 ns
[2021-05-18T08:01:16.023+0000][6][safepoint   ] Safepoint "Cleanup", Time since last: 1000189700 ns, Reaching safepoint: 183400 ns, At safepoint: 40200 ns, Total: 223600 ns
[2021-05-18T08:01:17.024+0000][6][safepoint   ] Safepoint "Cleanup", Time since last: 1000181200 ns, Reaching safepoint: 86300 ns, At safepoint: 10000 ns, Total: 96300 ns
[2021-05-18T08:01:18.024+0000][6][safepoint   ] Safepoint "Cleanup", Time since last: 1000170300 ns, Reaching safepoint: 266500 ns, At safepoint: 13300 ns, Total: 279800 ns
[2021-05-18T08:01:20.025+0000][6][safepoint   ] Safepoint "Cleanup", Time since last: 2000342300 ns, Reaching safepoint: 139700 ns, At safepoint: 7000 ns, Total: 146700 ns
[2021-05-18T08:01:21.025+0000][6][safepoint   ] Safepoint "Cleanup", Time since last: 1000160200 ns, Reaching safepoint: 164500 ns, At safepoint: 12900 ns, Total: 177400 ns
[2021-05-18T08:01:22.025+0000][6][safepoint   ] Safepoint "Cleanup", Time since last: 1000198900 ns, Reaching safepoint: 130400 ns, At safepoint: 6900 ns, Total: 137300 ns
[2021-05-18T08:01:23.026+0000][6][safepoint   ] Safepoint "Cleanup", Time since last: 1000139000 ns, Reaching safepoint: 196700 ns, At safepoint: 7000 ns, Total: 203700 ns
[2021-05-18T08:01:24.026+0000][6][safepoint   ] Safepoint "Cleanup", Time since last: 1000139000 ns, Reaching safepoint: 150500 ns, At safepoint: 8200 ns, Total: 158700 ns
[2021-05-18T08:01:25.026+0000][6][safepoint   ] Safepoint "Cleanup", Time since last: 1000163600 ns, Reaching safepoint: 141200 ns, At safepoint: 7300 ns, Total: 148500 ns
[2021-05-18T08:01:26.026+0000][6][safepoint   ] Safepoint "Cleanup", Time since last: 1000177800 ns, Reaching safepoint: 132600 ns, At safepoint: 6500 ns, Total: 139100 ns
[2021-05-18T08:01:27.027+0000][6][safepoint   ] Safepoint "Cleanup", Time since last: 1000149500 ns, Reaching safepoint: 189700 ns, At safepoint: 9900 ns, Total: 199600 ns
[2021-05-18T08:01:28.027+0000][6][safepoint   ] Safepoint "Cleanup", Time since last: 1000145600 ns, Reaching safepoint: 163200 ns, At safepoint: 7900 ns, Total: 171100 ns
[2021-05-18T08:01:29.027+0000][6][safepoint   ] Safepoint "Cleanup", Time since last: 1000185100 ns, Reaching safepoint: 152300 ns, At safepoint: 7300 ns, Total: 159600 ns
[2021-05-18T08:01:30.028+0000][6][safepoint   ] Safepoint "Cleanup", Time since last: 1000142600 ns, Reaching safepoint: 190400 ns, At safepoint: 10100 ns, Total: 200500 ns
[2021-05-18T08:01:31.029+0000][6][safepoint   ] Safepoint "Cleanup", Time since last: 1000287100 ns, Reaching safepoint: 383800 ns, At safepoint: 24200 ns, Total: 408000 ns
[2021-05-18T08:01:32.029+0000][6][safepoint   ] Safepoint "Cleanup", Time since last: 1000231700 ns, Reaching safepoint: 164400 ns, At safepoint: 9800 ns, Total: 174200 ns
[2021-05-18T08:01:33.029+0000][6][safepoint   ] Safepoint "Cleanup", Time since last: 1000203600 ns, Reaching safepoint: 209100 ns, At safepoint: 9900 ns, Total: 219000 ns
[2021-05-18T08:01:34.030+0000][6][safepoint   ] Safepoint "Cleanup", Time since last: 1000153000 ns, Reaching safepoint: 145600 ns, At safepoint: 7100 ns, Total: 152700 ns
[2021-05-18T08:01:35.030+0000][6][safepoint   ] Safepoint "Cleanup", Time since last: 1000182800 ns, Reaching safepoint: 429600 ns, At safepoint: 17100 ns, Total: 446700 ns
[2021-05-18T08:01:36.031+0000][6][safepoint   ] Safepoint "Cleanup", Time since last: 1000133800 ns, Reaching safepoint: 202800 ns, At safepoint: 8900 ns, Total: 211700 ns
[2021-05-18T08:01:37.031+0000][6][safepoint   ] Safepoint "Cleanup", Time since last: 1000231800 ns, Reaching safepoint: 157400 ns, At safepoint: 10200 ns, Total: 167600 ns
[2021-05-18T08:01:38.031+0000][6][safepoint   ] Safepoint "Cleanup", Time since last: 1000137500 ns, Reaching safepoint: 155700 ns, At safepoint: 6700 ns, Total: 162400 ns
[2021-05-18T08:01:39.032+0000][6][safepoint   ] Safepoint "Cleanup", Time since last: 1000144800 ns, Reaching safepoint: 156000 ns, At safepoint: 10300 ns, Total: 166300 ns
[2021-05-18T08:01:40.032+0000][6][safepoint   ] Safepoint "Cleanup", Time since last: 1000207600 ns, Reaching safepoint: 142900 ns, At safepoint: 15500 ns, Total: 158400 ns
[2021-05-18T08:01:41.032+0000][6][safepoint   ] Safepoint "Cleanup", Time since last: 1000144100 ns, Reaching safepoint: 137200 ns, At safepoint: 6600 ns, Total: 143800 ns
[2021-05-18T08:01:42.033+0000][6][safepoint   ] Safepoint "Cleanup", Time since last: 1000165600 ns, Reaching safepoint: 172400 ns, At safepoint: 8700 ns, Total: 181100 ns
[2021-05-18T08:01:44.033+0000][6][safepoint   ] Safepoint "Cleanup", Time since last: 2000287500 ns, Reaching safepoint: 138200 ns, At safepoint: 6700 ns, Total: 144900 ns
[2021-05-18T08:01:46.034+0000][6][safepoint   ] Safepoint "Cleanup", Time since last: 2000346600 ns, Reaching safepoint: 148100 ns, At safepoint: 6300 ns, Total: 154400 ns
[2021-05-18T08:01:47.034+0000][6][safepoint   ] Safepoint "Cleanup", Time since last: 1000136100 ns, Reaching safepoint: 181300 ns, At safepoint: 7400 ns, Total: 188700 ns
[2021-05-18T08:01:48.034+0000][6][safepoint   ] Safepoint "Cleanup", Time since last: 1000201600 ns, Reaching safepoint: 185100 ns, At safepoint: 11300 ns, Total: 196400 ns
[2021-05-18T08:01:49.035+0000][6][safepoint   ] Safepoint "Cleanup", Time since last: 1000199100 ns, Reaching safepoint: 196400 ns, At safepoint: 8800 ns, Total: 205200 ns
[2021-05-18T08:01:50.035+0000][6][safepoint   ] Safepoint "Cleanup", Time since last: 1000142600 ns, Reaching safepoint: 136600 ns, At safepoint: 6500 ns, Total: 143100 ns
[2021-05-18T08:01:51.035+0000][6][safepoint   ] Safepoint "Cleanup", Time since last: 1000148100 ns, Reaching safepoint: 179300 ns, At safepoint: 35300 ns, Total: 214600 ns
[2021-05-18T08:01:53.036+0000][6][safepoint   ] Safepoint "Cleanup", Time since last: 2000261800 ns, Reaching safepoint: 133700 ns, At safepoint: 27300 ns, Total: 161000 ns
[2021-05-18T08:01:55.036+0000][6][safepoint   ] Safepoint "Cleanup", Time since last: 2000257800 ns, Reaching safepoint: 205700 ns, At safepoint: 28400 ns, Total: 234100 ns
[2021-05-18T08:01:56.037+0000][6][safepoint   ] Safepoint "Cleanup", Time since last: 1000160600 ns, Reaching safepoint: 176300 ns, At safepoint: 11800 ns, Total: 188100 ns
[2021-05-18T08:01:59.037+0000][6][safepoint   ] Safepoint "Cleanup", Time since last: 3000403800 ns, Reaching safepoint: 133000 ns, At safepoint: 6600 ns, Total: 139600 ns
[2021-05-18T08:02:00.037+0000][6][safepoint   ] Safepoint "Cleanup", Time since last: 1000152500 ns, Reaching safepoint: 155000 ns, At safepoint: 29900 ns, Total: 184900 ns
[2021-05-18T08:02:01.038+0000][6][safepoint   ] Safepoint "Cleanup", Time since last: 1000146700 ns, Reaching safepoint: 147700 ns, At safepoint: 41900 ns, Total: 189600 ns
[2021-05-18T08:02:02.038+0000][6][safepoint   ] Safepoint "Cleanup", Time since last: 1000198200 ns, Reaching safepoint: 307400 ns, At safepoint: 31600 ns, Total: 339000 ns
[2021-05-18T08:02:03.039+0000][6][safepoint   ] Safepoint "Cleanup", Time since last: 1000178400 ns, Reaching safepoint: 140200 ns, At safepoint: 27900 ns, Total: 168100 ns
[2021-05-18T08:02:06.039+0000][6][safepoint   ] Safepoint "Cleanup", Time since last: 3000431600 ns, Reaching safepoint: 223900 ns, At safepoint: 29800 ns, Total: 253700 ns
[2021-05-18T08:02:08.040+0000][6][safepoint   ] Safepoint "Cleanup", Time since last: 2000250400 ns, Reaching safepoint: 253000 ns, At safepoint: 41900 ns, Total: 294900 ns
[2021-05-18T08:02:10.040+0000][6][safepoint   ] Safepoint "Cleanup", Time since last: 2000299100 ns, Reaching safepoint: 205400 ns, At safepoint: 42700 ns, Total: 248100 ns
[2021-05-18T08:02:11.041+0000][6][safepoint   ] Safepoint "Cleanup", Time since last: 1000173100 ns, Reaching safepoint: 183500 ns, At safepoint: 39700 ns, Total: 223200 ns
[2021-05-18T08:02:12.041+0000][6][safepoint   ] Safepoint "Cleanup", Time since last: 1000193000 ns, Reaching safepoint: 296800 ns, At safepoint: 18200 ns, Total: 315000 ns
[2021-05-18T08:02:13.042+0000][6][safepoint   ] Safepoint "Cleanup", Time since last: 1000226500 ns, Reaching safepoint: 170200 ns, At safepoint: 14100 ns, Total: 184300 ns
[2021-05-18T08:02:15.042+0000][6][safepoint   ] Safepoint "Cleanup", Time since last: 2000367200 ns, Reaching safepoint: 215100 ns, At safepoint: 12700 ns, Total: 227800 ns
[2021-05-18T08:02:16.043+0000][6][safepoint   ] Safepoint "Cleanup", Time since last: 1000179800 ns, Reaching safepoint: 209400 ns, At safepoint: 9700 ns, Total: 219100 ns
[2021-05-18T08:02:17.043+0000][6][safepoint   ] Safepoint "Cleanup", Time since last: 1000198600 ns, Reaching safepoint: 202600 ns, At safepoint: 10400 ns, Total: 213000 ns
[2021-05-18T08:02:18.044+0000][6][safepoint   ] Safepoint "Cleanup", Time since last: 1000176200 ns, Reaching safepoint: 263100 ns, At safepoint: 20700 ns, Total: 283800 ns
[2021-05-18T08:02:21.044+0000][6][safepoint   ] Safepoint "Cleanup", Time since last: 3000466400 ns, Reaching safepoint: 133200 ns, At safepoint: 7000 ns, Total: 140200 ns
[2021-05-18T08:02:23.045+0000][6][safepoint   ] Safepoint "Cleanup", Time since last: 2000364000 ns, Reaching safepoint: 338800 ns, At safepoint: 41300 ns, Total: 380100 ns
[2021-05-18T08:02:24.045+0000][6][safepoint   ] Safepoint "Cleanup", Time since last: 1000155500 ns, Reaching safepoint: 136600 ns, At safepoint: 29300 ns, Total: 165900 ns
[2021-05-18T08:02:25.046+0000][6][safepoint   ] Safepoint "Cleanup", Time since last: 1000178200 ns, Reaching safepoint: 291400 ns, At safepoint: 42900 ns, Total: 334300 ns
[2021-05-18T08:02:26.046+0000][6][safepoint   ] Safepoint "Cleanup", Time since last: 1000165400 ns, Reaching safepoint: 265300 ns, At safepoint: 57500 ns, Total: 322800 ns
[2021-05-18T08:02:30.032+0000][6][safepoint   ] Safepoint "Cleanup", Time since last: 3985305400 ns, Reaching safepoint: 180700 ns, At safepoint: 47300 ns, Total: 228000 ns
[2021-05-18T08:02:31.032+0000][6][safepoint   ] Safepoint "Cleanup", Time since last: 1000174100 ns, Reaching safepoint: 332200 ns, At safepoint: 18700 ns, Total: 350900 ns
[2021-05-18T08:02:32.033+0000][6][safepoint   ] Safepoint "Cleanup", Time since last: 1000190100 ns, Reaching safepoint: 134300 ns, At safepoint: 6600 ns, Total: 140900 ns
[2021-05-18T08:02:33.033+0000][6][safepoint   ] Safepoint "Cleanup", Time since last: 1000134900 ns, Reaching safepoint: 158200 ns, At safepoint: 6400 ns, Total: 164600 ns
[2021-05-18T08:02:34.033+0000][6][safepoint   ] Safepoint "Cleanup", Time since last: 1000202700 ns, Reaching safepoint: 205700 ns, At safepoint: 9300 ns, Total: 215000 ns
[2021-05-18T08:02:35.527+0000][6][safepoint   ] Safepoint "Cleanup", Time since last: 1493931700 ns, Reaching safepoint: 131500 ns, At safepoint: 6700 ns, Total: 138200 ns
[2021-05-18T08:02:36.528+0000][6][safepoint   ] Safepoint "Cleanup", Time since last: 1000175500 ns, Reaching safepoint: 143800 ns, At safepoint: 7900 ns, Total: 151700 ns
[2021-05-18T08:02:37.528+0000][6][safepoint   ] Safepoint "Cleanup", Time since last: 1000139600 ns, Reaching safepoint: 165600 ns, At safepoint: 9200 ns, Total: 174800 ns
[2021-05-18T08:02:39.529+0000][6][safepoint   ] Safepoint "Cleanup", Time since last: 2000301000 ns, Reaching safepoint: 135900 ns, At safepoint: 6500 ns, Total: 142400 ns
[2021-05-18T08:02:40.529+0000][6][safepoint   ] Safepoint "Cleanup", Time since last: 1000205400 ns, Reaching safepoint: 126100 ns, At safepoint: 6500 ns, Total: 132600 ns
[2021-05-18T08:02:41.530+0000][6][safepoint   ] Safepoint "Cleanup", Time since last: 1000480100 ns, Reaching safepoint: 381600 ns, At safepoint: 14500 ns, Total: 396100 ns
[2021-05-18T08:02:42.530+0000][6][safepoint   ] Safepoint "Cleanup", Time since last: 1000273700 ns, Reaching safepoint: 133000 ns, At safepoint: 6200 ns, Total: 139200 ns
[2021-05-18T08:02:46.531+0000][6][safepoint   ] Safepoint "Cleanup", Time since last: 4000498800 ns, Reaching safepoint: 244900 ns, At safepoint: 35600 ns, Total: 280500 ns
[2021-05-18T08:02:47.932+0000][6][safepoint   ] Safepoint "Cleanup", Time since last: 1400439100 ns, Reaching safepoint: 126900 ns, At safepoint: 6500 ns, Total: 133400 ns
[2021-05-18T08:02:48.932+0000][6][safepoint   ] Safepoint "Cleanup", Time since last: 1000137200 ns, Reaching safepoint: 164000 ns, At safepoint: 11000 ns, Total: 175000 ns
[2021-05-18T08:02:49.932+0000][6][safepoint   ] Safepoint "Cleanup", Time since last: 1000132400 ns, Reaching safepoint: 386500 ns, At safepoint: 31600 ns, Total: 418100 ns
[2021-05-18T08:02:50.933+0000][6][safepoint   ] Safepoint "Cleanup", Time since last: 1000150300 ns, Reaching safepoint: 178300 ns, At safepoint: 8600 ns, Total: 186900 ns
[2021-05-18T08:02:51.933+0000][6][safepoint   ] Safepoint "Cleanup", Time since last: 1000202600 ns, Reaching safepoint: 207500 ns, At safepoint: 12500 ns, Total: 220000 ns
[2021-05-18T08:02:52.933+0000][6][safepoint   ] Safepoint "Cleanup", Time since last: 1000140400 ns, Reaching safepoint: 137500 ns, At safepoint: 8000 ns, Total: 145500 ns
[2021-05-18T08:02:53.934+0000][6][safepoint   ] Safepoint "Cleanup", Time since last: 1000153200 ns, Reaching safepoint: 193700 ns, At safepoint: 7200 ns, Total: 200900 ns
[2021-05-18T08:02:56.934+0000][6][safepoint   ] Safepoint "Cleanup", Time since last: 3000381500 ns, Reaching safepoint: 308500 ns, At safepoint: 15400 ns, Total: 323900 ns
[2021-05-18T08:02:57.935+0000][6][safepoint   ] Safepoint "Cleanup", Time since last: 1000175300 ns, Reaching safepoint: 180300 ns, At safepoint: 8700 ns, Total: 189000 ns
[2021-05-18T08:02:58.935+0000][6][safepoint   ] Safepoint "Cleanup", Time since last: 1000182400 ns, Reaching safepoint: 222800 ns, At safepoint: 24300 ns, Total: 247100 ns
[2021-05-18T08:02:59.328+0000][6][gc,start    ] GC(15) Pause Young (Normal) (G1 Evacuation Pause)
[2021-05-18T08:02:59.328+0000][6][gc,task     ] GC(15) Using 5 workers of 5 for evacuation
[2021-05-18T08:02:59.328+0000][6][gc,age      ] GC(15) Desired survivor size 48234496 bytes, new threshold 15 (max threshold 15)
[2021-05-18T08:02:59.339+0000][6][gc,age      ] GC(15) Age table with threshold 15 (max threshold 15)
[2021-05-18T08:02:59.339+0000][6][gc,age      ] GC(15) - age   1:    5375744 bytes,    5375744 total
[2021-05-18T08:02:59.339+0000][6][gc,age      ] GC(15) - age   2:    8561048 bytes,   13936792 total
[2021-05-18T08:02:59.339+0000][6][gc,phases   ] GC(15)   Pre Evacuate Collection Set: 0.2ms
[2021-05-18T08:02:59.339+0000][6][gc,phases   ] GC(15)   Merge Heap Roots: 0.2ms
[2021-05-18T08:02:59.339+0000][6][gc,phases   ] GC(15)   Evacuate Collection Set: 9.0ms
[2021-05-18T08:02:59.339+0000][6][gc,phases   ] GC(15)   Post Evacuate Collection Set: 1.5ms
[2021-05-18T08:02:59.339+0000][6][gc,phases   ] GC(15)   Other: 0.2ms
[2021-05-18T08:02:59.339+0000][6][gc,heap     ] GC(15) Eden regions: 173->0(274)
[2021-05-18T08:02:59.339+0000][6][gc,heap     ] GC(15) Survivor regions: 4->4(23)
[2021-05-18T08:02:59.339+0000][6][gc,heap     ] GC(15) Old regions: 23->23
[2021-05-18T08:02:59.339+0000][6][gc,heap     ] GC(15) Archive regions: 2->2
[2021-05-18T08:02:59.339+0000][6][gc,heap     ] GC(15) Humongous regions: 2->2
[2021-05-18T08:02:59.339+0000][6][gc,metaspace] GC(15) Metaspace: 108339K(110016K)->108339K(110016K) NonClass: 93901K(94848K)->93901K(94848K) Class: 14437K(15168K)->14437K(15168K)
[2021-05-18T08:02:59.339+0000][6][gc          ] GC(15) Pause Young (Normal) (G1 Evacuation Pause) 806M->115M(3988M) 11.291ms
[2021-05-18T08:02:59.339+0000][6][gc,cpu      ] GC(15) User=0.05s Sys=0.01s Real=0.01s
[2021-05-18T08:02:59.339+0000][6][safepoint   ] Safepoint "G1CollectForAllocation", Time since last: 392271600 ns, Reaching safepoint: 128100 ns, At safepoint: 11415100 ns, Total: 11543200 ns
[2021-05-18T08:03:00.339+0000][6][safepoint   ] Safepoint "Cleanup", Time since last: 1000215200 ns, Reaching safepoint: 138500 ns, At safepoint: 6900 ns, Total: 145400 ns
[2021-05-18T08:03:01.340+0000][6][safepoint   ] Safepoint "Cleanup", Time since last: 1000139900 ns, Reaching safepoint: 174900 ns, At safepoint: 9900 ns, Total: 184800 ns
[2021-05-18T08:03:02.340+0000][6][safepoint   ] Safepoint "Cleanup", Time since last: 1000182300 ns, Reaching safepoint: 298200 ns, At safepoint: 50700 ns, Total: 348900 ns
[2021-05-18T08:03:03.341+0000][6][safepoint   ] Safepoint "Cleanup", Time since last: 1000141000 ns, Reaching safepoint: 192400 ns, At safepoint: 10500 ns, Total: 202900 ns
[2021-05-18T08:03:04.341+0000][6][safepoint   ] Safepoint "Cleanup", Time since last: 1000145300 ns, Reaching safepoint: 200300 ns, At safepoint: 7700 ns, Total: 208000 ns
[2021-05-18T08:03:05.341+0000][6][safepoint   ] Safepoint "Cleanup", Time since last: 1000181500 ns, Reaching safepoint: 114400 ns, At safepoint: 6400 ns, Total: 120800 ns
[2021-05-18T08:03:06.342+0000][6][safepoint   ] Safepoint "Cleanup", Time since last: 1000150900 ns, Reaching safepoint: 200400 ns, At safepoint: 11000 ns, Total: 211400 ns
[2021-05-18T08:03:07.342+0000][6][safepoint   ] Safepoint "Cleanup", Time since last: 1000251500 ns, Reaching safepoint: 191200 ns, At safepoint: 8200 ns, Total: 199400 ns
[2021-05-18T08:03:08.343+0000][6][safepoint   ] Safepoint "Cleanup", Time since last: 1000144900 ns, Reaching safepoint: 198000 ns, At safepoint: 11200 ns, Total: 209200 ns
[2021-05-18T08:03:09.343+0000][6][safepoint   ] Safepoint "Cleanup", Time since last: 1000166200 ns, Reaching safepoint: 205000 ns, At safepoint: 11500 ns, Total: 216500 ns
[2021-05-18T08:03:11.343+0000][6][safepoint   ] Safepoint "Cleanup", Time since last: 2000321200 ns, Reaching safepoint: 185800 ns, At safepoint: 9900 ns, Total: 195700 ns
[2021-05-18T08:03:12.344+0000][6][safepoint   ] Safepoint "Cleanup", Time since last: 1000161800 ns, Reaching safepoint: 228800 ns, At safepoint: 11700 ns, Total: 240500 ns
[2021-05-18T08:03:13.344+0000][6][safepoint   ] Safepoint "Cleanup", Time since last: 1000322600 ns, Reaching safepoint: 202400 ns, At safepoint: 11600 ns, Total: 214000 ns
[2021-05-18T08:03:14.345+0000][6][safepoint   ] Safepoint "Cleanup", Time since last: 1000195200 ns, Reaching safepoint: 214000 ns, At safepoint: 11100 ns, Total: 225100 ns
[2021-05-18T08:03:16.345+0000][6][safepoint   ] Safepoint "Cleanup", Time since last: 2000280200 ns, Reaching safepoint: 192900 ns, At safepoint: 10900 ns, Total: 203800 ns
[2021-05-18T08:03:17.346+0000][6][safepoint   ] Safepoint "Cleanup", Time since last: 1000160000 ns, Reaching safepoint: 194800 ns, At safepoint: 10600 ns, Total: 205400 ns
[2021-05-18T08:03:20.346+0000][6][safepoint   ] Safepoint "Cleanup", Time since last: 3000358000 ns, Reaching safepoint: 189100 ns, At safepoint: 9900 ns, Total: 199000 ns
[2021-05-18T08:03:21.346+0000][6][safepoint   ] Safepoint "Cleanup", Time since last: 1000159300 ns, Reaching safepoint: 130500 ns, At safepoint: 7000 ns, Total: 137500 ns
[2021-05-18T08:03:23.347+0000][6][safepoint   ] Safepoint "Cleanup", Time since last: 2000268800 ns, Reaching safepoint: 156700 ns, At safepoint: 15800 ns, Total: 172500 ns
[2021-05-18T08:03:24.347+0000][6][safepoint   ] Safepoint "Cleanup", Time since last: 1000157100 ns, Reaching safepoint: 172300 ns, At safepoint: 6400 ns, Total: 178700 ns
[2021-05-18T08:03:26.348+0000][6][safepoint   ] Safepoint "Cleanup", Time since last: 2000312300 ns, Reaching safepoint: 162800 ns, At safepoint: 6800 ns, Total: 169600 ns
[2021-05-18T08:03:27.348+0000][6][safepoint   ] Safepoint "Cleanup", Time since last: 1000149300 ns, Reaching safepoint: 149500 ns, At safepoint: 7200 ns, Total: 156700 ns
[2021-05-18T08:03:28.348+0000][6][safepoint   ] Safepoint "Cleanup", Time since last: 1000168500 ns, Reaching safepoint: 204700 ns, At safepoint: 6600 ns, Total: 211300 ns
[2021-05-18T08:03:29.349+0000][6][safepoint   ] Safepoint "Cleanup", Time since last: 1000231500 ns, Reaching safepoint: 147400 ns, At safepoint: 7300 ns, Total: 154700 ns
[2021-05-18T08:03:30.349+0000][6][safepoint   ] Safepoint "Cleanup", Time since last: 1000176800 ns, Reaching safepoint: 273700 ns, At safepoint: 8000 ns, Total: 281700 ns
[2021-05-18T08:03:31.350+0000][6][safepoint   ] Safepoint "Cleanup", Time since last: 1000203500 ns, Reaching safepoint: 247200 ns, At safepoint: 10200 ns, Total: 257400 ns
[2021-05-18T08:03:32.350+0000][6][safepoint   ] Safepoint "Cleanup", Time since last: 1000139600 ns, Reaching safepoint: 319400 ns, At safepoint: 31600 ns, Total: 351000 ns
[2021-05-18T08:03:33.350+0000][6][safepoint   ] Safepoint "Cleanup", Time since last: 1000155400 ns, Reaching safepoint: 84200 ns, At safepoint: 6200 ns, Total: 90400 ns
[2021-05-18T08:03:35.351+0000][6][safepoint   ] Safepoint "Cleanup", Time since last: 2000235600 ns, Reaching safepoint: 243400 ns, At safepoint: 7600 ns, Total: 251000 ns
[2021-05-18T08:03:36.351+0000][6][safepoint   ] Safepoint "Cleanup", Time since last: 1000183600 ns, Reaching safepoint: 138700 ns, At safepoint: 24400 ns, Total: 163100 ns
[2021-05-18T08:03:38.352+0000][6][safepoint   ] Safepoint "Cleanup", Time since last: 2000324600 ns, Reaching safepoint: 136100 ns, At safepoint: 6300 ns, Total: 142400 ns
[2021-05-18T08:03:41.352+0000][6][safepoint   ] Safepoint "Cleanup", Time since last: 3000508600 ns, Reaching safepoint: 135600 ns, At safepoint: 6900 ns, Total: 142500 ns
[2021-05-18T08:03:43.353+0000][6][safepoint   ] Safepoint "Cleanup", Time since last: 2000309900 ns, Reaching safepoint: 155300 ns, At safepoint: 7400 ns, Total: 162700 ns
[2021-05-18T08:03:46.354+0000][6][safepoint   ] Safepoint "Cleanup", Time since last: 3000433500 ns, Reaching safepoint: 192000 ns, At safepoint: 11200 ns, Total: 203200 ns
[2021-05-18T08:03:47.354+0000][6][safepoint   ] Safepoint "Cleanup", Time since last: 1000147100 ns, Reaching safepoint: 91600 ns, At safepoint: 9200 ns, Total: 100800 ns
[2021-05-18T08:03:48.354+0000][6][safepoint   ] Safepoint "Cleanup", Time since last: 1000133700 ns, Reaching safepoint: 154300 ns, At safepoint: 7700 ns, Total: 162000 ns
[2021-05-18T08:03:50.355+0000][6][safepoint   ] Safepoint "Cleanup", Time since last: 2000269000 ns, Reaching safepoint: 160800 ns, At safepoint: 10800 ns, Total: 171600 ns
[2021-05-18T08:03:51.355+0000][6][safepoint   ] Safepoint "Cleanup", Time since last: 1000170600 ns, Reaching safepoint: 162300 ns, At safepoint: 6800 ns, Total: 169100 ns
[2021-05-18T08:03:52.355+0000][6][safepoint   ] Safepoint "Cleanup", Time since last: 1000152700 ns, Reaching safepoint: 138100 ns, At safepoint: 7200 ns, Total: 145300 ns
[2021-05-18T08:03:53.356+0000][6][safepoint   ] Safepoint "Cleanup", Time since last: 1000197300 ns, Reaching safepoint: 191800 ns, At safepoint: 6300 ns, Total: 198100 ns
[2021-05-18T08:03:56.356+0000][6][safepoint   ] Safepoint "Cleanup", Time since last: 3000421700 ns, Reaching safepoint: 181100 ns, At safepoint: 10400 ns, Total: 191500 ns
[2021-05-18T08:03:57.356+0000][6][safepoint   ] Safepoint "Cleanup", Time since last: 1000163300 ns, Reaching safepoint: 109100 ns, At safepoint: 8500 ns, Total: 117600 ns
[2021-05-18T08:03:58.357+0000][6][safepoint   ] Safepoint "Cleanup", Time since last: 1000174700 ns, Reaching safepoint: 158300 ns, At safepoint: 11900 ns, Total: 170200 ns
[2021-05-18T08:03:59.357+0000][6][safepoint   ] Safepoint "Cleanup", Time since last: 1000153900 ns, Reaching safepoint: 244800 ns, At safepoint: 7900 ns, Total: 252700 ns
[2021-05-18T08:04:00.357+0000][6][safepoint   ] Safepoint "Cleanup", Time since last: 1000176800 ns, Reaching safepoint: 77900 ns, At safepoint: 8200 ns, Total: 86100 ns
[2021-05-18T08:04:01.358+0000][6][safepoint   ] Safepoint "Cleanup", Time since last: 1000167300 ns, Reaching safepoint: 149300 ns, At safepoint: 6800 ns, Total: 156100 ns
[2021-05-18T08:04:02.358+0000][6][safepoint   ] Safepoint "Cleanup", Time since last: 1000226300 ns, Reaching safepoint: 192900 ns, At safepoint: 15800 ns, Total: 208700 ns
[2021-05-18T08:04:04.359+0000][6][safepoint   ] Safepoint "Cleanup", Time since last: 2000282800 ns, Reaching safepoint: 137400 ns, At safepoint: 7100 ns, Total: 144500 ns
[2021-05-18T08:04:05.359+0000][6][safepoint   ] Safepoint "Cleanup", Time since last: 1000152600 ns, Reaching safepoint: 133000 ns, At safepoint: 10500 ns, Total: 143500 ns
[2021-05-18T08:04:06.359+0000][6][safepoint   ] Safepoint "Cleanup", Time since last: 1000167500 ns, Reaching safepoint: 139500 ns, At safepoint: 6700 ns, Total: 146200 ns
[2021-05-18T08:04:07.360+0000][6][safepoint   ] Safepoint "Cleanup", Time since last: 1000214600 ns, Reaching safepoint: 146400 ns, At safepoint: 15300 ns, Total: 161700 ns
[2021-05-18T08:04:08.360+0000][6][safepoint   ] Safepoint "Cleanup", Time since last: 1000149700 ns, Reaching safepoint: 135400 ns, At safepoint: 6800 ns, Total: 142200 ns
[2021-05-18T08:04:09.360+0000][6][safepoint   ] Safepoint "Cleanup", Time since last: 1000181800 ns, Reaching safepoint: 136500 ns, At safepoint: 6800 ns, Total: 143300 ns
[2021-05-18T08:04:11.361+0000][6][safepoint   ] Safepoint "Cleanup", Time since last: 2000371700 ns, Reaching safepoint: 237300 ns, At safepoint: 10800 ns, Total: 248100 ns
[2021-05-18T08:04:12.361+0000][6][safepoint   ] Safepoint "Cleanup", Time since last: 1000201000 ns, Reaching safepoint: 223300 ns, At safepoint: 13300 ns, Total: 236600 ns
[2021-05-18T08:04:14.362+0000][6][safepoint   ] Safepoint "Cleanup", Time since last: 2000315600 ns, Reaching safepoint: 210300 ns, At safepoint: 11200 ns, Total: 221500 ns
[2021-05-18T08:04:16.362+0000][6][safepoint   ] Safepoint "Cleanup", Time since last: 2000291000 ns, Reaching safepoint: 151700 ns, At safepoint: 13700 ns, Total: 165400 ns
[2021-05-18T08:04:17.363+0000][6][safepoint   ] Safepoint "Cleanup", Time since last: 1000195700 ns, Reaching safepoint: 203500 ns, At safepoint: 10000 ns, Total: 213500 ns
[2021-05-18T08:04:18.363+0000][6][safepoint   ] Safepoint "Cleanup", Time since last: 1000182100 ns, Reaching safepoint: 116200 ns, At safepoint: 10700 ns, Total: 126900 ns
[2021-05-18T08:04:19.364+0000][6][safepoint   ] Safepoint "Cleanup", Time since last: 1000246100 ns, Reaching safepoint: 221000 ns, At safepoint: 25400 ns, Total: 246400 ns
[2021-05-18T08:04:20.364+0000][6][safepoint   ] Safepoint "Cleanup", Time since last: 1000197000 ns, Reaching safepoint: 186900 ns, At safepoint: 17000 ns, Total: 203900 ns
[2021-05-18T08:04:21.364+0000][6][safepoint   ] Safepoint "Cleanup", Time since last: 1000169200 ns, Reaching safepoint: 210900 ns, At safepoint: 10100 ns, Total: 221000 ns
[2021-05-18T08:04:23.365+0000][6][safepoint   ] Safepoint "Cleanup", Time since last: 2000264400 ns, Reaching safepoint: 187600 ns, At safepoint: 6500 ns, Total: 194100 ns
[2021-05-18T08:04:24.365+0000][6][safepoint   ] Safepoint "Cleanup", Time since last: 1000181000 ns, Reaching safepoint: 204400 ns, At safepoint: 9100 ns, Total: 213500 ns
[2021-05-18T08:04:30.366+0000][6][safepoint   ] Safepoint "Cleanup", Time since last: 6000873500 ns, Reaching safepoint: 167200 ns, At safepoint: 9500 ns, Total: 176700 ns
[2021-05-18T08:04:31.367+0000][6][safepoint   ] Safepoint "Cleanup", Time since last: 1000184700 ns, Reaching safepoint: 146800 ns, At safepoint: 6000 ns, Total: 152800 ns
[2021-05-18T08:04:32.367+0000][6][safepoint   ] Safepoint "Cleanup", Time since last: 1000150500 ns, Reaching safepoint: 337700 ns, At safepoint: 66900 ns, Total: 404600 ns
[2021-05-18T08:04:33.367+0000][6][safepoint   ] Safepoint "Cleanup", Time since last: 1000147500 ns, Reaching safepoint: 139400 ns, At safepoint: 6700 ns, Total: 146100 ns
[2021-05-18T08:04:34.368+0000][6][safepoint   ] Safepoint "Cleanup", Time since last: 1000180800 ns, Reaching safepoint: 226100 ns, At safepoint: 6600 ns, Total: 232700 ns
[2021-05-18T08:04:35.368+0000][6][safepoint   ] Safepoint "Cleanup", Time since last: 1000180400 ns, Reaching safepoint: 129500 ns, At safepoint: 6500 ns, Total: 136000 ns
[2021-05-18T08:04:36.368+0000][6][safepoint   ] Safepoint "Cleanup", Time since last: 1000145600 ns, Reaching safepoint: 153300 ns, At safepoint: 7800 ns, Total: 161100 ns
[2021-05-18T08:04:38.369+0000][6][safepoint   ] Safepoint "Cleanup", Time since last: 2000258400 ns, Reaching safepoint: 165600 ns, At safepoint: 7400 ns, Total: 173000 ns
[2021-05-18T08:04:39.369+0000][6][safepoint   ] Safepoint "Cleanup", Time since last: 1000142500 ns, Reaching safepoint: 147400 ns, At safepoint: 24500 ns, Total: 171900 ns
[2021-05-18T08:04:40.788+0000][6][safepoint   ] Safepoint "Cleanup", Time since last: 1418970600 ns, Reaching safepoint: 193700 ns, At safepoint: 19000 ns, Total: 212700 ns
[2021-05-18T08:04:40.871+0000][6][safepoint   ] Safepoint "ICBufferFull", Time since last: 82388600 ns, Reaching safepoint: 608000 ns, At safepoint: 82300 ns, Total: 690300 ns
[2021-05-18T08:04:41.872+0000][6][safepoint   ] Safepoint "Cleanup", Time since last: 1000142800 ns, Reaching safepoint: 209500 ns, At safepoint: 35700 ns, Total: 245200 ns
[2021-05-18T08:04:42.872+0000][6][safepoint   ] Safepoint "Cleanup", Time since last: 1000285500 ns, Reaching safepoint: 155100 ns, At safepoint: 10700 ns, Total: 165800 ns
[2021-05-18T08:04:43.873+0000][6][safepoint   ] Safepoint "Cleanup", Time since last: 1000160900 ns, Reaching safepoint: 143200 ns, At safepoint: 8600 ns, Total: 151800 ns
[2021-05-18T08:04:46.873+0000][6][safepoint   ] Safepoint "Cleanup", Time since last: 3000359900 ns, Reaching safepoint: 97600 ns, At safepoint: 9000 ns, Total: 106600 ns
[2021-05-18T08:04:50.874+0000][6][safepoint   ] Safepoint "Cleanup", Time since last: 4000636200 ns, Reaching safepoint: 135700 ns, At safepoint: 6700 ns, Total: 142400 ns
[2021-05-18T08:04:51.874+0000][6][safepoint   ] Safepoint "Cleanup", Time since last: 1000167100 ns, Reaching safepoint: 138700 ns, At safepoint: 6800 ns, Total: 145500 ns
[2021-05-18T08:04:52.874+0000][6][safepoint   ] Safepoint "Cleanup", Time since last: 1000147800 ns, Reaching safepoint: 131600 ns, At safepoint: 7000 ns, Total: 138600 ns
[2021-05-18T08:04:53.875+0000][6][safepoint   ] Safepoint "Cleanup", Time since last: 1000203500 ns, Reaching safepoint: 193300 ns, At safepoint: 6700 ns, Total: 200000 ns
[2021-05-18T08:04:55.876+0000][6][safepoint   ] Safepoint "Cleanup", Time since last: 2000360700 ns, Reaching safepoint: 333600 ns, At safepoint: 12000 ns, Total: 345600 ns
[2021-05-18T08:04:58.876+0000][6][safepoint   ] Safepoint "Cleanup", Time since last: 3000411000 ns, Reaching safepoint: 187000 ns, At safepoint: 16500 ns, Total: 203500 ns
[2021-05-18T08:05:00.877+0000][6][safepoint   ] Safepoint "Cleanup", Time since last: 2000261700 ns, Reaching safepoint: 130800 ns, At safepoint: 27800 ns, Total: 158600 ns
[2021-05-18T08:05:01.877+0000][6][safepoint   ] Safepoint "Cleanup", Time since last: 1000150200 ns, Reaching safepoint: 146900 ns, At safepoint: 7500 ns, Total: 154400 ns
[2021-05-18T08:05:02.877+0000][6][safepoint   ] Safepoint "Cleanup", Time since last: 1000141500 ns, Reaching safepoint: 144800 ns, At safepoint: 6900 ns, Total: 151700 ns
[2021-05-18T08:05:03.878+0000][6][safepoint   ] Safepoint "Cleanup", Time since last: 1000166900 ns, Reaching safepoint: 210000 ns, At safepoint: 11000 ns, Total: 221000 ns
[2021-05-18T08:05:05.878+0000][6][safepoint   ] Safepoint "Cleanup", Time since last: 2000293900 ns, Reaching safepoint: 141000 ns, At safepoint: 6700 ns, Total: 147700 ns
[2021-05-18T08:05:07.879+0000][6][safepoint   ] Safepoint "Cleanup", Time since last: 2000327300 ns, Reaching safepoint: 235900 ns, At safepoint: 11200 ns, Total: 247100 ns
[2021-05-18T08:05:10.879+0000][6][safepoint   ] Safepoint "Cleanup", Time since last: 3000370700 ns, Reaching safepoint: 198300 ns, At safepoint: 43800 ns, Total: 242100 ns
[2021-05-18T08:05:11.880+0000][6][safepoint   ] Safepoint "Cleanup", Time since last: 1000207300 ns, Reaching safepoint: 219700 ns, At safepoint: 10700 ns, Total: 230400 ns
[2021-05-18T08:05:12.880+0000][6][safepoint   ] Safepoint "Cleanup", Time since last: 1000228600 ns, Reaching safepoint: 221400 ns, At safepoint: 15900 ns, Total: 237300 ns
[2021-05-18T08:05:13.881+0000][6][safepoint   ] Safepoint "Cleanup", Time since last: 1000210700 ns, Reaching safepoint: 211300 ns, At safepoint: 13600 ns, Total: 224900 ns
[2021-05-18T08:05:19.882+0000][6][safepoint   ] Safepoint "Cleanup", Time since last: 6000830100 ns, Reaching safepoint: 193300 ns, At safepoint: 14300 ns, Total: 207600 ns
[2021-05-18T08:05:22.882+0000][6][safepoint   ] Safepoint "Cleanup", Time since last: 3000438700 ns, Reaching safepoint: 162700 ns, At safepoint: 7100 ns, Total: 169800 ns
[2021-05-18T08:05:25.883+0000][6][safepoint   ] Safepoint "Cleanup", Time since last: 3000335300 ns, Reaching safepoint: 169400 ns, At safepoint: 23900 ns, Total: 193300 ns
[2021-05-18T08:05:28.883+0000][6][safepoint   ] Safepoint "Cleanup", Time since last: 3000368300 ns, Reaching safepoint: 128900 ns, At safepoint: 6300 ns, Total: 135200 ns
[2021-05-18T08:05:31.884+0000][6][safepoint   ] Safepoint "Cleanup", Time since last: 3000411900 ns, Reaching safepoint: 292500 ns, At safepoint: 14200 ns, Total: 306700 ns
[2021-05-18T08:05:32.884+0000][6][safepoint   ] Safepoint "Cleanup", Time since last: 1000171100 ns, Reaching safepoint: 128700 ns, At safepoint: 7000 ns, Total: 135700 ns
[2021-05-18T08:05:34.885+0000][6][safepoint   ] Safepoint "Cleanup", Time since last: 2000245500 ns, Reaching safepoint: 152200 ns, At safepoint: 6600 ns, Total: 158800 ns
[2021-05-18T08:05:35.885+0000][6][safepoint   ] Safepoint "Cleanup", Time since last: 1000144400 ns, Reaching safepoint: 165600 ns, At safepoint: 37200 ns, Total: 202800 ns
[2021-05-18T08:05:36.886+0000][6][safepoint   ] Safepoint "Cleanup", Time since last: 1000175000 ns, Reaching safepoint: 368700 ns, At safepoint: 10900 ns, Total: 379600 ns
[2021-05-18T08:05:37.886+0000][6][safepoint   ] Safepoint "Cleanup", Time since last: 1000177800 ns, Reaching safepoint: 221900 ns, At safepoint: 10000 ns, Total: 231900 ns
[2021-05-18T08:05:38.886+0000][6][safepoint   ] Safepoint "Cleanup", Time since last: 1000167400 ns, Reaching safepoint: 153800 ns, At safepoint: 7400 ns, Total: 161200 ns
[2021-05-18T08:05:40.887+0000][6][safepoint   ] Safepoint "Cleanup", Time since last: 2000356300 ns, Reaching safepoint: 146500 ns, At safepoint: 6400 ns, Total: 152900 ns
[2021-05-18T08:05:41.887+0000][6][safepoint   ] Safepoint "Cleanup", Time since last: 1000210200 ns, Reaching safepoint: 158100 ns, At safepoint: 7000 ns, Total: 165100 ns
[2021-05-18T08:05:45.888+0000][6][safepoint   ] Safepoint "Cleanup", Time since last: 4000549600 ns, Reaching safepoint: 155600 ns, At safepoint: 14900 ns, Total: 170500 ns
[2021-05-18T08:05:46.888+0000][6][safepoint   ] Safepoint "Cleanup", Time since last: 1000157100 ns, Reaching safepoint: 101000 ns, At safepoint: 7000 ns, Total: 108000 ns
[2021-05-18T08:05:47.889+0000][6][safepoint   ] Safepoint "Cleanup", Time since last: 1000201500 ns, Reaching safepoint: 241700 ns, At safepoint: 10600 ns, Total: 252300 ns
[2021-05-18T08:05:49.889+0000][6][safepoint   ] Safepoint "Cleanup", Time since last: 2000314600 ns, Reaching safepoint: 133500 ns, At safepoint: 6600 ns, Total: 140100 ns
[2021-05-18T08:05:50.889+0000][6][safepoint   ] Safepoint "Cleanup", Time since last: 1000166600 ns, Reaching safepoint: 139200 ns, At safepoint: 34500 ns, Total: 173700 ns
[2021-05-18T08:05:54.890+0000][6][safepoint   ] Safepoint "Cleanup", Time since last: 4000568500 ns, Reaching safepoint: 270700 ns, At safepoint: 10000 ns, Total: 280700 ns
[2021-05-18T08:05:58.891+0000][6][safepoint   ] Safepoint "Cleanup", Time since last: 4000542600 ns, Reaching safepoint: 121200 ns, At safepoint: 8000 ns, Total: 129200 ns
[2021-05-18T08:05:59.891+0000][6][safepoint   ] Safepoint "Cleanup", Time since last: 1000156100 ns, Reaching safepoint: 142100 ns, At safepoint: 10400 ns, Total: 152500 ns
[2021-05-18T08:06:00.892+0000][6][safepoint   ] Safepoint "Cleanup", Time since last: 1000162000 ns, Reaching safepoint: 174000 ns, At safepoint: 7300 ns, Total: 181300 ns
[2021-05-18T08:06:01.892+0000][6][safepoint   ] Safepoint "Cleanup", Time since last: 1000179100 ns, Reaching safepoint: 184400 ns, At safepoint: 8400 ns, Total: 192800 ns
[2021-05-18T08:06:02.892+0000][6][safepoint   ] Safepoint "Cleanup", Time since last: 1000180900 ns, Reaching safepoint: 181900 ns, At safepoint: 7500 ns, Total: 189400 ns
[2021-05-18T08:06:04.893+0000][6][safepoint   ] Safepoint "Cleanup", Time since last: 2000248900 ns, Reaching safepoint: 143500 ns, At safepoint: 6800 ns, Total: 150300 ns
[2021-05-18T08:06:07.893+0000][6][safepoint   ] Safepoint "Cleanup", Time since last: 3000439300 ns, Reaching safepoint: 152500 ns, At safepoint: 8700 ns, Total: 161200 ns
[2021-05-18T08:06:10.894+0000][6][safepoint   ] Safepoint "Cleanup", Time since last: 3000404100 ns, Reaching safepoint: 227800 ns, At safepoint: 11500 ns, Total: 239300 ns
[2021-05-18T08:06:11.894+0000][6][safepoint   ] Safepoint "Cleanup", Time since last: 1000146900 ns, Reaching safepoint: 226300 ns, At safepoint: 12300 ns, Total: 238600 ns
[2021-05-18T08:06:12.895+0000][6][safepoint   ] Safepoint "Cleanup", Time since last: 1000174500 ns, Reaching safepoint: 208400 ns, At safepoint: 11600 ns, Total: 220000 ns
[2021-05-18T08:06:16.896+0000][6][safepoint   ] Safepoint "Cleanup", Time since last: 4000652100 ns, Reaching safepoint: 265900 ns, At safepoint: 27500 ns, Total: 293400 ns
[2021-05-18T08:06:17.896+0000][6][safepoint   ] Safepoint "Cleanup", Time since last: 1000168900 ns, Reaching safepoint: 217800 ns, At safepoint: 11500 ns, Total: 229300 ns
[2021-05-18T08:06:19.897+0000][6][safepoint   ] Safepoint "Cleanup", Time since last: 2000291600 ns, Reaching safepoint: 123200 ns, At safepoint: 21700 ns, Total: 144900 ns
[2021-05-18T08:06:22.897+0000][6][safepoint   ] Safepoint "Cleanup", Time since last: 3000398200 ns, Reaching safepoint: 217100 ns, At safepoint: 13500 ns, Total: 230600 ns
[2021-05-18T08:06:23.898+0000][6][safepoint   ] Safepoint "Cleanup", Time since last: 1000173800 ns, Reaching safepoint: 278900 ns, At safepoint: 34500 ns, Total: 313400 ns
[2021-05-18T08:06:24.898+0000][6][safepoint   ] Safepoint "Cleanup", Time since last: 1000158300 ns, Reaching safepoint: 214100 ns, At safepoint: 9000 ns, Total: 223100 ns
[2021-05-18T08:06:25.898+0000][6][safepoint   ] Safepoint "Cleanup", Time since last: 1000189400 ns, Reaching safepoint: 193800 ns, At safepoint: 8500 ns, Total: 202300 ns
[2021-05-18T08:06:27.899+0000][6][safepoint   ] Safepoint "Cleanup", Time since last: 2000234300 ns, Reaching safepoint: 182300 ns, At safepoint: 12100 ns, Total: 194400 ns
[2021-05-18T08:06:28.899+0000][6][safepoint   ] Safepoint "Cleanup", Time since last: 1000203800 ns, Reaching safepoint: 134000 ns, At safepoint: 7500 ns, Total: 141500 ns
[2021-05-18T08:06:30.900+0000][6][safepoint   ] Safepoint "Cleanup", Time since last: 2000329700 ns, Reaching safepoint: 237500 ns, At safepoint: 11400 ns, Total: 248900 ns
[2021-05-18T08:06:31.900+0000][6][safepoint   ] Safepoint "Cleanup", Time since last: 1000153900 ns, Reaching safepoint: 217300 ns, At safepoint: 12000 ns, Total: 229300 ns
[2021-05-18T08:06:34.901+0000][6][safepoint   ] Safepoint "Cleanup", Time since last: 3000393800 ns, Reaching safepoint: 139100 ns, At safepoint: 7600 ns, Total: 146700 ns
[2021-05-18T08:06:35.901+0000][6][safepoint   ] Safepoint "Cleanup", Time since last: 1000163700 ns, Reaching safepoint: 123200 ns, At safepoint: 6700 ns, Total: 129900 ns
[2021-05-18T08:06:40.902+0000][6][safepoint   ] Safepoint "Cleanup", Time since last: 5000817400 ns, Reaching safepoint: 155600 ns, At safepoint: 6500 ns, Total: 162100 ns
[2021-05-18T08:06:46.903+0000][6][safepoint   ] Safepoint "Cleanup", Time since last: 6000649600 ns, Reaching safepoint: 148100 ns, At safepoint: 8100 ns, Total: 156200 ns
[2021-05-18T08:06:47.903+0000][6][safepoint   ] Safepoint "Cleanup", Time since last: 1000164500 ns, Reaching safepoint: 126400 ns, At safepoint: 6500 ns, Total: 132900 ns
[2021-05-18T08:06:48.903+0000][6][safepoint   ] Safepoint "Cleanup", Time since last: 1000156000 ns, Reaching safepoint: 138600 ns, At safepoint: 8900 ns, Total: 147500 ns
[2021-05-18T08:06:49.904+0000][6][safepoint   ] Safepoint "Cleanup", Time since last: 1000189500 ns, Reaching safepoint: 133400 ns, At safepoint: 6600 ns, Total: 140000 ns
[2021-05-18T08:06:50.904+0000][6][safepoint   ] Safepoint "Cleanup", Time since last: 1000145700 ns, Reaching safepoint: 163700 ns, At safepoint: 7900 ns, Total: 171600 ns
[2021-05-18T08:06:58.905+0000][6][safepoint   ] Safepoint "Cleanup", Time since last: 8000945800 ns, Reaching safepoint: 176200 ns, At safepoint: 9800 ns, Total: 186000 ns
[2021-05-18T08:07:00.906+0000][6][safepoint   ] Safepoint "Cleanup", Time since last: 2000269600 ns, Reaching safepoint: 133600 ns, At safepoint: 6600 ns, Total: 140200 ns
[2021-05-18T08:07:01.906+0000][6][safepoint   ] Safepoint "Cleanup", Time since last: 1000177000 ns, Reaching safepoint: 129000 ns, At safepoint: 6400 ns, Total: 135400 ns
[2021-05-18T08:07:04.906+0000][6][safepoint   ] Safepoint "Cleanup", Time since last: 3000377800 ns, Reaching safepoint: 143100 ns, At safepoint: 9400 ns, Total: 152500 ns
[2021-05-18T08:07:10.907+0000][6][safepoint   ] Safepoint "Cleanup", Time since last: 6000801600 ns, Reaching safepoint: 175500 ns, At safepoint: 8500 ns, Total: 184000 ns
[2021-05-18T08:07:11.908+0000][6][safepoint   ] Safepoint "Cleanup", Time since last: 1000139800 ns, Reaching safepoint: 132100 ns, At safepoint: 6500 ns, Total: 138600 ns
[2021-05-18T08:07:16.908+0000][6][safepoint   ] Safepoint "Cleanup", Time since last: 5000571400 ns, Reaching safepoint: 200000 ns, At safepoint: 39200 ns, Total: 239200 ns
[2021-05-18T08:07:20.909+0000][6][safepoint   ] Safepoint "Cleanup", Time since last: 4000592400 ns, Reaching safepoint: 127300 ns, At safepoint: 10200 ns, Total: 137500 ns
[2021-05-18T08:07:22.910+0000][6][safepoint   ] Safepoint "Cleanup", Time since last: 2000342400 ns, Reaching safepoint: 201500 ns, At safepoint: 12400 ns, Total: 213900 ns
[2021-05-18T08:07:23.910+0000][6][safepoint   ] Safepoint "Cleanup", Time since last: 1000165700 ns, Reaching safepoint: 198100 ns, At safepoint: 14400 ns, Total: 212500 ns
[2021-05-18T08:07:24.911+0000][6][safepoint   ] Safepoint "Cleanup", Time since last: 1000172600 ns, Reaching safepoint: 160700 ns, At safepoint: 48400 ns, Total: 209100 ns
[2021-05-18T08:07:28.911+0000][6][safepoint   ] Safepoint "Cleanup", Time since last: 4000525500 ns, Reaching safepoint: 133000 ns, At safepoint: 8800 ns, Total: 141800 ns
[2021-05-18T08:07:30.912+0000][6][safepoint   ] Safepoint "Cleanup", Time since last: 2000269500 ns, Reaching safepoint: 113400 ns, At safepoint: 6600 ns, Total: 120000 ns
[2021-05-18T08:07:33.912+0000][6][safepoint   ] Safepoint "Cleanup", Time since last: 3000382700 ns, Reaching safepoint: 233500 ns, At safepoint: 12500 ns, Total: 246000 ns
[2021-05-18T08:07:34.912+0000][6][safepoint   ] Safepoint "Cleanup", Time since last: 1000144000 ns, Reaching safepoint: 130300 ns, At safepoint: 6500 ns, Total: 136800 ns
[2021-05-18T08:07:35.913+0000][6][safepoint   ] Safepoint "Cleanup", Time since last: 1000129000 ns, Reaching safepoint: 190800 ns, At safepoint: 10500 ns, Total: 201300 ns
[2021-05-18T08:07:37.913+0000][6][safepoint   ] Safepoint "Cleanup", Time since last: 2000241100 ns, Reaching safepoint: 128600 ns, At safepoint: 6700 ns, Total: 135300 ns
[2021-05-18T08:07:38.913+0000][6][safepoint   ] Safepoint "Cleanup", Time since last: 1000130800 ns, Reaching safepoint: 132500 ns, At safepoint: 6500 ns, Total: 139000 ns
[2021-05-18T08:07:40.914+0000][6][safepoint   ] Safepoint "Cleanup", Time since last: 2000391900 ns, Reaching safepoint: 153900 ns, At safepoint: 6700 ns, Total: 160600 ns
[2021-05-18T08:07:46.915+0000][6][safepoint   ] Safepoint "Cleanup", Time since last: 6000774300 ns, Reaching safepoint: 129500 ns, At safepoint: 6300 ns, Total: 135800 ns
[2021-05-18T08:07:47.915+0000][6][safepoint   ] Safepoint "Cleanup", Time since last: 1000191400 ns, Reaching safepoint: 132000 ns, At safepoint: 6800 ns, Total: 138800 ns
[2021-05-18T08:07:56.827+0000][6][safepoint   ] Safepoint "Cleanup", Time since last: 8911315500 ns, Reaching safepoint: 138500 ns, At safepoint: 6800 ns, Total: 145300 ns
[2021-05-18T08:07:58.827+0000][6][safepoint   ] Safepoint "Cleanup", Time since last: 2000303400 ns, Reaching safepoint: 137500 ns, At safepoint: 49200 ns, Total: 186700 ns
[2021-05-18T08:07:59.828+0000][6][safepoint   ] Safepoint "Cleanup", Time since last: 1000226200 ns, Reaching safepoint: 216000 ns, At safepoint: 20600 ns, Total: 236600 ns
[2021-05-18T08:08:01.521+0000][6][safepoint   ] Safepoint "Cleanup", Time since last: 1693235800 ns, Reaching safepoint: 143200 ns, At safepoint: 6700 ns, Total: 149900 ns
[2021-05-18T08:08:02.521+0000][6][safepoint   ] Safepoint "Cleanup", Time since last: 1000165300 ns, Reaching safepoint: 221100 ns, At safepoint: 7000 ns, Total: 228100 ns
[2021-05-18T08:08:08.522+0000][6][safepoint   ] Safepoint "Cleanup", Time since last: 6000777900 ns, Reaching safepoint: 138700 ns, At safepoint: 6600 ns, Total: 145300 ns
[2021-05-18T08:08:11.523+0000][6][safepoint   ] Safepoint "Cleanup", Time since last: 3000397400 ns, Reaching safepoint: 181600 ns, At safepoint: 9400 ns, Total: 191000 ns
[2021-05-18T08:08:16.524+0000][6][safepoint   ] Safepoint "Cleanup", Time since last: 5000579900 ns, Reaching safepoint: 203500 ns, At safepoint: 12400 ns, Total: 215900 ns
[2021-05-18T08:08:17.524+0000][6][safepoint   ] Safepoint "Cleanup", Time since last: 1000187000 ns, Reaching safepoint: 267900 ns, At safepoint: 17000 ns, Total: 284900 ns
[2021-05-18T08:08:19.525+0000][6][safepoint   ] Safepoint "Cleanup", Time since last: 2000312100 ns, Reaching safepoint: 364900 ns, At safepoint: 21500 ns, Total: 386400 ns
[2021-05-18T08:08:23.526+0000][6][safepoint   ] Safepoint "Cleanup", Time since last: 4000586200 ns, Reaching safepoint: 227800 ns, At safepoint: 11100 ns, Total: 238900 ns
[2021-05-18T08:08:24.526+0000][6][safepoint   ] Safepoint "Cleanup", Time since last: 1000195100 ns, Reaching safepoint: 290200 ns, At safepoint: 21300 ns, Total: 311500 ns
[2021-05-18T08:08:30.527+0000][6][safepoint   ] Safepoint "Cleanup", Time since last: 6000841700 ns, Reaching safepoint: 145900 ns, At safepoint: 6700 ns, Total: 152600 ns
[2021-05-18T08:08:31.528+0000][6][safepoint   ] Safepoint "Cleanup", Time since last: 1000162300 ns, Reaching safepoint: 171000 ns, At safepoint: 7500 ns, Total: 178500 ns
[2021-05-18T08:08:32.528+0000][6][safepoint   ] Safepoint "Cleanup", Time since last: 1000194300 ns, Reaching safepoint: 137400 ns, At safepoint: 6500 ns, Total: 143900 ns
[2021-05-18T08:08:34.528+0000][6][safepoint   ] Safepoint "Cleanup", Time since last: 2000294200 ns, Reaching safepoint: 141900 ns, At safepoint: 9600 ns, Total: 151500 ns
[2021-05-18T08:08:35.529+0000][6][safepoint   ] Safepoint "Cleanup", Time since last: 1000124900 ns, Reaching safepoint: 131000 ns, At safepoint: 6300 ns, Total: 137300 ns
[2021-05-18T08:08:38.529+0000][6][safepoint   ] Safepoint "Cleanup", Time since last: 3000335100 ns, Reaching safepoint: 186000 ns, At safepoint: 8600 ns, Total: 194600 ns
[2021-05-18T08:08:40.530+0000][6][safepoint   ] Safepoint "Cleanup", Time since last: 2000354700 ns, Reaching safepoint: 181700 ns, At safepoint: 6900 ns, Total: 188600 ns
[2021-05-18T08:08:41.530+0000][6][safepoint   ] Safepoint "Cleanup", Time since last: 1000213500 ns, Reaching safepoint: 135800 ns, At safepoint: 7100 ns, Total: 142900 ns
[2021-05-18T08:08:43.531+0000][6][safepoint   ] Safepoint "Cleanup", Time since last: 2000313000 ns, Reaching safepoint: 161500 ns, At safepoint: 6800 ns, Total: 168300 ns
[2021-05-18T08:08:46.531+0000][6][safepoint   ] Safepoint "Cleanup", Time since last: 3000509900 ns, Reaching safepoint: 126900 ns, At safepoint: 6700 ns, Total: 133600 ns
[2021-05-18T08:08:47.532+0000][6][safepoint   ] Safepoint "Cleanup", Time since last: 1000200000 ns, Reaching safepoint: 202600 ns, At safepoint: 7300 ns, Total: 209900 ns
[2021-05-18T08:08:48.532+0000][6][safepoint   ] Safepoint "Cleanup", Time since last: 1000155100 ns, Reaching safepoint: 123200 ns, At safepoint: 7000 ns, Total: 130200 ns
[2021-05-18T08:08:50.532+0000][6][safepoint   ] Safepoint "Cleanup", Time since last: 2000267100 ns, Reaching safepoint: 260800 ns, At safepoint: 8900 ns, Total: 269700 ns
[2021-05-18T08:08:51.533+0000][6][safepoint   ] Safepoint "Cleanup", Time since last: 1000206000 ns, Reaching safepoint: 156100 ns, At safepoint: 6900 ns, Total: 163000 ns
[2021-05-18T08:08:52.533+0000][6][safepoint   ] Safepoint "Cleanup", Time since last: 1000141800 ns, Reaching safepoint: 162000 ns, At safepoint: 18100 ns, Total: 180100 ns
[2021-05-18T08:08:58.534+0000][6][safepoint   ] Safepoint "Cleanup", Time since last: 6000775000 ns, Reaching safepoint: 179100 ns, At safepoint: 10700 ns, Total: 189800 ns
[2021-05-18T08:08:59.534+0000][6][safepoint   ] Safepoint "Cleanup", Time since last: 1000206200 ns, Reaching safepoint: 163800 ns, At safepoint: 7000 ns, Total: 170800 ns
[2021-05-18T08:09:00.535+0000][6][safepoint   ] Safepoint "Cleanup", Time since last: 1000201100 ns, Reaching safepoint: 101000 ns, At safepoint: 12400 ns, Total: 113400 ns
[2021-05-18T08:09:04.535+0000][6][safepoint   ] Safepoint "Cleanup", Time since last: 4000502600 ns, Reaching safepoint: 135700 ns, At safepoint: 7100 ns, Total: 142800 ns
[2021-05-18T08:09:07.536+0000][6][safepoint   ] Safepoint "Cleanup", Time since last: 3000363500 ns, Reaching safepoint: 136000 ns, At safepoint: 8500 ns, Total: 144500 ns
[2021-05-18T08:09:08.536+0000][6][safepoint   ] Safepoint "Cleanup", Time since last: 1000168600 ns, Reaching safepoint: 210500 ns, At safepoint: 9000 ns, Total: 219500 ns
[2021-05-18T08:09:10.856+0000][6][safepoint   ] Safepoint "Cleanup", Time since last: 2319518700 ns, Reaching safepoint: 148200 ns, At safepoint: 26600 ns, Total: 174800 ns
[2021-05-18T08:09:11.856+0000][6][safepoint   ] Safepoint "Cleanup", Time since last: 1000188900 ns, Reaching safepoint: 130400 ns, At safepoint: 6700 ns, Total: 137100 ns
[2021-05-18T08:09:12.857+0000][6][safepoint   ] Safepoint "Cleanup", Time since last: 1000199500 ns, Reaching safepoint: 136800 ns, At safepoint: 9900 ns, Total: 146700 ns
[2021-05-18T08:09:22.858+0000][6][safepoint   ] Safepoint "Cleanup", Time since last: 10001118900 ns, Reaching safepoint: 211100 ns, At safepoint: 10200 ns, Total: 221300 ns
[2021-05-18T08:09:24.859+0000][6][safepoint   ] Safepoint "Cleanup", Time since last: 2000599100 ns, Reaching safepoint: 236300 ns, At safepoint: 15200 ns, Total: 251500 ns
[2021-05-18T08:09:25.859+0000][6][safepoint   ] Safepoint "Cleanup", Time since last: 1000171700 ns, Reaching safepoint: 141200 ns, At safepoint: 7000 ns, Total: 148200 ns
[2021-05-18T08:09:26.860+0000][6][safepoint   ] Safepoint "Cleanup", Time since last: 1000164300 ns, Reaching safepoint: 299300 ns, At safepoint: 30800 ns, Total: 330100 ns
[2021-05-18T08:09:28.860+0000][6][safepoint   ] Safepoint "Cleanup", Time since last: 2000308300 ns, Reaching safepoint: 224900 ns, At safepoint: 16200 ns, Total: 241100 ns
[2021-05-18T08:09:30.861+0000][6][safepoint   ] Safepoint "Cleanup", Time since last: 2000310900 ns, Reaching safepoint: 158300 ns, At safepoint: 6600 ns, Total: 164900 ns
[2021-05-18T08:09:32.861+0000][6][safepoint   ] Safepoint "Cleanup", Time since last: 2000291800 ns, Reaching safepoint: 141600 ns, At safepoint: 6900 ns, Total: 148500 ns
[2021-05-18T08:09:34.862+0000][6][safepoint   ] Safepoint "Cleanup", Time since last: 2000278100 ns, Reaching safepoint: 145000 ns, At safepoint: 6800 ns, Total: 151800 ns
[2021-05-18T08:09:35.862+0000][6][safepoint   ] Safepoint "Cleanup", Time since last: 1000173200 ns, Reaching safepoint: 166300 ns, At safepoint: 11100 ns, Total: 177400 ns
[2021-05-18T08:09:38.863+0000][6][safepoint   ] Safepoint "Cleanup", Time since last: 3000469000 ns, Reaching safepoint: 164000 ns, At safepoint: 6800 ns, Total: 170800 ns
[2021-05-18T08:09:40.863+0000][6][safepoint   ] Safepoint "Cleanup", Time since last: 2000353000 ns, Reaching safepoint: 142800 ns, At safepoint: 7100 ns, Total: 149900 ns
[2021-05-18T08:09:41.882+0000][6][gc,start    ] GC(16) Pause Young (Normal) (G1 Evacuation Pause)
[2021-05-18T08:09:41.882+0000][6][gc,task     ] GC(16) Using 5 workers of 5 for evacuation
[2021-05-18T08:09:41.882+0000][6][gc,age      ] GC(16) Desired survivor size 73400320 bytes, new threshold 15 (max threshold 15)
[2021-05-18T08:09:41.893+0000][6][gc,age      ] GC(16) Age table with threshold 15 (max threshold 15)
[2021-05-18T08:09:41.893+0000][6][gc,age      ] GC(16) - age   1:    3663248 bytes,    3663248 total
[2021-05-18T08:09:41.893+0000][6][gc,age      ] GC(16) - age   2:    2015544 bytes,    5678792 total
[2021-05-18T08:09:41.893+0000][6][gc,age      ] GC(16) - age   3:    8501704 bytes,   14180496 total
[2021-05-18T08:09:41.893+0000][6][gc,phases   ] GC(16)   Pre Evacuate Collection Set: 0.3ms
[2021-05-18T08:09:41.893+0000][6][gc,phases   ] GC(16)   Merge Heap Roots: 0.2ms
[2021-05-18T08:09:41.893+0000][6][gc,phases   ] GC(16)   Evacuate Collection Set: 8.8ms
[2021-05-18T08:09:41.893+0000][6][gc,phases   ] GC(16)   Post Evacuate Collection Set: 1.6ms
[2021-05-18T08:09:41.893+0000][6][gc,phases   ] GC(16)   Other: 0.3ms
[2021-05-18T08:09:41.893+0000][6][gc,heap     ] GC(16) Eden regions: 274->0(594)
[2021-05-18T08:09:41.893+0000][6][gc,heap     ] GC(16) Survivor regions: 4->4(35)
[2021-05-18T08:09:41.893+0000][6][gc,heap     ] GC(16) Old regions: 23->23
[2021-05-18T08:09:41.893+0000][6][gc,heap     ] GC(16) Archive regions: 2->2
[2021-05-18T08:09:41.893+0000][6][gc,heap     ] GC(16) Humongous regions: 2->2
[2021-05-18T08:09:41.893+0000][6][gc,metaspace] GC(16) Metaspace: 111534K(113216K)->111534K(113216K) NonClass: 96838K(97792K)->96838K(97792K) Class: 14695K(15424K)->14695K(15424K)
[2021-05-18T08:09:41.893+0000][6][gc          ] GC(16) Pause Young (Normal) (G1 Evacuation Pause) 1211M->116M(3988M) 11.311ms
[2021-05-18T08:09:41.893+0000][6][gc,cpu      ] GC(16) User=0.04s Sys=0.01s Real=0.02s
[2021-05-18T08:09:41.893+0000][6][safepoint   ] Safepoint "G1CollectForAllocation", Time since last: 1018713200 ns, Reaching safepoint: 150000 ns, At safepoint: 11418300 ns, Total: 11568300 ns
[2021-05-18T08:09:43.894+0000][6][safepoint   ] Safepoint "Cleanup", Time since last: 2000305300 ns, Reaching safepoint: 200200 ns, At safepoint: 10800 ns, Total: 211000 ns
[2021-05-18T08:09:46.894+0000][6][safepoint   ] Safepoint "Cleanup", Time since last: 3000368200 ns, Reaching safepoint: 160800 ns, At safepoint: 9600 ns, Total: 170400 ns
[2021-05-18T08:09:47.895+0000][6][safepoint   ] Safepoint "Cleanup", Time since last: 1000156800 ns, Reaching safepoint: 179600 ns, At safepoint: 11300 ns, Total: 190900 ns
[2021-05-18T08:09:48.895+0000][6][safepoint   ] Safepoint "Cleanup", Time since last: 1000149600 ns, Reaching safepoint: 154800 ns, At safepoint: 9800 ns, Total: 164600 ns
[2021-05-18T08:09:49.896+0000][6][safepoint   ] Safepoint "Cleanup", Time since last: 1000129900 ns, Reaching safepoint: 321400 ns, At safepoint: 30700 ns, Total: 352100 ns
[2021-05-18T08:09:50.896+0000][6][safepoint   ] Safepoint "Cleanup", Time since last: 1000148000 ns, Reaching safepoint: 180000 ns, At safepoint: 8300 ns, Total: 188300 ns
[2021-05-18T08:09:58.897+0000][6][safepoint   ] Safepoint "Cleanup", Time since last: 8001122400 ns, Reaching safepoint: 194500 ns, At safepoint: 11100 ns, Total: 205600 ns
[2021-05-18T08:09:59.898+0000][6][safepoint   ] Safepoint "Cleanup", Time since last: 1000140000 ns, Reaching safepoint: 145400 ns, At safepoint: 7200 ns, Total: 152600 ns
[2021-05-18T08:10:00.898+0000][6][safepoint   ] Safepoint "Cleanup", Time since last: 1000156800 ns, Reaching safepoint: 221800 ns, At safepoint: 10000 ns, Total: 231800 ns
[2021-05-18T08:10:02.898+0000][6][safepoint   ] Safepoint "Cleanup", Time since last: 2000308300 ns, Reaching safepoint: 139400 ns, At safepoint: 6800 ns, Total: 146200 ns
[2021-05-18T08:10:03.899+0000][6][safepoint   ] Safepoint "Cleanup", Time since last: 1000133600 ns, Reaching safepoint: 164700 ns, At safepoint: 8900 ns, Total: 173600 ns
[2021-05-18T08:10:10.900+0000][6][safepoint   ] Safepoint "Cleanup", Time since last: 7000815500 ns, Reaching safepoint: 162900 ns, At safepoint: 9200 ns, Total: 172100 ns
[2021-05-18T08:10:11.900+0000][6][safepoint   ] Safepoint "Cleanup", Time since last: 1000159900 ns, Reaching safepoint: 135100 ns, At safepoint: 7200 ns, Total: 142300 ns
[2021-05-18T08:10:13.900+0000][6][safepoint   ] Safepoint "Cleanup", Time since last: 2000261300 ns, Reaching safepoint: 133400 ns, At safepoint: 6700 ns, Total: 140100 ns
[2021-05-18T08:10:18.901+0000][6][safepoint   ] Safepoint "Cleanup", Time since last: 5000621900 ns, Reaching safepoint: 215300 ns, At safepoint: 11600 ns, Total: 226900 ns
[2021-05-18T08:10:19.902+0000][6][safepoint   ] Safepoint "Cleanup", Time since last: 1000209800 ns, Reaching safepoint: 213300 ns, At safepoint: 12600 ns, Total: 225900 ns
[2021-05-18T08:10:22.906+0000][6][safepoint   ] Safepoint "Cleanup", Time since last: 3003940000 ns, Reaching safepoint: 120100 ns, At safepoint: 11600 ns, Total: 131700 ns
[2021-05-18T08:10:23.906+0000][6][safepoint   ] Safepoint "Cleanup", Time since last: 1000170100 ns, Reaching safepoint: 212900 ns, At safepoint: 11500 ns, Total: 224400 ns
[2021-05-18T08:10:25.907+0000][6][safepoint   ] Safepoint "Cleanup", Time since last: 2000287700 ns, Reaching safepoint: 182400 ns, At safepoint: 15600 ns, Total: 198000 ns
[2021-05-18T08:10:28.907+0000][6][safepoint   ] Safepoint "Cleanup", Time since last: 3000391500 ns, Reaching safepoint: 128000 ns, At safepoint: 6700 ns, Total: 134700 ns
[2021-05-18T08:10:31.908+0000][6][safepoint   ] Safepoint "Cleanup", Time since last: 3000462000 ns, Reaching safepoint: 158500 ns, At safepoint: 7300 ns, Total: 165800 ns
[2021-05-18T08:10:33.908+0000][6][safepoint   ] Safepoint "Cleanup", Time since last: 2000266100 ns, Reaching safepoint: 141800 ns, At safepoint: 7000 ns, Total: 148800 ns
[2021-05-18T08:10:34.909+0000][6][safepoint   ] Safepoint "Cleanup", Time since last: 1000173700 ns, Reaching safepoint: 187900 ns, At safepoint: 10000 ns, Total: 197900 ns
[2021-05-18T08:10:35.909+0000][6][safepoint   ] Safepoint "Cleanup", Time since last: 1000141200 ns, Reaching safepoint: 155000 ns, At safepoint: 7400 ns, Total: 162400 ns
[2021-05-18T08:10:40.910+0000][6][safepoint   ] Safepoint "Cleanup", Time since last: 5000685500 ns, Reaching safepoint: 189600 ns, At safepoint: 9900 ns, Total: 199500 ns
[2021-05-18T08:10:43.910+0000][6][safepoint   ] Safepoint "Cleanup", Time since last: 3000442500 ns, Reaching safepoint: 160500 ns, At safepoint: 6900 ns, Total: 167400 ns
[2021-05-18T08:10:46.911+0000][6][safepoint   ] Safepoint "Cleanup", Time since last: 3000454900 ns, Reaching safepoint: 175300 ns, At safepoint: 50400 ns, Total: 225700 ns
[2021-05-18T08:10:47.911+0000][6][safepoint   ] Safepoint "Cleanup", Time since last: 1000151100 ns, Reaching safepoint: 166000 ns, At safepoint: 7600 ns, Total: 173600 ns
[2021-05-18T08:10:50.912+0000][6][safepoint   ] Safepoint "Cleanup", Time since last: 3000403800 ns, Reaching safepoint: 204900 ns, At safepoint: 10400 ns, Total: 215300 ns
[2021-05-18T08:10:51.912+0000][6][safepoint   ] Safepoint "Cleanup", Time since last: 1000146600 ns, Reaching safepoint: 147700 ns, At safepoint: 7400 ns, Total: 155100 ns
[2021-05-18T08:10:52.913+0000][6][safepoint   ] Safepoint "Cleanup", Time since last: 1000145000 ns, Reaching safepoint: 145800 ns, At safepoint: 6600 ns, Total: 152400 ns
[2021-05-18T08:10:58.913+0000][6][safepoint   ] Safepoint "Cleanup", Time since last: 6000651300 ns, Reaching safepoint: 128900 ns, At safepoint: 7200 ns, Total: 136100 ns
[2021-05-18T08:11:00.914+0000][6][safepoint   ] Safepoint "Cleanup", Time since last: 2000251100 ns, Reaching safepoint: 94500 ns, At safepoint: 6500 ns, Total: 101000 ns
[2021-05-18T08:11:01.914+0000][6][safepoint   ] Safepoint "Cleanup", Time since last: 1000167100 ns, Reaching safepoint: 197800 ns, At safepoint: 8400 ns, Total: 206200 ns
[2021-05-18T08:11:02.914+0000][6][safepoint   ] Safepoint "Cleanup", Time since last: 1000131400 ns, Reaching safepoint: 161400 ns, At safepoint: 7500 ns, Total: 168900 ns
[2021-05-18T08:11:05.915+0000][6][safepoint   ] Safepoint "Cleanup", Time since last: 3000393900 ns, Reaching safepoint: 130500 ns, At safepoint: 6600 ns, Total: 137100 ns
[2021-05-18T08:11:10.916+0000][6][safepoint   ] Safepoint "Cleanup", Time since last: 5000606500 ns, Reaching safepoint: 180300 ns, At safepoint: 8100 ns, Total: 188400 ns
[2021-05-18T08:11:11.916+0000][6][safepoint   ] Safepoint "Cleanup", Time since last: 1000201800 ns, Reaching safepoint: 160300 ns, At safepoint: 6800 ns, Total: 167100 ns
[2021-05-18T08:11:13.917+0000][6][safepoint   ] Safepoint "Cleanup", Time since last: 2000306400 ns, Reaching safepoint: 160000 ns, At safepoint: 7100 ns, Total: 167100 ns
[2021-05-18T08:11:15.917+0000][6][safepoint   ] Safepoint "Cleanup", Time since last: 2000358500 ns, Reaching safepoint: 203400 ns, At safepoint: 8800 ns, Total: 212200 ns
[2021-05-18T08:11:16.917+0000][6][safepoint   ] Safepoint "Cleanup", Time since last: 1000111800 ns, Reaching safepoint: 161100 ns, At safepoint: 15600 ns, Total: 176700 ns
[2021-05-18T08:11:23.919+0000][6][safepoint   ] Safepoint "Cleanup", Time since last: 7000910800 ns, Reaching safepoint: 238300 ns, At safepoint: 12000 ns, Total: 250300 ns
[2021-05-18T08:11:24.919+0000][6][safepoint   ] Safepoint "Cleanup", Time since last: 1000193200 ns, Reaching safepoint: 204600 ns, At safepoint: 13700 ns, Total: 218300 ns
[2021-05-18T08:11:26.584+0000][6][safepoint   ] Safepoint "Cleanup", Time since last: 1665084000 ns, Reaching safepoint: 205200 ns, At safepoint: 10400 ns, Total: 215600 ns
[2021-05-18T08:11:28.585+0000][6][safepoint   ] Safepoint "Cleanup", Time since last: 2000382200 ns, Reaching safepoint: 156400 ns, At safepoint: 6400 ns, Total: 162800 ns
[2021-05-18T08:11:32.586+0000][6][safepoint   ] Safepoint "Cleanup", Time since last: 4000593800 ns, Reaching safepoint: 157600 ns, At safepoint: 6800 ns, Total: 164400 ns
[2021-05-18T08:11:34.586+0000][6][safepoint   ] Safepoint "Cleanup", Time since last: 2000278900 ns, Reaching safepoint: 295300 ns, At safepoint: 41300 ns, Total: 336600 ns
[2021-05-18T08:11:35.586+0000][6][safepoint   ] Safepoint "Cleanup", Time since last: 1000155900 ns, Reaching safepoint: 154100 ns, At safepoint: 7400 ns, Total: 161500 ns
[2021-05-18T08:11:37.587+0000][6][safepoint   ] Safepoint "Cleanup", Time since last: 2000296600 ns, Reaching safepoint: 165300 ns, At safepoint: 27400 ns, Total: 192700 ns
[2021-05-18T08:11:40.588+0000][6][safepoint   ] Safepoint "Cleanup", Time since last: 3000382800 ns, Reaching safepoint: 167800 ns, At safepoint: 7400 ns, Total: 175200 ns
[2021-05-18T08:11:41.588+0000][6][safepoint   ] Safepoint "Cleanup", Time since last: 1000154000 ns, Reaching safepoint: 181800 ns, At safepoint: 10800 ns, Total: 192600 ns
[2021-05-18T08:11:47.589+0000][6][safepoint   ] Safepoint "Cleanup", Time since last: 6000931500 ns, Reaching safepoint: 152400 ns, At safepoint: 10200 ns, Total: 162600 ns
[2021-05-18T08:11:55.590+0000][6][safepoint   ] Safepoint "Cleanup", Time since last: 8000987700 ns, Reaching safepoint: 167300 ns, At safepoint: 6500 ns, Total: 173800 ns
[2021-05-18T08:11:59.591+0000][6][safepoint   ] Safepoint "Cleanup", Time since last: 4000440400 ns, Reaching safepoint: 129000 ns, At safepoint: 6900 ns, Total: 135900 ns
[2021-05-18T08:12:01.591+0000][6][safepoint   ] Safepoint "Cleanup", Time since last: 2000277400 ns, Reaching safepoint: 123500 ns, At safepoint: 55600 ns, Total: 179100 ns
[2021-05-18T08:12:02.592+0000][6][safepoint   ] Safepoint "Cleanup", Time since last: 1000182800 ns, Reaching safepoint: 147100 ns, At safepoint: 6800 ns, Total: 153900 ns
[2021-05-18T08:12:07.592+0000][6][safepoint   ] Safepoint "Cleanup", Time since last: 5000619300 ns, Reaching safepoint: 133400 ns, At safepoint: 6600 ns, Total: 140000 ns
[2021-05-18T08:12:10.593+0000][6][safepoint   ] Safepoint "Cleanup", Time since last: 3000409500 ns, Reaching safepoint: 133800 ns, At safepoint: 40300 ns, Total: 174100 ns
[2021-05-18T08:12:11.593+0000][6][safepoint   ] Safepoint "Cleanup", Time since last: 1000149300 ns, Reaching safepoint: 106500 ns, At safepoint: 12200 ns, Total: 118700 ns
[2021-05-18T08:12:12.593+0000][6][safepoint   ] Safepoint "Cleanup", Time since last: 1000170300 ns, Reaching safepoint: 131500 ns, At safepoint: 6700 ns, Total: 138200 ns
[2021-05-18T08:12:13.594+0000][6][safepoint   ] Safepoint "Cleanup", Time since last: 1000160900 ns, Reaching safepoint: 143000 ns, At safepoint: 6700 ns, Total: 149700 ns
[2021-05-18T08:12:20.596+0000][6][safepoint   ] Safepoint "Cleanup", Time since last: 7001602200 ns, Reaching safepoint: 233700 ns, At safepoint: 13800 ns, Total: 247500 ns
[2021-05-18T08:12:21.596+0000][6][safepoint   ] Safepoint "Cleanup", Time since last: 1000165300 ns, Reaching safepoint: 216900 ns, At safepoint: 14500 ns, Total: 231400 ns
[2021-05-18T08:12:22.596+0000][6][safepoint   ] Safepoint "Cleanup", Time since last: 1000160200 ns, Reaching safepoint: 202200 ns, At safepoint: 10100 ns, Total: 212300 ns
[2021-05-18T08:12:23.597+0000][6][safepoint   ] Safepoint "Cleanup", Time since last: 1000172600 ns, Reaching safepoint: 203600 ns, At safepoint: 45100 ns, Total: 248700 ns
[2021-05-18T08:12:25.597+0000][6][safepoint   ] Safepoint "Cleanup", Time since last: 2000323400 ns, Reaching safepoint: 195000 ns, At safepoint: 11500 ns, Total: 206500 ns
[2021-05-18T08:12:26.598+0000][6][safepoint   ] Safepoint "Cleanup", Time since last: 1000291600 ns, Reaching safepoint: 216300 ns, At safepoint: 25300 ns, Total: 241600 ns
[2021-05-18T08:12:28.600+0000][6][safepoint   ] Safepoint "Cleanup", Time since last: 2002180100 ns, Reaching safepoint: 255100 ns, At safepoint: 11100 ns, Total: 266200 ns
[2021-05-18T08:12:31.601+0000][6][safepoint   ] Safepoint "Cleanup", Time since last: 3000381600 ns, Reaching safepoint: 145200 ns, At safepoint: 6700 ns, Total: 151900 ns
[2021-05-18T08:12:35.601+0000][6][safepoint   ] Safepoint "Cleanup", Time since last: 4000519800 ns, Reaching safepoint: 153000 ns, At safepoint: 6400 ns, Total: 159400 ns
[2021-05-18T08:12:46.603+0000][6][safepoint   ] Safepoint "Cleanup", Time since last: 11001307000 ns, Reaching safepoint: 197000 ns, At safepoint: 42200 ns, Total: 239200 ns
[2021-05-18T08:12:47.603+0000][6][safepoint   ] Safepoint "Cleanup", Time since last: 1000135000 ns, Reaching safepoint: 132200 ns, At safepoint: 6700 ns, Total: 138900 ns
[2021-05-18T08:12:59.605+0000][6][safepoint   ] Safepoint "Cleanup", Time since last: 12001377900 ns, Reaching safepoint: 147000 ns, At safepoint: 7400 ns, Total: 154400 ns
[2021-05-18T08:13:00.605+0000][6][safepoint   ] Safepoint "Cleanup", Time since last: 1000150800 ns, Reaching safepoint: 133800 ns, At safepoint: 6700 ns, Total: 140500 ns
[2021-05-18T08:13:07.606+0000][6][safepoint   ] Safepoint "Cleanup", Time since last: 7000828100 ns, Reaching safepoint: 130900 ns, At safepoint: 21100 ns, Total: 152000 ns
[2021-05-18T08:13:11.607+0000][6][safepoint   ] Safepoint "Cleanup", Time since last: 4000469800 ns, Reaching safepoint: 182000 ns, At safepoint: 8800 ns, Total: 190800 ns
[2021-05-18T08:13:18.608+0000][6][safepoint   ] Safepoint "Cleanup", Time since last: 7000841500 ns, Reaching safepoint: 151100 ns, At safepoint: 7300 ns, Total: 158400 ns
[2021-05-18T08:13:22.608+0000][6][safepoint   ] Safepoint "Cleanup", Time since last: 4000514800 ns, Reaching safepoint: 129600 ns, At safepoint: 11400 ns, Total: 141000 ns
[2021-05-18T08:13:23.609+0000][6][safepoint   ] Safepoint "Cleanup", Time since last: 1000165800 ns, Reaching safepoint: 163200 ns, At safepoint: 12800 ns, Total: 176000 ns
[2021-05-18T08:13:31.610+0000][6][safepoint   ] Safepoint "Cleanup", Time since last: 8000914300 ns, Reaching safepoint: 160600 ns, At safepoint: 6900 ns, Total: 167500 ns
[2021-05-18T08:13:33.610+0000][6][safepoint   ] Safepoint "Cleanup", Time since last: 2000271100 ns, Reaching safepoint: 153700 ns, At safepoint: 7600 ns, Total: 161300 ns
[2021-05-18T08:13:34.611+0000][6][safepoint   ] Safepoint "Cleanup", Time since last: 1000170400 ns, Reaching safepoint: 136400 ns, At safepoint: 6700 ns, Total: 143100 ns
[2021-05-18T08:13:37.611+0000][6][safepoint   ] Safepoint "Cleanup", Time since last: 3000377800 ns, Reaching safepoint: 179400 ns, At safepoint: 8000 ns, Total: 187400 ns
[2021-05-18T08:13:38.611+0000][6][safepoint   ] Safepoint "Cleanup", Time since last: 1000165000 ns, Reaching safepoint: 127500 ns, At safepoint: 10300 ns, Total: 137800 ns
[2021-05-18T08:13:39.612+0000][6][safepoint   ] Safepoint "Cleanup", Time since last: 1000157900 ns, Reaching safepoint: 206500 ns, At safepoint: 10100 ns, Total: 216600 ns
[2021-05-18T08:13:40.612+0000][6][safepoint   ] Safepoint "Cleanup", Time since last: 1000172000 ns, Reaching safepoint: 200500 ns, At safepoint: 8100 ns, Total: 208600 ns
[2021-05-18T08:13:49.613+0000][6][safepoint   ] Safepoint "Cleanup", Time since last: 9001021000 ns, Reaching safepoint: 189700 ns, At safepoint: 11500 ns, Total: 201200 ns
[2021-05-18T08:13:50.614+0000][6][safepoint   ] Safepoint "Cleanup", Time since last: 1000149700 ns, Reaching safepoint: 213800 ns, At safepoint: 13100 ns, Total: 226900 ns
[2021-05-18T08:13:58.615+0000][6][safepoint   ] Safepoint "Cleanup", Time since last: 8000900400 ns, Reaching safepoint: 136900 ns, At safepoint: 7200 ns, Total: 144100 ns
[2021-05-18T08:14:00.615+0000][6][safepoint   ] Safepoint "Cleanup", Time since last: 2000256200 ns, Reaching safepoint: 182200 ns, At safepoint: 9500 ns, Total: 191700 ns
[2021-05-18T08:14:02.616+0000][6][safepoint   ] Safepoint "Cleanup", Time since last: 2000262500 ns, Reaching safepoint: 133700 ns, At safepoint: 6900 ns, Total: 140600 ns
[2021-05-18T08:14:03.616+0000][6][safepoint   ] Safepoint "Cleanup", Time since last: 1000173800 ns, Reaching safepoint: 196600 ns, At safepoint: 14600 ns, Total: 211200 ns
[2021-05-18T08:14:13.617+0000][6][safepoint   ] Safepoint "Cleanup", Time since last: 10001090100 ns, Reaching safepoint: 147300 ns, At safepoint: 7300 ns, Total: 154600 ns
[2021-05-18T08:14:14.618+0000][6][safepoint   ] Safepoint "Cleanup", Time since last: 1000141000 ns, Reaching safepoint: 169200 ns, At safepoint: 8800 ns, Total: 178000 ns
[2021-05-18T08:14:26.620+0000][6][safepoint   ] Safepoint "Cleanup", Time since last: 12001658100 ns, Reaching safepoint: 230800 ns, At safepoint: 10200 ns, Total: 241000 ns
[2021-05-18T08:14:27.620+0000][6][safepoint   ] Safepoint "Cleanup", Time since last: 1000151400 ns, Reaching safepoint: 189900 ns, At safepoint: 13100 ns, Total: 203000 ns
[2021-05-18T08:14:28.620+0000][6][safepoint   ] Safepoint "Cleanup", Time since last: 1000148400 ns, Reaching safepoint: 188200 ns, At safepoint: 8800 ns, Total: 197000 ns
[2021-05-18T08:14:29.621+0000][6][safepoint   ] Safepoint "Cleanup", Time since last: 1000159900 ns, Reaching safepoint: 321900 ns, At safepoint: 12000 ns, Total: 333900 ns
[2021-05-18T08:14:30.621+0000][6][safepoint   ] Safepoint "Cleanup", Time since last: 1000209400 ns, Reaching safepoint: 130500 ns, At safepoint: 17400 ns, Total: 147900 ns
[2021-05-18T08:14:31.621+0000][6][safepoint   ] Safepoint "Cleanup", Time since last: 1000155500 ns, Reaching safepoint: 161200 ns, At safepoint: 8200 ns, Total: 169400 ns
[2021-05-18T08:14:37.622+0000][6][safepoint   ] Safepoint "Cleanup", Time since last: 6000663500 ns, Reaching safepoint: 155900 ns, At safepoint: 6800 ns, Total: 162700 ns
[2021-05-18T08:14:38.623+0000][6][safepoint   ] Safepoint "Cleanup", Time since last: 1000150200 ns, Reaching safepoint: 146800 ns, At safepoint: 8400 ns, Total: 155200 ns
[2021-05-18T08:14:39.623+0000][6][safepoint   ] Safepoint "Cleanup", Time since last: 1000187900 ns, Reaching safepoint: 140100 ns, At safepoint: 7200 ns, Total: 147300 ns
[2021-05-18T08:14:40.623+0000][6][safepoint   ] Safepoint "Cleanup", Time since last: 1000155800 ns, Reaching safepoint: 186000 ns, At safepoint: 6500 ns, Total: 192500 ns
[2021-05-18T08:14:41.624+0000][6][safepoint   ] Safepoint "Cleanup", Time since last: 1000223200 ns, Reaching safepoint: 153100 ns, At safepoint: 6300 ns, Total: 159400 ns
[2021-05-18T08:14:50.625+0000][6][safepoint   ] Safepoint "Cleanup", Time since last: 9001205500 ns, Reaching safepoint: 141900 ns, At safepoint: 15900 ns, Total: 157800 ns
[2021-05-18T08:14:51.625+0000][6][safepoint   ] Safepoint "Cleanup", Time since last: 1000192600 ns, Reaching safepoint: 175900 ns, At safepoint: 6900 ns, Total: 182800 ns
[2021-05-18T08:14:52.626+0000][6][safepoint   ] Safepoint "Cleanup", Time since last: 1000152000 ns, Reaching safepoint: 141600 ns, At safepoint: 6800 ns, Total: 148400 ns
[2021-05-18T08:14:53.626+0000][6][safepoint   ] Safepoint "Cleanup", Time since last: 1000186200 ns, Reaching safepoint: 190500 ns, At safepoint: 6800 ns, Total: 197300 ns
[2021-05-18T08:14:58.627+0000][6][safepoint   ] Safepoint "Cleanup", Time since last: 5000668000 ns, Reaching safepoint: 179000 ns, At safepoint: 10900 ns, Total: 189900 ns
[2021-05-18T08:15:00.627+0000][6][safepoint   ] Safepoint "Cleanup", Time since last: 2000342300 ns, Reaching safepoint: 163400 ns, At safepoint: 6800 ns, Total: 170200 ns
[2021-05-18T08:15:01.628+0000][6][safepoint   ] Safepoint "Cleanup", Time since last: 1000177400 ns, Reaching safepoint: 143400 ns, At safepoint: 27600 ns, Total: 171000 ns
[2021-05-18T08:15:02.628+0000][6][safepoint   ] Safepoint "Cleanup", Time since last: 1000142600 ns, Reaching safepoint: 137700 ns, At safepoint: 7100 ns, Total: 144800 ns
[2021-05-18T08:15:03.628+0000][6][safepoint   ] Safepoint "Cleanup", Time since last: 1000189500 ns, Reaching safepoint: 188800 ns, At safepoint: 17400 ns, Total: 206200 ns
[2021-05-18T08:15:08.629+0000][6][safepoint   ] Safepoint "Cleanup", Time since last: 5000668100 ns, Reaching safepoint: 176400 ns, At safepoint: 7000 ns, Total: 183400 ns
[2021-05-18T08:15:14.630+0000][6][safepoint   ] Safepoint "Cleanup", Time since last: 6000735300 ns, Reaching safepoint: 199900 ns, At safepoint: 8000 ns, Total: 207900 ns
[2021-05-18T08:15:26.632+0000][6][safepoint   ] Safepoint "Cleanup", Time since last: 12001516700 ns, Reaching safepoint: 204800 ns, At safepoint: 12200 ns, Total: 217000 ns
[2021-05-18T08:15:31.634+0000][6][safepoint   ] Safepoint "Cleanup", Time since last: 5001541400 ns, Reaching safepoint: 143100 ns, At safepoint: 6800 ns, Total: 149900 ns
[2021-05-18T08:15:36.635+0000][6][safepoint   ] Safepoint "Cleanup", Time since last: 5001087200 ns, Reaching safepoint: 215900 ns, At safepoint: 11200 ns, Total: 227100 ns
[2021-05-18T08:15:37.636+0000][6][safepoint   ] Safepoint "Cleanup", Time since last: 1000486800 ns, Reaching safepoint: 284400 ns, At safepoint: 31000 ns, Total: 315400 ns
[2021-05-18T08:15:40.637+0000][6][safepoint   ] Safepoint "Cleanup", Time since last: 3000595000 ns, Reaching safepoint: 133000 ns, At safepoint: 6800 ns, Total: 139800 ns
